ARM Linker, 5.03 [Build 76] [MDK-ARM Lite]

==============================================================================

Section Cross References

    hw_config.o(i.Enter_LowPowerMode) refers to usb_pwr.o(.data) for bDeviceState
    hw_config.o(i.Get_SerialNum) refers to hw_config.o(i.IntToUnicode) for IntToUnicode
    hw_config.o(i.Get_SerialNum) refers to usb_desc.o(.data) for Virtual_Com_Port_StringSerial
    hw_config.o(i.Handle_USBAsynchXfer) refers to usb_mem.o(i.UserToPMABufferCopy) for UserToPMABufferCopy
    hw_config.o(i.Handle_USBAsynchXfer) refers to usb_regs.o(i.SetEPTxCount) for SetEPTxCount
    hw_config.o(i.Handle_USBAsynchXfer) refers to usb_regs.o(i.SetEPTxValid) for SetEPTxValid
    hw_config.o(i.Handle_USBAsynchXfer) refers to hw_config.o(.data) for .data
    hw_config.o(i.Handle_USBAsynchXfer) refers to hw_config.o(.bss) for .bss
    hw_config.o(i.Leave_LowPowerMode) refers to system_stm32f30x.o(i.SystemInit) for SystemInit
    hw_config.o(i.Leave_LowPowerMode) refers to usb_init.o(.bss) for Device_Info
    hw_config.o(i.Leave_LowPowerMode) refers to usb_pwr.o(.data) for bDeviceState
    hw_config.o(i.Set_System) refers to stm32f30x_rcc.o(i.RCC_APB2PeriphClockCmd) for RCC_APB2PeriphClockCmd
    hw_config.o(i.Set_System) refers to stm32f30x_rcc.o(i.RCC_AHBPeriphClockCmd) for RCC_AHBPeriphClockCmd
    hw_config.o(i.Set_System) refers to stm32f30x_gpio.o(i.GPIO_Init) for GPIO_Init
    hw_config.o(i.Set_System) refers to stm32f30x_gpio.o(i.GPIO_PinAFConfig) for GPIO_PinAFConfig
    hw_config.o(i.Set_System) refers to stm32f30x_exti.o(i.EXTI_ClearITPendingBit) for EXTI_ClearITPendingBit
    hw_config.o(i.Set_System) refers to stm32f30x_exti.o(i.EXTI_Init) for EXTI_Init
    hw_config.o(i.Set_System) refers to hw_config.o(.data) for .data
    hw_config.o(i.Set_USBClock) refers to stm32f30x_rcc.o(i.RCC_USBCLKConfig) for RCC_USBCLKConfig
    hw_config.o(i.Set_USBClock) refers to stm32f30x_rcc.o(i.RCC_APB1PeriphClockCmd) for RCC_APB1PeriphClockCmd
    hw_config.o(i.USART_Config) refers to hw_config.o(i.USART_Config_Default) for USART_Config_Default
    hw_config.o(i.USART_Config) refers to stm32303c_eval.o(i.STM_EVAL_COMInit) for STM_EVAL_COMInit
    hw_config.o(i.USART_Config) refers to usb_prop.o(.data) for linecoding
    hw_config.o(i.USART_Config) refers to hw_config.o(.bss) for .bss
    hw_config.o(i.USART_Config_Default) refers to stm32303c_eval.o(i.STM_EVAL_COMInit) for STM_EVAL_COMInit
    hw_config.o(i.USART_Config_Default) refers to stm32f30x_usart.o(i.USART_ITConfig) for USART_ITConfig
    hw_config.o(i.USART_Config_Default) refers to hw_config.o(.bss) for .bss
    hw_config.o(i.USART_To_USB_Send_Data) refers to stm32f30x_usart.o(i.USART_ReceiveData) for USART_ReceiveData
    hw_config.o(i.USART_To_USB_Send_Data) refers to usb_prop.o(.data) for linecoding
    hw_config.o(i.USART_To_USB_Send_Data) refers to hw_config.o(.bss) for .bss
    hw_config.o(i.USART_To_USB_Send_Data) refers to hw_config.o(.data) for .data
    hw_config.o(i.USB_Cable_Config) refers to stm32f30x_gpio.o(i.GPIO_ResetBits) for GPIO_ResetBits
    hw_config.o(i.USB_Cable_Config) refers to stm32f30x_gpio.o(i.GPIO_SetBits) for GPIO_SetBits
    hw_config.o(i.USB_Interrupts_Config) refers to stm32f30x_misc.o(i.NVIC_PriorityGroupConfig) for NVIC_PriorityGroupConfig
    hw_config.o(i.USB_Interrupts_Config) refers to stm32f30x_misc.o(i.NVIC_Init) for NVIC_Init
    hw_config.o(i.USB_To_USART_Send_Data) refers to stm32f30x_usart.o(i.USART_SendData) for USART_SendData
    hw_config.o(i.USB_To_USART_Send_Data) refers to stm32f30x_usart.o(i.USART_GetFlagStatus) for USART_GetFlagStatus
    main.o(i.main) refers to hw_config.o(i.Set_System) for Set_System
    main.o(i.main) refers to hw_config.o(i.Set_USBClock) for Set_USBClock
    main.o(i.main) refers to hw_config.o(i.USB_Interrupts_Config) for USB_Interrupts_Config
    main.o(i.main) refers to usb_init.o(i.USB_Init) for USB_Init
    main.o(i.main) refers to f2d.o(.text) for __aeabi_f2d
    main.o(i.main) refers to printfa.o(i.__0sprintf) for __2sprintf
    main.o(i.main) refers to usb_mem.o(i.UserToPMABufferCopy) for UserToPMABufferCopy
    main.o(i.main) refers to usb_regs.o(i.SetEPTxCount) for SetEPTxCount
    main.o(i.main) refers to usb_regs.o(i.SetEPTxValid) for SetEPTxValid
    main.o(i.main) refers to main.o(.bss) for .bss
    usb_endp.o(i.EP1_IN_Callback) refers to usb_mem.o(i.UserToPMABufferCopy) for UserToPMABufferCopy
    usb_endp.o(i.EP1_IN_Callback) refers to usb_regs.o(i.SetEPTxCount) for SetEPTxCount
    usb_endp.o(i.EP1_IN_Callback) refers to usb_regs.o(i.SetEPTxValid) for SetEPTxValid
    usb_endp.o(i.EP1_IN_Callback) refers to hw_config.o(.data) for USB_Tx_State
    usb_endp.o(i.EP1_IN_Callback) refers to hw_config.o(.bss) for USART_Rx_Buffer
    usb_endp.o(i.EP3_OUT_Callback) refers to usb_sil.o(i.USB_SIL_Read) for USB_SIL_Read
    usb_endp.o(i.EP3_OUT_Callback) refers to hw_config.o(i.USB_To_USART_Send_Data) for USB_To_USART_Send_Data
[...]
    Removing stm32f30x_tim.o(i.TIM_SetIC4Prescaler), (26 bytes).
    Removing stm32f30x_tim.o(i.TIM_TIxExternalClockConfig), (46 bytes).
    Removing stm32f30x_tim.o(i.TIM_TimeBaseInit), (144 bytes).
    Removing stm32f30x_tim.o(i.TIM_TimeBaseStructInit), (18 bytes).
    Removing stm32f30x_tim.o(i.TIM_UIFRemap), (20 bytes).
    Removing stm32f30x_tim.o(i.TIM_UpdateDisableConfig), (20 bytes).
    Removing stm32f30x_tim.o(i.TIM_UpdateRequestConfig), (20 bytes).
    Removing stm32f30x_usart.o(.rev16_text), (4 bytes).
    Removing stm32f30x_usart.o(.revsh_text), (4 bytes).
    Removing stm32f30x_usart.o(i.USART_AddressDetectionConfig), (16 bytes).
    Removing stm32f30x_usart.o(i.USART_AutoBaudRateCmd), (20 bytes).
    Removing stm32f30x_usart.o(i.USART_AutoBaudRateConfig), (16 bytes).
    Removing stm32f30x_usart.o(i.USART_ClearFlag), (4 bytes).
    Removing stm32f30x_usart.o(i.USART_ClearITPendingBit), (10 bytes).
    Removing stm32f30x_usart.o(i.USART_ClockInit), (28 bytes).
    Removing stm32f30x_usart.o(i.USART_ClockStructInit), (12 bytes).
    Removing stm32f30x_usart.o(i.USART_DECmd), (20 bytes).
    Removing stm32f30x_usart.o(i.USART_DEPolarityConfig), (16 bytes).
    Removing stm32f30x_usart.o(i.USART_DMACmd), (16 bytes).
    Removing stm32f30x_usart.o(i.USART_DMAReceptionErrorConfig), (16 bytes).
    Removing stm32f30x_usart.o(i.USART_DataInvCmd), (20 bytes).
    Removing stm32f30x_usart.o(i.USART_DeInit), (116 bytes).
    Removing stm32f30x_usart.o(i.USART_DirectionModeCmd), (16 bytes).
    Removing stm32f30x_usart.o(i.USART_HalfDuplexCmd), (20 bytes).
    Removing stm32f30x_usart.o(i.USART_InvPinCmd), (16 bytes).
    Removing stm32f30x_usart.o(i.USART_IrDACmd), (20 bytes).
    Removing stm32f30x_usart.o(i.USART_IrDAConfig), (16 bytes).
    Removing stm32f30x_usart.o(i.USART_LINBreakDetectLengthConfig), (16 bytes).
    Removing stm32f30x_usart.o(i.USART_LINCmd), (20 bytes).
    Removing stm32f30x_usart.o(i.USART_MSBFirstCmd), (20 bytes).
    Removing stm32f30x_usart.o(i.USART_MuteModeCmd), (20 bytes).
    Removing stm32f30x_usart.o(i.USART_MuteModeWakeUpConfig), (16 bytes).
    Removing stm32f30x_usart.o(i.USART_OneBitMethodCmd), (20 bytes).
    Removing stm32f30x_usart.o(i.USART_OverSampling8Cmd), (20 bytes).
    Removing stm32f30x_usart.o(i.USART_OverrunDetectionConfig), (16 bytes).
    Removing stm32f30x_usart.o(i.USART_ReceiverTimeOutCmd), (20 bytes).
    Removing stm32f30x_usart.o(i.USART_RequestCmd), (16 bytes).
    Removing stm32f30x_usart.o(i.USART_STOPModeCmd), (20 bytes).
    Removing stm32f30x_usart.o(i.USART_SWAPPinCmd), (20 bytes).
    Removing stm32f30x_usart.o(i.USART_SetAddress), (18 bytes).
    Removing stm32f30x_usart.o(i.USART_SetAutoRetryCount), (18 bytes).
    Removing stm32f30x_usart.o(i.USART_SetBlockLength), (18 bytes).
    Removing stm32f30x_usart.o(i.USART_SetDEAssertionTime), (18 bytes).
    Removing stm32f30x_usart.o(i.USART_SetDEDeassertionTime), (18 bytes).
    Removing stm32f30x_usart.o(i.USART_SetGuardTime), (16 bytes).
    Removing stm32f30x_usart.o(i.USART_SetPrescaler), (16 bytes).
    Removing stm32f30x_usart.o(i.USART_SetReceiverTimeOut), (16 bytes).
    Removing stm32f30x_usart.o(i.USART_SmartCardCmd), (20 bytes).
    Removing stm32f30x_usart.o(i.USART_SmartCardNACKCmd), (20 bytes).
    Removing stm32f30x_usart.o(i.USART_StopModeWakeUpSourceConfig), (16 bytes).
    Removing stm32f30x_usart.o(i.USART_StructInit), (22 bytes).
    Removing stm32303c_eval.o(.rev16_text), (4 bytes).
    Removing stm32303c_eval.o(.revsh_text), (4 bytes).
    Removing stm32303c_eval.o(i.SD_LowLevel_DeInit), (120 bytes).
    Removing stm32303c_eval.o(i.SD_LowLevel_Init), (280 bytes).
    Removing stm32303c_eval.o(i.STM_EVAL_LEDInit), (80 bytes).
    Removing stm32303c_eval.o(i.STM_EVAL_LEDOff), (24 bytes).
    Removing stm32303c_eval.o(i.STM_EVAL_LEDOn), (24 bytes).
    Removing stm32303c_eval.o(i.STM_EVAL_LEDToggle), (28 bytes).
    Removing stm32303c_eval.o(i.STM_EVAL_PBGetState), (36 bytes).
    Removing stm32303c_eval.o(i.STM_EVAL_PBInit), (168 bytes).
    Removing stm32303c_eval.o(i.TS751_LowLevel_DeInit), (92 bytes).
    Removing stm32303c_eval.o(i.TS751_LowLevel_Init), (136 bytes).
    Removing stm32303c_eval.o(i.sEE_I2C_LowLevel_DeInit), (76 bytes).
    Removing stm32303c_eval.o(i.sEE_I2C_LowLevel_Init), (108 bytes).
    Removing stm32303c_eval.o(i.sEE_SPI_LowLevel_DeInit), (104 bytes).
    Removing stm32303c_eval.o(i.sEE_SPI_LowLevel_Init), (256 bytes).

647 unused section(s) (total 20101 bytes) removed from the image.

==============================================================================

Image Symbol Table

    Local Symbols

    Symbol Name                              Value     Ov Type        Size  Object(Section)

    ../clib/../cmprslib/zerorunl2.c          0x00000000   Number         0  __dczerorl2.o ABSOLUTE
    ../clib/microlib/division.c              0x00000000   Number         0  uldiv.o ABSOLUTE
    ../clib/microlib/division.c              0x00000000   Number         0  uidiv.o ABSOLUTE
    ../clib/microlib/init/entry.s            0x00000000   Number         0  entry5.o ABSOLUTE
    ../clib/microlib/init/entry.s            0x00000000   Number         0  entry7a.o ABSOLUTE
    ../clib/microlib/init/entry.s            0x00000000   Number         0  entry.o ABSOLUTE
    ../clib/microlib/init/entry.s            0x00000000   Number         0  entry10a.o ABSOLUTE
    ../clib/microlib/init/entry.s            0x00000000   Number         0  entry7b.o ABSOLUTE
    ../clib/microlib/init/entry.s            0x00000000   Number         0  entry10b.o ABSOLUTE
    ../clib/microlib/init/entry.s            0x00000000   Number         0  entry8a.o ABSOLUTE
    ../clib/microlib/init/entry.s            0x00000000   Number         0  entry11b.o ABSOLUTE
    ../clib/microlib/init/entry.s            0x00000000   Number         0  entry8b.o ABSOLUTE
    ../clib/microlib/init/entry.s            0x00000000   Number         0  entry2.o ABSOLUTE
    ../clib/microlib/init/entry.s            0x00000000   Number         0  entry9a.o ABSOLUTE
    ../clib/microlib/init/entry.s            0x00000000   Number         0  entry11a.o ABSOLUTE
    ../clib/microlib/init/entry.s            0x00000000   Number         0  entry9b.o ABSOLUTE
    ../clib/microlib/longlong.c              0x00000000   Number         0  llshl.o ABSOLUTE
    ../clib/microlib/longlong.c              0x00000000   Number         0  llsshr.o ABSOLUTE
    ../clib/microlib/longlong.c              0x00000000   Number         0  llushr.o ABSOLUTE
    ../clib/microlib/printf/printf.c         0x00000000   Number         0  printf0.o ABSOLUTE
    ../clib/microlib/printf/printf.c         0x00000000   Number         0  printf1.o ABSOLUTE
    ../clib/microlib/printf/printf.c         0x00000000   Number         0  printf2.o ABSOLUTE
    ../clib/microlib/printf/printf.c         0x00000000   Number         0  printf3.o ABSOLUTE
    ../clib/microlib/printf/printf.c         0x00000000   Number         0  printf6.o ABSOLUTE
    ../clib/microlib/printf/printf.c         0x00000000   Number         0  printf8.o ABSOLUTE
    ../clib/microlib/printf/printf.c         0x00000000   Number         0  printfb.o ABSOLUTE
    ../clib/microlib/printf/printf.c         0x00000000   Number         0  printfa.o ABSOLUTE
    ../clib/microlib/printf/printf.c         0x00000000   Number         0  printf7.o ABSOLUTE
    ../clib/microlib/printf/printf.c         0x00000000   Number         0  printf5.o ABSOLUTE
    ../clib/microlib/printf/printf.c         0x00000000   Number         0  printf4.o ABSOLUTE
    ../clib/microlib/printf/stubs.s          0x00000000   Number         0  stubs.o ABSOLUTE
    ../clib/microlib/stdio/fputc.c           0x00000000   Number         0  fputc.o ABSOLUTE
    ../clib/microlib/stdio/semi.s            0x00000000   Number         0  semi.o ABSOLUTE
    ../clib/microlib/stdio/streams.c         0x00000000   Number         0  stdout.o ABSOLUTE
    ../clib/microlib/stubs.s                 0x00000000   Number         0  iusefp.o ABSOLUTE
    ../clib/microlib/stubs.s                 0x00000000   Number         0  iusesemip.o ABSOLUTE
    ../fplib/microlib/f2d.c                  0x00000000   Number         0  f2d.o ABSOLUTE
    ../fplib/microlib/fpadd.c                0x00000000   Number         0  dadd.o ABSOLUTE
    ../fplib/microlib/fpdiv.c                0x00000000   Number         0  ddiv.o ABSOLUTE
    ../fplib/microlib/fpepilogue.c           0x00000000   Number         0  depilogue.o ABSOLUTE
    ../fplib/microlib/fpfix.c                0x00000000   Number         0  dfixul.o ABSOLUTE
    ../fplib/microlib/fpmul.c                0x00000000   Number         0  dmul.o ABSOLUTE
    ..\..\..\Libraries\CMSIS\Device\ST\STM32F30x\Source\Templates\arm\startup_stm32f30x.s 0x00000000   Number         0  startup_stm32f30x.o ABSOLUTE
    ..\..\..\Libraries\STM32F30x_StdPeriph_Driver\src\stm32f30x_adc.c 0x00000000   Number         0  stm32f30x_adc.o ABSOLUTE
    ..\..\..\Libraries\STM32F30x_StdPeriph_Driver\src\stm32f30x_can.c 0x00000000   Number         0  stm32f30x_can.o ABSOLUTE
    ..\..\..\Libraries\STM32F30x_StdPeriph_Driver\src\stm32f30x_crc.c 0x00000000   Number         0  stm32f30x_crc.o ABSOLUTE
    ..\..\..\Libraries\STM32F30x_StdPeriph_Driver\src\stm32f30x_dac.c 0x00000000   Number         0  stm32f30x_dac.o ABSOLUTE
    ..\..\..\Libraries\STM32F30x_StdPeriph_Driver\src\stm32f30x_dma.c 0x00000000   Number         0  stm32f30x_dma.o ABSOLUTE
    ..\..\..\Libraries\STM32F30x_StdPeriph_Driver\src\stm32f30x_exti.c 0x00000000   Number         0  stm32f30x_exti.o ABSOLUTE
    ..\..\..\Libraries\STM32F30x_StdPeriph_Driver\src\stm32f30x_flash.c 0x00000000   Number         0  stm32f30x_flash.o ABSOLUTE
    ..\..\..\Libraries\STM32F30x_StdPeriph_Driver\src\stm32f30x_gpio.c 0x00000000   Number         0  stm32f30x_gpio.o ABSOLUTE
    ..\..\..\Libraries\STM32F30x_StdPeriph_Driver\src\stm32f30x_i2c.c 0x00000000   Number         0  stm32f30x_i2c.o ABSOLUTE
    ..\..\..\Libraries\STM32F30x_StdPeriph_Driver\src\stm32f30x_misc.c 0x00000000   Number         0  stm32f30x_misc.o ABSOLUTE
    ..\..\..\Libraries\STM32F30x_StdPeriph_Driver\src\stm32f30x_pwr.c 0x00000000   Number         0  stm32f30x_pwr.o ABSOLUTE
    ..\..\..\Libraries\STM32F30x_StdPeriph_Driver\src\stm32f30x_rcc.c 0x00000000   Number         0  stm32f30x_rcc.o ABSOLUTE
    ..\..\..\Libraries\STM32F30x_StdPeriph_Driver\src\stm32f30x_rtc.c 0x00000000   Number         0  stm32f30x_rtc.o ABSOLUTE
    ..\..\..\Libraries\STM32F30x_StdPeriph_Driver\src\stm32f30x_spi.c 0x00000000   Number         0  stm32f30x_spi.o ABSOLUTE
    ..\..\..\Libraries\STM32F30x_StdPeriph_Driver\src\stm32f30x_syscfg.c 0x00000000   Number         0  stm32f30x_syscfg.o ABSOLUTE
    ..\..\..\Libraries\STM32F30x_StdPeriph_Driver\src\stm32f30x_tim.c 0x00000000   Number         0  stm32f30x_tim.o ABSOLUTE
    ..\..\..\Libraries\STM32F30x_StdPeriph_Driver\src\stm32f30x_usart.c 0x00000000   Number         0  stm32f30x_usart.o ABSOLUTE
    ..\..\..\Libraries\STM32_USB-FS-Device_Driver\src\usb_core.c 0x00000000   Number         0  usb_core.o ABSOLUTE
    ..\..\..\Libraries\STM32_USB-FS-Device_Driver\src\usb_init.c 0x00000000   Number         0  usb_init.o ABSOLUTE
    ..\..\..\Libraries\STM32_USB-FS-Device_Driver\src\usb_int.c 0x00000000   Number         0  usb_int.o ABSOLUTE
    ..\..\..\Libraries\STM32_USB-FS-Device_Driver\src\usb_mem.c 0x00000000   Number         0  usb_mem.o ABSOLUTE
    ..\..\..\Libraries\STM32_USB-FS-Device_Driver\src\usb_regs.c 0x00000000   Number         0  usb_regs.o ABSOLUTE
    ..\..\..\Libraries\STM32_USB-FS-Device_Driver\src\usb_sil.c 0x00000000   Number         0  usb_sil.o ABSOLUTE
    ..\..\..\Utilities\STM32_EVAL\STM32303C_EVAL\stm32303c_eval.c 0x00000000   Number         0  stm32303c_eval.o ABSOLUTE
    ..\\..\\..\\Libraries\\STM32F30x_StdPeriph_Driver\\src\\stm32f30x_adc.c 0x00000000   Number         0  stm32f30x_adc.o ABSOLUTE
    ..\\..\\..\\Libraries\\STM32F30x_StdPeriph_Driver\\src\\stm32f30x_can.c 0x00000000   Number         0  stm32f30x_can.o ABSOLUTE
    ..\\..\\..\\Libraries\\STM32F30x_StdPeriph_Driver\\src\\stm32f30x_crc.c 0x00000000   Number         0  stm32f30x_crc.o ABSOLUTE
    ..\\..\\..\\Libraries\\STM32F30x_StdPeriph_Driver\\src\\stm32f30x_dac.c 0x00000000   Number         0  stm32f30x_dac.o ABSOLUTE
    ..\\..\\..\\Libraries\\STM32F30x_StdPeriph_Driver\\src\\stm32f30x_dma.c 0x00000000   Number         0  stm32f30x_dma.o ABSOLUTE
    ..\\..\\..\\Libraries\\STM32F30x_StdPeriph_Driver\\src\\stm32f30x_exti.c 0x00000000   Number         0  stm32f30x_exti.o ABSOLUTE
    ..\\..\\..\\Libraries\\STM32F30x_StdPeriph_Driver\\src\\stm32f30x_flash.c 0x00000000   Number         0  stm32f30x_flash.o ABSOLUTE
    ..\\..\\..\\Libraries\\STM32F30x_StdPeriph_Driver\\src\\stm32f30x_gpio.c 0x00000000   Number         0  stm32f30x_gpio.o ABSOLUTE
    ..\\..\\..\\Libraries\\STM32F30x_StdPeriph_Driver\\src\\stm32f30x_i2c.c 0x00000000   Number         0  stm32f30x_i2c.o ABSOLUTE
    ..\\..\\..\\Libraries\\STM32F30x_StdPeriph_Driver\\src\\stm32f30x_misc.c 0x00000000   Number         0  stm32f30x_misc.o ABSOLUTE
    ..\\..\\..\\Libraries\\STM32F30x_StdPeriph_Driver\\src\\stm32f30x_pwr.c 0x00000000   Number         0  stm32f30x_pwr.o ABSOLUTE
    ..\\..\\..\\Libraries\\STM32F30x_StdPeriph_Driver\\src\\stm32f30x_rcc.c 0x00000000   Number         0  stm32f30x_rcc.o ABSOLUTE
    ..\\..\\..\\Libraries\\STM32F30x_StdPeriph_Driver\\src\\stm32f30x_rtc.c 0x00000000   Number         0  stm32f30x_rtc.o ABSOLUTE
    ..\\..\\..\\Libraries\\STM32F30x_StdPeriph_Driver\\src\\stm32f30x_spi.c 0x00000000   Number         0  stm32f30x_spi.o ABSOLUTE
    ..\\..\\..\\Libraries\\STM32F30x_StdPeriph_Driver\\src\\stm32f30x_syscfg.c 0x00000000   Number         0  stm32f30x_syscfg.o ABSOLUTE
    ..\\..\\..\\Libraries\\STM32F30x_StdPeriph_Driver\\src\\stm32f30x_tim.c 0x00000000   Number         0  stm32f30x_tim.o ABSOLUTE
    ..\\..\\..\\Libraries\\STM32F30x_StdPeriph_Driver\\src\\stm32f30x_usart.c 0x00000000   Number         0  stm32f30x_usart.o ABSOLUTE
    ..\\..\\..\\Libraries\\STM32_USB-FS-Device_Driver\\src\\usb_core.c 0x00000000   Number         0  usb_core.o ABSOLUTE
    ..\\..\\..\\Libraries\\STM32_USB-FS-Device_Driver\\src\\usb_init.c 0x00000000   Number         0  usb_init.o ABSOLUTE
    ..\\..\\..\\Libraries\\STM32_USB-FS-Device_Driver\\src\\usb_int.c 0x00000000   Number         0  usb_int.o ABSOLUTE
    ..\\..\\..\\Libraries\\STM32_USB-FS-Device_Driver\\src\\usb_mem.c 0x00000000   Number         0  usb_mem.o ABSOLUTE
    ..\\..\\..\\Libraries\\STM32_USB-FS-Device_Driver\\src\\usb_regs.c 0x00000000   Number         0  usb_regs.o ABSOLUTE
    ..\\..\\..\\Libraries\\STM32_USB-FS-Device_Driver\\src\\usb_sil.c 0x00000000   Number         0  usb_sil.o ABSOLUTE
    ..\\..\\..\\Utilities\\STM32_EVAL\\STM32303C_EVAL\\stm32303c_eval.c 0x00000000   Number         0  stm32303c_eval.o ABSOLUTE
    ..\\src\\hw_config.c                     0x00000000   Number         0  hw_config.o ABSOLUTE
    ..\\src\\main.c                          0x00000000   Number         0  main.o ABSOLUTE
    ..\\src\\stm32_it.c                      0x00000000   Number         0  stm32_it.o ABSOLUTE
    ..\\src\\system_stm32f30x.c              0x00000000   Number         0  system_stm32f30x.o ABSOLUTE
    ..\\src\\usb_desc.c                      0x00000000   Number         0  usb_desc.o ABSOLUTE
    ..\\src\\usb_endp.c                      0x00000000   Number         0  usb_endp.o ABSOLUTE
    ..\\src\\usb_istr.c                      0x00000000   Number         0  usb_istr.o ABSOLUTE
    ..\\src\\usb_prop.c                      0x00000000   Number         0  usb_prop.o ABSOLUTE
    ..\\src\\usb_pwr.c                       0x00000000   Number         0  usb_pwr.o ABSOLUTE
    ..\src\hw_config.c                       0x00000000   Number         0  hw_config.o ABSOLUTE
    ..\src\main.c                            0x00000000   Number         0  main.o ABSOLUTE
    ..\src\stm32_it.c                        0x00000000   Number         0  stm32_it.o ABSOLUTE
    ..\src\system_stm32f30x.c                0x00000000   Number         0  system_stm32f30x.o ABSOLUTE
    ..\src\usb_desc.c                        0x00000000   Number         0  usb_desc.o ABSOLUTE
    ..\src\usb_endp.c                        0x00000000   Number         0  usb_endp.o ABSOLUTE
    ..\src\usb_istr.c                        0x00000000   Number         0  usb_istr.o ABSOLUTE
    ..\src\usb_prop.c                        0x00000000   Number         0  usb_prop.o ABSOLUTE
    ..\src\usb_pwr.c                         0x00000000   Number         0  usb_pwr.o ABSOLUTE
    cdrcmple.s                               0x00000000   Number         0  cdrcmple.o ABSOLUTE
    dc.s                                     0x00000000   Number         0  dc.o ABSOLUTE
    handlers.s                               0x00000000   Number         0  handlers.o ABSOLUTE
    init.s                                   0x00000000   Number         0  init.o ABSOLUTE
    RESET                                    0x08000000   Section      392  startup_stm32f30x.o(RESET)
    .ARM.Collect$$$$00000000                 0x08000188   Section        0  entry.o(.ARM.Collect$$$$00000000)
    .ARM.Collect$$$$00000001                 0x08000188   Section        4  entry2.o(.ARM.Collect$$$$00000001)
    .ARM.Collect$$$$00000004                 0x0800018c   Section        4  entry5.o(.ARM.Collect$$$$00000004)
    .ARM.Collect$$$$00000008                 0x08000190   Section        0  entry7b.o(.ARM.Collect$$$$00000008)
    .ARM.Collect$$$$0000000A                 0x08000190   Section        0  entry8b.o(.ARM.Collect$$$$0000000A)
    .ARM.Collect$$$$0000000B                 0x08000190   Section        8  entry9a.o(.ARM.Collect$$$$0000000B)
    .ARM.Collect$$$$0000000D                 0x08000198   Section        0  entry10a.o(.ARM.Collect$$$$0000000D)
    .ARM.Collect$$$$0000000F                 0x08000198   Section        0  entry11a.o(.ARM.Collect$$$$0000000F)
    .ARM.Collect$$$$00002712                 0x08000198   Section        4  entry2.o(.ARM.Collect$$$$00002712)
    __lit__00000000                          0x08000198   Data           4  entry2.o(.ARM.Collect$$$$00002712)
    .text                                    0x0800019c   Section       36  startup_stm32f30x.o(.text)
    $v0                                      0x0800019c   Number         0  startup_stm32f30x.o(.text)
    .text                                    0x080001c0   Section        0  f2d.o(.text)
    .text                                    0x080001e6   Section        0  uidiv.o(.text)
    .text                                    0x08000212   Section        0  uldiv.o(.text)
    .text                                    0x08000274   Section        0  dadd.o(.text)
    .text                                    0x08000274   Section        0  iusefp.o(.text)
    .text                                    0x080003c2   Section        0  dmul.o(.text)
    .text                                    0x080004a6   Section        0  ddiv.o(.text)
    .text                                    0x08000584   Section        0  dfixul.o(.text)
    .text                                    0x080005b4   Section       40  cdrcmple.o(.text)
    .text                                    0x080005dc   Section       36  init.o(.text)
    .text                                    0x08000600   Section        0  llshl.o(.text)
    .text                                    0x0800061e   Section        0  llushr.o(.text)
    .text                                    0x0800063e   Section        0  llsshr.o(.text)
    .text                                    0x08000662   Section        0  depilogue.o(.text)
    .text                                    0x08000720   Section        0  __dczerorl2.o(.text)
    i.BusFault_Handler                       0x0800077c   Section        0  stm32_it.o(i.BusFault_Handler)
    i.ByteSwap                               0x0800077e   Section        0  usb_regs.o(i.ByteSwap)
    i.CTR_LP                                 0x08000788   Section        0  usb_int.o(i.CTR_LP)
    i.ClearDTOG_RX                           0x080008d8   Section        0  usb_regs.o(i.ClearDTOG_RX)
    i.ClearDTOG_TX                           0x080008fc   Section        0  usb_regs.o(i.ClearDTOG_TX)
    i.Clear_Status_Out                       0x08000920   Section        0  usb_regs.o(i.Clear_Status_Out)
    i.DataStageIn                            0x0800093c   Section        0  usb_core.o(i.DataStageIn)
    DataStageIn                              0x0800093d   Thumb Code   156  usb_core.o(i.DataStageIn)
    i.DataStageOut                           0x080009f0   Section        0  usb_core.o(i.DataStageOut)
    DataStageOut                             0x080009f1   Thumb Code   142  usb_core.o(i.DataStageOut)
    i.Data_Setup0                            0x08000a94   Section        0  usb_core.o(i.Data_Setup0)
    Data_Setup0                              0x08000a95   Thumb Code   372  usb_core.o(i.Data_Setup0)
    i.DebugMon_Handler                       0x08000c2c   Section        0  stm32_it.o(i.DebugMon_Handler)
    i.EP1_IN_Callback                        0x08000c30   Section        0  usb_endp.o(i.EP1_IN_Callback)
    i.EP3_OUT_Callback                       0x08000c94   Section        0  usb_endp.o(i.EP3_OUT_Callback)
    i.EXTI_ClearITPendingBit                 0x08000cb4   Section        0  stm32f30x_exti.o(i.EXTI_ClearITPendingBit)
    i.EXTI_Init                              0x08000ccc   Section        0  stm32f30x_exti.o(i.EXTI_Init)
    i.GPIO_Init                              0x08000dac   Section        0  stm32f30x_gpio.o(i.GPIO_Init)
    i.GPIO_PinAFConfig                       0x08000e24   Section        0  stm32f30x_gpio.o(i.GPIO_PinAFConfig)
    i.GPIO_ResetBits                         0x08000e44   Section        0  stm32f30x_gpio.o(i.GPIO_ResetBits)
    i.GPIO_SetBits                           0x08000e48   Section        0  stm32f30x_gpio.o(i.GPIO_SetBits)
    i.GetEPRxAddr                            0x08000e4c   Section        0  usb_regs.o(i.GetEPRxAddr)
    i.GetEPRxCount                           0x08000e6c   Section        0  usb_regs.o(i.GetEPRxCount)
    i.GetEPTxAddr                            0x08000e8c   Section        0  usb_regs.o(i.GetEPTxAddr)
    i.Get_SerialNum                          0x08000ea8   Section        0  hw_config.o(i.Get_SerialNum)
    i.Handle_USBAsynchXfer                   0x08000edc   Section        0  hw_config.o(i.Handle_USBAsynchXfer)
    i.HardFault_Handler                      0x08000f54   Section        0  stm32_it.o(i.HardFault_Handler)
    i.In0_Process                            0x08000f58   Section        0  usb_core.o(i.In0_Process)
    i.IntToUnicode                           0x08000fb4   Section        0  hw_config.o(i.IntToUnicode)
    IntToUnicode                             0x08000fb5   Thumb Code    56  hw_config.o(i.IntToUnicode)
    i.Leave_LowPowerMode                     0x08000fec   Section        0  hw_config.o(i.Leave_LowPowerMode)
    i.MemManage_Handler                      0x08001008   Section        0  stm32_it.o(i.MemManage_Handler)
    i.NMI_Handler                            0x0800100a   Section        0  stm32_it.o(i.NMI_Handler)
    i.NOP_Process                            0x0800100c   Section        0  usb_core.o(i.NOP_Process)
    i.NVIC_Init                              0x08001010   Section        0  stm32f30x_misc.o(i.NVIC_Init)
    i.NVIC_PriorityGroupConfig               0x08001074   Section        0  stm32f30x_misc.o(i.NVIC_PriorityGroupConfig)
    i.NoData_Setup0                          0x08001088   Section        0  usb_core.o(i.NoData_Setup0)
    NoData_Setup0                            0x08001089   Thumb Code   190  usb_core.o(i.NoData_Setup0)
    i.Out0_Process                           0x0800115c   Section        0  usb_core.o(i.Out0_Process)
    i.PMAToUserBufferCopy                    0x080011a4   Section        0  usb_mem.o(i.PMAToUserBufferCopy)
    i.PendSV_Handler                         0x080011c4   Section        0  stm32_it.o(i.PendSV_Handler)
    i.Post0_Process                          0x080011c8   Section        0  usb_core.o(i.Post0_Process)
    i.PowerOn                                0x0800120c   Section        0  usb_pwr.o(i.PowerOn)
    i.RCC_AHBPeriphClockCmd                  0x08001238   Section        0  stm32f30x_rcc.o(i.RCC_AHBPeriphClockCmd)
    i.RCC_APB1PeriphClockCmd                 0x08001250   Section        0  stm32f30x_rcc.o(i.RCC_APB1PeriphClockCmd)
    i.RCC_APB2PeriphClockCmd                 0x08001268   Section        0  stm32f30x_rcc.o(i.RCC_APB2PeriphClockCmd)
    i.RCC_GetClocksFreq                      0x08001280   Section        0  stm32f30x_rcc.o(i.RCC_GetClocksFreq)
    i.RCC_USBCLKConfig                       0x080014d0   Section        0  stm32f30x_rcc.o(i.RCC_USBCLKConfig)
    i.Resume                                 0x080014dc   Section        0  usb_pwr.o(i.Resume)
    i.Resume_Init                            0x08001570   Section        0  usb_pwr.o(i.Resume_Init)
    i.SOF_Callback                           0x08001590   Section        0  usb_endp.o(i.SOF_Callback)
    i.STM_EVAL_COMInit                       0x080015b8   Section        0  stm32303c_eval.o(i.STM_EVAL_COMInit)
    i.SVC_Handler                            0x08001674   Section        0  stm32_it.o(i.SVC_Handler)
    i.SetBTABLE                              0x08001678   Section        0  usb_regs.o(i.SetBTABLE)
    i.SetDeviceAddress                       0x08001688   Section        0  usb_core.o(i.SetDeviceAddress)
    i.SetEPRxAddr                            0x080016c8   Section        0  usb_regs.o(i.SetEPRxAddr)
    i.SetEPRxCount                           0x080016e8   Section        0  usb_regs.o(i.SetEPRxCount)
    i.SetEPRxStatus                          0x08001728   Section        0  usb_regs.o(i.SetEPRxStatus)
    i.SetEPRxValid                           0x08001758   Section        0  usb_regs.o(i.SetEPRxValid)
    i.SetEPTxAddr                            0x08001778   Section        0  usb_regs.o(i.SetEPTxAddr)
    i.SetEPTxCount                           0x08001798   Section        0  usb_regs.o(i.SetEPTxCount)
    i.SetEPTxStatus                          0x080017b4   Section        0  usb_regs.o(i.SetEPTxStatus)
    i.SetEPTxValid                           0x080017e4   Section        0  usb_regs.o(i.SetEPTxValid)
    i.SetEPType                              0x08001804   Section        0  usb_regs.o(i.SetEPType)
    i.SetSysClock                            0x0800181c   Section        0  system_stm32f30x.o(i.SetSysClock)
    SetSysClock                              0x0800181d   Thumb Code   140  system_stm32f30x.o(i.SetSysClock)
    i.Set_System                             0x080018b0   Section        0  hw_config.o(i.Set_System)
    i.Set_USBClock                           0x08001944   Section        0  hw_config.o(i.Set_USBClock)
    i.Setup0_Process                         0x08001958   Section        0  usb_core.o(i.Setup0_Process)
    i.Standard_ClearFeature                  0x080019c0   Section        0  usb_core.o(i.Standard_ClearFeature)
    i.Standard_GetConfiguration              0x08001aac   Section        0  usb_core.o(i.Standard_GetConfiguration)
    i.Standard_GetDescriptorData             0x08001ad4   Section        0  usb_core.o(i.Standard_GetDescriptorData)
    i.Standard_GetInterface                  0x08001af0   Section        0  usb_core.o(i.Standard_GetInterface)
    i.Standard_GetStatus                     0x08001b18   Section        0  usb_core.o(i.Standard_GetStatus)
    i.Standard_SetConfiguration              0x08001ba8   Section        0  usb_core.o(i.Standard_SetConfiguration)
    i.Standard_SetDeviceFeature              0x08001be0   Section        0  usb_core.o(i.Standard_SetDeviceFeature)
    i.Standard_SetEndPointFeature            0x08001c04   Section        0  usb_core.o(i.Standard_SetEndPointFeature)
    i.Standard_SetInterface                  0x08001c84   Section        0  usb_core.o(i.Standard_SetInterface)
    i.Suspend                                0x08001ccc   Section        0  usb_pwr.o(i.Suspend)
    i.SysTick_Handler                        0x08001d88   Section        0  stm32_it.o(i.SysTick_Handler)
    i.SystemInit                             0x08001d8c   Section        0  system_stm32f30x.o(i.SystemInit)
    i.USART1_IRQHandler                      0x08001dfc   Section        0  stm32_it.o(i.USART1_IRQHandler)
    i.USART_Cmd                              0x08001e30   Section        0  stm32f30x_usart.o(i.USART_Cmd)
    i.USART_Config                           0x08001e44   Section        0  hw_config.o(i.USART_Config)
    i.USART_Config_Default                   0x08001ec8   Section        0  hw_config.o(i.USART_Config_Default)
    i.USART_GetFlagStatus                    0x08001f08   Section        0  stm32f30x_usart.o(i.USART_GetFlagStatus)
    i.USART_GetITStatus                      0x08001f16   Section        0  stm32f30x_usart.o(i.USART_GetITStatus)
    i.USART_ITConfig                         0x08001f50   Section        0  stm32f30x_usart.o(i.USART_ITConfig)
    i.USART_Init                             0x08001f78   Section        0  stm32f30x_usart.o(i.USART_Init)
    i.USART_ReceiveData                      0x08002038   Section        0  stm32f30x_usart.o(i.USART_ReceiveData)
    i.USART_SendData                         0x08002040   Section        0  stm32f30x_usart.o(i.USART_SendData)
    i.USART_To_USB_Send_Data                 0x08002048   Section        0  hw_config.o(i.USART_To_USB_Send_Data)
    i.USBWakeUp_IRQHandler                   0x08002094   Section        0  stm32_it.o(i.USBWakeUp_IRQHandler)
    i.USB_Cable_Config                       0x0800209c   Section        0  hw_config.o(i.USB_Cable_Config)
    i.USB_Init                               0x080020b4   Section        0  usb_init.o(i.USB_Init)
    i.USB_Interrupts_Config                  0x080020dc   Section        0  hw_config.o(i.USB_Interrupts_Config)
    i.USB_Istr                               0x08002128   Section        0  usb_istr.o(i.USB_Istr)
    i.USB_LP_CAN1_RX0_IRQHandler             0x0800226c   Section        0  stm32_it.o(i.USB_LP_CAN1_RX0_IRQHandler)
    i.USB_SIL_Init                           0x08002270   Section        0  usb_sil.o(i.USB_SIL_Init)
    i.USB_SIL_Read                           0x08002290   Section        0  usb_sil.o(i.USB_SIL_Read)
    i.USB_To_USART_Send_Data                 0x080022b4   Section        0  hw_config.o(i.USB_To_USART_Send_Data)
    i.UsageFault_Handler                     0x080022e4   Section        0  stm32_it.o(i.UsageFault_Handler)
    i.UserToPMABufferCopy                    0x080022e8   Section        0  usb_mem.o(i.UserToPMABufferCopy)
    i.Virtual_Com_Port_Data_Setup            0x08002310   Section        0  usb_prop.o(i.Virtual_Com_Port_Data_Setup)
    i.Virtual_Com_Port_GetConfigDescriptor   0x08002368   Section        0  usb_prop.o(i.Virtual_Com_Port_GetConfigDescriptor)
    i.Virtual_Com_Port_GetDeviceDescriptor   0x08002374   Section        0  usb_prop.o(i.Virtual_Com_Port_GetDeviceDescriptor)
    i.Virtual_Com_Port_GetLineCoding         0x08002380   Section        0  usb_prop.o(i.Virtual_Com_Port_GetLineCoding)
    i.Virtual_Com_Port_GetStringDescriptor   0x0800239c   Section        0  usb_prop.o(i.Virtual_Com_Port_GetStringDescriptor)
    i.Virtual_Com_Port_Get_Interface_Setting 0x080023bc   Section        0  usb_prop.o(i.Virtual_Com_Port_Get_Interface_Setting)
    i.Virtual_Com_Port_NoData_Setup          0x080023cc   Section        0  usb_prop.o(i.Virtual_Com_Port_NoData_Setup)
    i.Virtual_Com_Port_Reset                 0x080023f0   Section        0  usb_prop.o(i.Virtual_Com_Port_Reset)
    i.Virtual_Com_Port_SetConfiguration      0x080024d0   Section        0  usb_prop.o(i.Virtual_Com_Port_SetConfiguration)
    i.Virtual_Com_Port_SetDeviceAddress      0x080024e8   Section        0  usb_prop.o(i.Virtual_Com_Port_SetDeviceAddress)
    i.Virtual_Com_Port_SetLineCoding         0x080024f4   Section        0  usb_prop.o(i.Virtual_Com_Port_SetLineCoding)
    i.Virtual_Com_Port_Status_In             0x08002510   Section        0  usb_prop.o(i.Virtual_Com_Port_Status_In)
    i.Virtual_Com_Port_Status_Out            0x08002528   Section        0  usb_prop.o(i.Virtual_Com_Port_Status_Out)
    i.Virtual_Com_Port_init                  0x0800252c   Section        0  usb_prop.o(i.Virtual_Com_Port_init)
    i.__0sprintf                             0x08002554   Section        0  printfa.o(i.__0sprintf)
    i.__scatterload_copy                     0x0800257c   Section       14  handlers.o(i.__scatterload_copy)
    i.__scatterload_null                     0x0800258a   Section        2  handlers.o(i.__scatterload_null)
    i.__scatterload_zeroinit                 0x0800258c   Section       14  handlers.o(i.__scatterload_zeroinit)
    i._fp_digits                             0x0800259c   Section        0  printfa.o(i._fp_digits)
    _fp_digits                               0x0800259d   Thumb Code   326  printfa.o(i._fp_digits)
    i._printf_core                           0x080026f8   Section        0  printfa.o(i._printf_core)
    _printf_core                             0x080026f9   Thumb Code  1762  printfa.o(i._printf_core)
    i._printf_post_padding                   0x08002de8   Section        0  printfa.o(i._printf_post_padding)
    _printf_post_padding                     0x08002de9   Thumb Code    38  printfa.o(i._printf_post_padding)
    i._printf_pre_padding                    0x08002e0e   Section        0  printfa.o(i._printf_pre_padding)
    _printf_pre_padding                      0x08002e0f   Thumb Code    48  printfa.o(i._printf_pre_padding)
    i._sputc                                 0x08002e3e   Section        0  printfa.o(i._sputc)
    _sputc                                   0x08002e3f   Thumb Code    10  printfa.o(i._sputc)
    i.main                                   0x08002e48   Section        0  main.o(i.main)
    .constdata                               0x08002f28   Section       18  usb_desc.o(.constdata)
    .constdata                               0x08002f3a   Section       67  usb_desc.o(.constdata)
    .constdata                               0x08002f7d   Section        4  usb_desc.o(.constdata)
    .constdata                               0x08002f81   Section       38  usb_desc.o(.constdata)
    .constdata                               0x08002fa7   Section       50  usb_desc.o(.constdata)
    .constdata                               0x08002fdc   Section      116  stm32303c_eval.o(.constdata)
    .data                                    0x20000000   Section       24  hw_config.o(.data)
    .data                                    0x20000018   Section       26  usb_desc.o(.data)
    .data                                    0x20000034   Section        4  usb_endp.o(.data)
    FrameCount                               0x20000034   Data           4  usb_endp.o(.data)
    .data                                    0x20000038   Section       12  usb_istr.o(.data)
    .data                                    0x20000044   Section       28  usb_istr.o(.data)
    .data                                    0x20000060   Section       28  usb_istr.o(.data)
    .data                                    0x2000007c   Section      108  usb_prop.o(.data)
    .data                                    0x200000e8   Section        2  usb_prop.o(.data)
    .data                                    0x200000ec   Section       36  usb_prop.o(.data)
    .data                                    0x20000110   Section        4  usb_pwr.o(.data)
    .data                                    0x20000114   Section        1  usb_pwr.o(.data)
    .data                                    0x20000118   Section        8  usb_pwr.o(.data)
    .data                                    0x20000120   Section        4  usb_core.o(.data)
    .data                                    0x20000124   Section        1  usb_init.o(.data)
    .data                                    0x20000128   Section       12  usb_init.o(.data)
    .data                                    0x20000134   Section        2  usb_init.o(.data)
    .data                                    0x20000136   Section        4  usb_int.o(.data)
    .data                                    0x2000013a   Section       42  stm32f30x_rcc.o(.data)
    APBAHBPrescTable                         0x2000013a   Data          16  stm32f30x_rcc.o(.data)
    ADCPrescTable                            0x2000014a   Data          26  stm32f30x_rcc.o(.data)
    .data                                    0x20000164   Section       52  stm32303c_eval.o(.data)
    .bss                                     0x20000198   Section     2072  hw_config.o(.bss)
    .bss                                     0x200009b0   Section       33  main.o(.bss)
    .bss                                     0x200009d1   Section       64  usb_endp.o(.bss)
    .bss                                     0x20000a14   Section       32  usb_pwr.o(.bss)
    .bss                                     0x20000a34   Section       28  usb_init.o(.bss)
    STACK                                    0x20000a50   Section     1024  startup_stm32f30x.o(STACK)

    Global Symbols

    Symbol Name                              Value     Ov Type        Size  Object(Section)

    BuildAttributes$$THM_ISAv4$E$P$D$K$B$S$7EM$VFPi3$EXTD16$VFPS$VFMA$PE$A:L22UL41UL21$X:L11$S22US41US21$IEEE1$IW$USESV6$~STKCKD$USESV7$~SHL$OSPACE$ROPI$EBA8$MICROLIB$REQ8$PRES8$EABIv2 0x00000000   Number         0  anon$$obj.o ABSOLUTE
    __ARM_use_no_argv                        0x00000000   Number         0  main.o ABSOLUTE
    _printf_a                                0x00000000   Number         0  stubs.o ABSOLUTE
    _printf_c                                0x00000000   Number         0  stubs.o ABSOLUTE
    _printf_charcount                        0x00000000   Number         0  stubs.o ABSOLUTE
    _printf_d                                0x00000000   Number         0  stubs.o ABSOLUTE
    _printf_e                                0x00000000   Number         0  stubs.o ABSOLUTE
    _printf_f                                0x00000000   Number         0  stubs.o ABSOLUTE
    _printf_flags                            0x00000000   Number         0  stubs.o ABSOLUTE
    _printf_fp_dec                           0x00000000   Number         0  stubs.o ABSOLUTE
    _printf_fp_hex                           0x00000000   Number         0  stubs.o ABSOLUTE
    _printf_g                                0x00000000   Number         0  stubs.o ABSOLUTE
    _printf_i                                0x00000000   Number         0  stubs.o ABSOLUTE
    _printf_int_dec                          0x00000000   Number         0  stubs.o ABSOLUTE
    _printf_l                                0x00000000   Number         0  stubs.o ABSOLUTE
    _printf_lc                               0x00000000   Number         0  stubs.o ABSOLUTE
    _printf_ll                               0x00000000   Number         0  stubs.o ABSOLUTE
    _printf_lld                              0x00000000   Number         0  stubs.o ABSOLUTE
    _printf_lli                              0x00000000   Number         0  stubs.o ABSOLUTE
    _printf_llo                              0x00000000   Number         0  stubs.o ABSOLUTE
    _printf_llu                              0x00000000   Number         0  stubs.o ABSOLUTE
    _printf_llx                              0x00000000   Number         0  stubs.o ABSOLUTE
    _printf_longlong_dec                     0x00000000   Number         0  stubs.o ABSOLUTE
    _printf_longlong_hex                     0x00000000   Number         0  stubs.o ABSOLUTE
    _printf_longlong_oct                     0x00000000   Number         0  stubs.o ABSOLUTE
    _printf_ls                               0x00000000   Number         0  stubs.o ABSOLUTE
    _printf_mbtowc                           0x00000000   Number         0  stubs.o ABSOLUTE
    _printf_n                                0x00000000   Number         0  stubs.o ABSOLUTE
    _printf_o                                0x00000000   Number         0  stubs.o ABSOLUTE
    _printf_p                                0x00000000   Number         0  stubs.o ABSOLUTE
    _printf_percent                          0x00000000   Number         0  stubs.o ABSOLUTE
    _printf_pre_padding                      0x00000000   Number         0  stubs.o ABSOLUTE
    _printf_return_value                     0x00000000   Number         0  stubs.o ABSOLUTE
    _printf_s                                0x00000000   Number         0  stubs.o ABSOLUTE
    _printf_sizespec                         0x00000000   Number         0  stubs.o ABSOLUTE
    _printf_str                              0x00000000   Number         0  stubs.o ABSOLUTE
    _printf_truncate_signed                  0x00000000   Number         0  stubs.o ABSOLUTE
    _printf_truncate_unsigned                0x00000000   Number         0  stubs.o ABSOLUTE
    _printf_u                                0x00000000   Number         0  stubs.o ABSOLUTE
    _printf_wc                               0x00000000   Number         0  stubs.o ABSOLUTE
    _printf_wctomb                           0x00000000   Number         0  stubs.o ABSOLUTE
    _printf_widthprec                        0x00000000   Number         0  stubs.o ABSOLUTE
    _printf_x                                0x00000000   Number         0  stubs.o ABSOLUTE
    __cpp_initialize__aeabi_                  - Undefined Weak Reference
    __cxa_finalize                            - Undefined Weak Reference
    _clock_init                               - Undefined Weak Reference
    _microlib_exit                            - Undefined Weak Reference
    __Vectors_Size                           0x00000188   Number         0  startup_stm32f30x.o ABSOLUTE
    __Vectors                                0x08000000   Data           4  startup_stm32f30x.o(RESET)
    __Vectors_End                            0x08000188   Data           0  startup_stm32f30x.o(RESET)
    __main                                   0x08000189   Thumb Code     0  entry.o(.ARM.Collect$$$$00000000)
    _main_stk                                0x08000189   Thumb Code     0  entry2.o(.ARM.Collect$$$$00000001)
    _main_scatterload                        0x0800018d   Thumb Code     0  entry5.o(.ARM.Collect$$$$00000004)
    __main_after_scatterload                 0x08000191   Thumb Code     0  entry5.o(.ARM.Collect$$$$00000004)
    _main_clock                              0x08000191   Thumb Code     0  entry7b.o(.ARM.Collect$$$$00000008)
    _main_cpp_init                           0x08000191   Thumb Code     0  entry8b.o(.ARM.Collect$$$$0000000A)
    _main_init                               0x08000191   Thumb Code     0  entry9a.o(.ARM.Collect$$$$0000000B)
    __rt_final_cpp                           0x08000199   Thumb Code     0  entry10a.o(.ARM.Collect$$$$0000000D)
    __rt_final_exit                          0x08000199   Thumb Code     0  entry11a.o(.ARM.Collect$$$$0000000F)
    Reset_Handler                            0x0800019d   Thumb Code     8  startup_stm32f30x.o(.text)
    ADC1_2_IRQHandler                        0x080001b7   Thumb Code     0  startup_stm32f30x.o(.text)
    ADC3_IRQHandler                          0x080001b7   Thumb Code     0  startup_stm32f30x.o(.text)
    ADC4_IRQHandler                          0x080001b7   Thumb Code     0  startup_stm32f30x.o(.text)
    CAN1_RX1_IRQHandler                      0x080001b7   Thumb Code     0  startup_stm32f30x.o(.text)
    CAN1_SCE_IRQHandler                      0x080001b7   Thumb Code     0  startup_stm32f30x.o(.text)
    COMP1_2_3_IRQHandler                     0x080001b7   Thumb Code     0  startup_stm32f30x.o(.text)
    COMP4_5_6_IRQHandler                     0x080001b7   Thumb Code     0  startup_stm32f30x.o(.text)
    COMP7_IRQHandler                         0x080001b7   Thumb Code     0  startup_stm32f30x.o(.text)
    DMA1_Channel1_IRQHandler                 0x080001b7   Thumb Code     0  startup_stm32f30x.o(.text)
    DMA1_Channel2_IRQHandler                 0x080001b7   Thumb Code     0  startup_stm32f30x.o(.text)
    DMA1_Channel3_IRQHandler                 0x080001b7   Thumb Code     0  startup_stm32f30x.o(.text)
    DMA1_Channel4_IRQHandler                 0x080001b7   Thumb Code     0  startup_stm32f30x.o(.text)
    DMA1_Channel5_IRQHandler                 0x080001b7   Thumb Code     0  startup_stm32f30x.o(.text)
    DMA1_Channel6_IRQHandler                 0x080001b7   Thumb Code     0  startup_stm32f30x.o(.text)
    DMA1_Channel7_IRQHandler                 0x080001b7   Thumb Code     0  startup_stm32f30x.o(.text)
    DMA2_Channel1_IRQHandler                 0x080001b7   Thumb Code     0  startup_stm32f30x.o(.text)
    DMA2_Channel2_IRQHandler                 0x080001b7   Thumb Code     0  startup_stm32f30x.o(.text)
    DMA2_Channel3_IRQHandler                 0x080001b7   Thumb Code     0  startup_stm32f30x.o(.text)
    DMA2_Channel4_IRQHandler                 0x080001b7   Thumb Code     0  startup_stm32f30x.o(.text)
    DMA2_Channel5_IRQHandler                 0x080001b7   Thumb Code     0  startup_stm32f30x.o(.text)
    EXTI0_IRQHandler                         0x080001b7   Thumb Code     0  startup_stm32f30x.o(.text)
    EXTI15_10_IRQHandler                     0x080001b7   Thumb Code     0  startup_stm32f30x.o(.text)
    EXTI1_IRQHandler                         0x080001b7   Thumb Code     0  startup_stm32f30x.o(.text)
    EXTI2_TS_IRQHandler                      0x080001b7   Thumb Code     0  startup_stm32f30x.o(.text)
    EXTI3_IRQHandler                         0x080001b7   Thumb Code     0  startup_stm32f30x.o(.text)
    EXTI4_IRQHandler                         0x080001b7   Thumb Code     0  startup_stm32f30x.o(.text)
    EXTI9_5_IRQHandler                       0x080001b7   Thumb Code     0  startup_stm32f30x.o(.text)
    FLASH_IRQHandler                         0x080001b7   Thumb Code     0  startup_stm32f30x.o(.text)
    FPU_IRQHandler                           0x080001b7   Thumb Code     0  startup_stm32f30x.o(.text)
    I2C1_ER_IRQHandler                       0x080001b7   Thumb Code     0  startup_stm32f30x.o(.text)
    I2C1_EV_IRQHandler                       0x080001b7   Thumb Code     0  startup_stm32f30x.o(.text)
    I2C2_ER_IRQHandler                       0x080001b7   Thumb Code     0  startup_stm32f30x.o(.text)
    I2C2_EV_IRQHandler                       0x080001b7   Thumb Code     0  startup_stm32f30x.o(.text)
    PVD_IRQHandler                           0x080001b7   Thumb Code     0  startup_stm32f30x.o(.text)
    RCC_IRQHandler                           0x080001b7   Thumb Code     0  startup_stm32f30x.o(.text)
    RTC_Alarm_IRQHandler                     0x080001b7   Thumb Code     0  startup_stm32f30x.o(.text)
    RTC_WKUP_IRQHandler                      0x080001b7   Thumb Code     0  startup_stm32f30x.o(.text)
    SPI1_IRQHandler                          0x080001b7   Thumb Code     0  startup_stm32f30x.o(.text)
    SPI2_IRQHandler                          0x080001b7   Thumb Code     0  startup_stm32f30x.o(.text)
    SPI3_IRQHandler                          0x080001b7   Thumb Code     0  startup_stm32f30x.o(.text)
    TAMPER_STAMP_IRQHandler                  0x080001b7   Thumb Code     0  startup_stm32f30x.o(.text)
    TIM1_BRK_TIM15_IRQHandler                0x080001b7   Thumb Code     0  startup_stm32f30x.o(.text)
    TIM1_CC_IRQHandler                       0x080001b7   Thumb Code     0  startup_stm32f30x.o(.text)
    TIM1_TRG_COM_TIM17_IRQHandler            0x080001b7   Thumb Code     0  startup_stm32f30x.o(.text)
    TIM1_UP_TIM16_IRQHandler                 0x080001b7   Thumb Code     0  startup_stm32f30x.o(.text)
    TIM2_IRQHandler                          0x080001b7   Thumb Code     0  startup_stm32f30x.o(.text)
    TIM3_IRQHandler                          0x080001b7   Thumb Code     0  startup_stm32f30x.o(.text)
    TIM4_IRQHandler                          0x080001b7   Thumb Code     0  startup_stm32f30x.o(.text)
    TIM6_DAC_IRQHandler                      0x080001b7   Thumb Code     0  startup_stm32f30x.o(.text)
    TIM7_IRQHandler                          0x080001b7   Thumb Code     0  startup_stm32f30x.o(.text)
    TIM8_BRK_IRQHandler                      0x080001b7   Thumb Code     0  startup_stm32f30x.o(.text)
    TIM8_CC_IRQHandler                       0x080001b7   Thumb Code     0  startup_stm32f30x.o(.text)
    TIM8_TRG_COM_IRQHandler                  0x080001b7   Thumb Code     0  startup_stm32f30x.o(.text)
    TIM8_UP_IRQHandler                       0x080001b7   Thumb Code     0  startup_stm32f30x.o(.text)
    UART4_IRQHandler                         0x080001b7   Thumb Code     0  startup_stm32f30x.o(.text)
    UART5_IRQHandler                         0x080001b7   Thumb Code     0  startup_stm32f30x.o(.text)
    USART2_IRQHandler                        0x080001b7   Thumb Code     0  startup_stm32f30x.o(.text)
    USART3_IRQHandler                        0x080001b7   Thumb Code     0  startup_stm32f30x.o(.text)
    USBWakeUp_RMP_IRQHandler                 0x080001b7   Thumb Code     0  startup_stm32f30x.o(.text)
    USB_HP_CAN1_TX_IRQHandler                0x080001b7   Thumb Code     0  startup_stm32f30x.o(.text)
    USB_HP_IRQHandler                        0x080001b7   Thumb Code     0  startup_stm32f30x.o(.text)
    USB_LP_IRQHandler                        0x080001b7   Thumb Code     0  startup_stm32f30x.o(.text)
    WWDG_IRQHandler                          0x080001b7   Thumb Code     0  startup_stm32f30x.o(.text)
    __aeabi_f2d                              0x080001c1   Thumb Code    38  f2d.o(.text)
    __aeabi_uidiv                            0x080001e7   Thumb Code     0  uidiv.o(.text)
    __aeabi_uidivmod                         0x080001e7   Thumb Code    44  uidiv.o(.text)
    __aeabi_uldivmod                         0x08000213   Thumb Code    98  uldiv.o(.text)
    __I$use$fp                               0x08000275   Thumb Code     0  iusefp.o(.text)
    __aeabi_dadd                             0x08000275   Thumb Code   322  dadd.o(.text)
    __aeabi_dsub                             0x080003b7   Thumb Code     6  dadd.o(.text)
    __aeabi_drsub                            0x080003bd   Thumb Code     6  dadd.o(.text)
    __aeabi_dmul                             0x080003c3   Thumb Code   228  dmul.o(.text)
    __aeabi_ddiv                             0x080004a7   Thumb Code   222  ddiv.o(.text)
    __aeabi_d2ulz                            0x08000585   Thumb Code    48  dfixul.o(.text)
    __aeabi_cdrcmple                         0x080005b5   Thumb Code    38  cdrcmple.o(.text)
    __scatterload                            0x080005dd   Thumb Code    28  init.o(.text)
    __scatterload_rt2                        0x080005dd   Thumb Code     0  init.o(.text)
    __aeabi_llsl                             0x08000601   Thumb Code    30  llshl.o(.text)
    _ll_shift_l                              0x08000601   Thumb Code     0  llshl.o(.text)
    __aeabi_llsr                             0x0800061f   Thumb Code    32  llushr.o(.text)
    _ll_ushift_r                             0x0800061f   Thumb Code     0  llushr.o(.text)
    __aeabi_lasr                             0x0800063f   Thumb Code    36  llsshr.o(.text)
    _ll_sshift_r                             0x0800063f   Thumb Code     0  llsshr.o(.text)
    _double_round                            0x08000663   Thumb Code    26  depilogue.o(.text)
    _double_epilogue                         0x0800067d   Thumb Code   164  depilogue.o(.text)
    __decompress                             0x08000721   Thumb Code     0  __dczerorl2.o(.text)
    __decompress1                            0x08000721   Thumb Code    92  __dczerorl2.o(.text)
    BusFault_Handler                         0x0800077d   Thumb Code     2  stm32_it.o(i.BusFault_Handler)
    ByteSwap                                 0x0800077f   Thumb Code    10  usb_regs.o(i.ByteSwap)
    CTR_LP                                   0x08000789   Thumb Code   310  usb_int.o(i.CTR_LP)
    ClearDTOG_RX                             0x080008d9   Thumb Code    30  usb_regs.o(i.ClearDTOG_RX)
    ClearDTOG_TX                             0x080008fd   Thumb Code    30  usb_regs.o(i.ClearDTOG_TX)
    Clear_Status_Out                         0x08000921   Thumb Code    24  usb_regs.o(i.Clear_Status_Out)
    DebugMon_Handler                         0x08000c2d   Thumb Code     2  stm32_it.o(i.DebugMon_Handler)
    EP1_IN_Callback                          0x08000c31   Thumb Code    82  usb_endp.o(i.EP1_IN_Callback)
    EP3_OUT_Callback                         0x08000c95   Thumb Code    28  usb_endp.o(i.EP3_OUT_Callback)
    EXTI_ClearITPendingBit                   0x08000cb5   Thumb Code    18  stm32f30x_exti.o(i.EXTI_ClearITPendingBit)
    EXTI_Init                                0x08000ccd   Thumb Code   220  stm32f30x_exti.o(i.EXTI_Init)
    GPIO_Init                                0x08000dad   Thumb Code   120  stm32f30x_gpio.o(i.GPIO_Init)
    GPIO_PinAFConfig                         0x08000e25   Thumb Code    32  stm32f30x_gpio.o(i.GPIO_PinAFConfig)
    GPIO_ResetBits                           0x08000e45   Thumb Code     4  stm32f30x_gpio.o(i.GPIO_ResetBits)
    GPIO_SetBits                             0x08000e49   Thumb Code     4  stm32f30x_gpio.o(i.GPIO_SetBits)
    GetEPRxAddr                              0x08000e4d   Thumb Code    22  usb_regs.o(i.GetEPRxAddr)
    GetEPRxCount                             0x08000e6d   Thumb Code    24  usb_regs.o(i.GetEPRxCount)
    GetEPTxAddr                              0x08000e8d   Thumb Code    20  usb_regs.o(i.GetEPTxAddr)
    Get_SerialNum                            0x08000ea9   Thumb Code    44  hw_config.o(i.Get_SerialNum)
    Handle_USBAsynchXfer                     0x08000edd   Thumb Code   110  hw_config.o(i.Handle_USBAsynchXfer)
    HardFault_Handler                        0x08000f55   Thumb Code     2  stm32_it.o(i.HardFault_Handler)
    In0_Process                              0x08000f59   Thumb Code    80  usb_core.o(i.In0_Process)
    Leave_LowPowerMode                       0x08000fed   Thumb Code    20  hw_config.o(i.Leave_LowPowerMode)
    MemManage_Handler                        0x08001009   Thumb Code     2  stm32_it.o(i.MemManage_Handler)
    NMI_Handler                              0x0800100b   Thumb Code     2  stm32_it.o(i.NMI_Handler)
    NOP_Process                              0x0800100d   Thumb Code     2  usb_core.o(i.NOP_Process)
    NVIC_Init                                0x08001011   Thumb Code    90  stm32f30x_misc.o(i.NVIC_Init)
    NVIC_PriorityGroupConfig                 0x08001075   Thumb Code    10  stm32f30x_misc.o(i.NVIC_PriorityGroupConfig)
    Out0_Process                             0x0800115d   Thumb Code    62  usb_core.o(i.Out0_Process)
    PMAToUserBufferCopy                      0x080011a5   Thumb Code    26  usb_mem.o(i.PMAToUserBufferCopy)
    PendSV_Handler                           0x080011c5   Thumb Code     2  stm32_it.o(i.PendSV_Handler)
    Post0_Process                            0x080011c9   Thumb Code    52  usb_core.o(i.Post0_Process)
    PowerOn                                  0x0800120d   Thumb Code    36  usb_pwr.o(i.PowerOn)
    RCC_AHBPeriphClockCmd                    0x08001239   Thumb Code    18  stm32f30x_rcc.o(i.RCC_AHBPeriphClockCmd)
    RCC_APB1PeriphClockCmd                   0x08001251   Thumb Code    18  stm32f30x_rcc.o(i.RCC_APB1PeriphClockCmd)
    RCC_APB2PeriphClockCmd                   0x08001269   Thumb Code    18  stm32f30x_rcc.o(i.RCC_APB2PeriphClockCmd)
    RCC_GetClocksFreq                        0x08001281   Thumb Code   576  stm32f30x_rcc.o(i.RCC_GetClocksFreq)
    RCC_USBCLKConfig                         0x080014d1   Thumb Code     6  stm32f30x_rcc.o(i.RCC_USBCLKConfig)
    Resume                                   0x080014dd   Thumb Code   140  usb_pwr.o(i.Resume)
    Resume_Init                              0x08001571   Thumb Code    26  usb_pwr.o(i.Resume_Init)
    SOF_Callback                             0x08001591   Thumb Code    30  usb_endp.o(i.SOF_Callback)
    STM_EVAL_COMInit                         0x080015b9   Thumb Code   178  stm32303c_eval.o(i.STM_EVAL_COMInit)
    SVC_Handler                              0x08001675   Thumb Code     2  stm32_it.o(i.SVC_Handler)
    SetBTABLE                                0x08001679   Thumb Code    10  usb_regs.o(i.SetBTABLE)
    SetDeviceAddress                         0x08001689   Thumb Code    56  usb_core.o(i.SetDeviceAddress)
    SetEPRxAddr                              0x080016c9   Thumb Code    24  usb_regs.o(i.SetEPRxAddr)
    SetEPRxCount                             0x080016e9   Thumb Code    54  usb_regs.o(i.SetEPRxCount)
    SetEPRxStatus                            0x08001729   Thumb Code    42  usb_regs.o(i.SetEPRxStatus)
    SetEPRxValid                             0x08001759   Thumb Code    28  usb_regs.o(i.SetEPRxValid)
    SetEPTxAddr                              0x08001779   Thumb Code    22  usb_regs.o(i.SetEPTxAddr)
    SetEPTxCount                             0x08001799   Thumb Code    20  usb_regs.o(i.SetEPTxCount)
    SetEPTxStatus                            0x080017b5   Thumb Code    42  usb_regs.o(i.SetEPTxStatus)
    SetEPTxValid                             0x080017e5   Thumb Code    28  usb_regs.o(i.SetEPTxValid)
    SetEPType                                0x08001805   Thumb Code    20  usb_regs.o(i.SetEPType)
    Set_System                               0x080018b1   Thumb Code   140  hw_config.o(i.Set_System)
    Set_USBClock                             0x08001945   Thumb Code    20  hw_config.o(i.Set_USBClock)
    Setup0_Process                           0x08001959   Thumb Code    92  usb_core.o(i.Setup0_Process)
    Standard_ClearFeature                    0x080019c1   Thumb Code   214  usb_core.o(i.Standard_ClearFeature)
    Standard_GetConfiguration                0x08001aad   Thumb Code    30  usb_core.o(i.Standard_GetConfiguration)
    Standard_GetDescriptorData               0x08001ad5   Thumb Code    24  usb_core.o(i.Standard_GetDescriptorData)
    Standard_GetInterface                    0x08001af1   Thumb Code    30  usb_core.o(i.Standard_GetInterface)
    Standard_GetStatus                       0x08001b19   Thumb Code   128  usb_core.o(i.Standard_GetStatus)
    Standard_SetConfiguration                0x08001ba9   Thumb Code    42  usb_core.o(i.Standard_SetConfiguration)
    Standard_SetDeviceFeature                0x08001be1   Thumb Code    26  usb_core.o(i.Standard_SetDeviceFeature)
    Standard_SetEndPointFeature              0x08001c05   Thumb Code   112  usb_core.o(i.Standard_SetEndPointFeature)
    Standard_SetInterface                    0x08001c85   Thumb Code    60  usb_core.o(i.Standard_SetInterface)
    Suspend                                  0x08001ccd   Thumb Code   172  usb_pwr.o(i.Suspend)
    SysTick_Handler                          0x08001d89   Thumb Code     2  stm32_it.o(i.SysTick_Handler)
    SystemInit                               0x08001d8d   Thumb Code    90  system_stm32f30x.o(i.SystemInit)
    USART1_IRQHandler                        0x08001dfd   Thumb Code    42  stm32_it.o(i.USART1_IRQHandler)
    USART_Cmd                                0x08001e31   Thumb Code    20  stm32f30x_usart.o(i.USART_Cmd)
    USART_Config                             0x08001e45   Thumb Code   122  hw_config.o(i.USART_Config)
    USART_Config_Default                     0x08001ec9   Thumb Code    50  hw_config.o(i.USART_Config_Default)
    USART_GetFlagStatus                      0x08001f09   Thumb Code    14  stm32f30x_usart.o(i.USART_GetFlagStatus)
    USART_GetITStatus                        0x08001f17   Thumb Code    58  stm32f30x_usart.o(i.USART_GetITStatus)
    USART_ITConfig                           0x08001f51   Thumb Code    40  stm32f30x_usart.o(i.USART_ITConfig)
    USART_Init                               0x08001f79   Thumb Code   176  stm32f30x_usart.o(i.USART_Init)
    USART_ReceiveData                        0x08002039   Thumb Code     8  stm32f30x_usart.o(i.USART_ReceiveData)
    USART_SendData                           0x08002041   Thumb Code     8  stm32f30x_usart.o(i.USART_SendData)
    USART_To_USB_Send_Data                   0x08002049   Thumb Code    58  hw_config.o(i.USART_To_USB_Send_Data)
    USBWakeUp_IRQHandler                     0x08002095   Thumb Code     6  stm32_it.o(i.USBWakeUp_IRQHandler)
    USB_Cable_Config                         0x0800209d   Thumb Code    20  hw_config.o(i.USB_Cable_Config)
    USB_Init                                 0x080020b5   Thumb Code    22  usb_init.o(i.USB_Init)
    USB_Interrupts_Config                    0x080020dd   Thumb Code    74  hw_config.o(i.USB_Interrupts_Config)
    USB_Istr                                 0x08002129   Thumb Code   302  usb_istr.o(i.USB_Istr)
    USB_LP_CAN1_RX0_IRQHandler               0x0800226d   Thumb Code     4  stm32_it.o(i.USB_LP_CAN1_RX0_IRQHandler)
    USB_SIL_Init                             0x08002271   Thumb Code    24  usb_sil.o(i.USB_SIL_Init)
    USB_SIL_Read                             0x08002291   Thumb Code    36  usb_sil.o(i.USB_SIL_Read)
    USB_To_USART_Send_Data                   0x080022b5   Thumb Code    44  hw_config.o(i.USB_To_USART_Send_Data)
    UsageFault_Handler                       0x080022e5   Thumb Code     2  stm32_it.o(i.UsageFault_Handler)
    UserToPMABufferCopy                      0x080022e9   Thumb Code    34  usb_mem.o(i.UserToPMABufferCopy)
    Virtual_Com_Port_Data_Setup              0x08002311   Thumb Code    70  usb_prop.o(i.Virtual_Com_Port_Data_Setup)
    Virtual_Com_Port_GetConfigDescriptor     0x08002369   Thumb Code     6  usb_prop.o(i.Virtual_Com_Port_GetConfigDescriptor)
    Virtual_Com_Port_GetDeviceDescriptor     0x08002375   Thumb Code     6  usb_prop.o(i.Virtual_Com_Port_GetDeviceDescriptor)
    Virtual_Com_Port_GetLineCoding           0x08002381   Thumb Code    18  usb_prop.o(i.Virtual_Com_Port_GetLineCoding)
    Virtual_Com_Port_GetStringDescriptor     0x0800239d   Thumb Code    24  usb_prop.o(i.Virtual_Com_Port_GetStringDescriptor)
    Virtual_Com_Port_Get_Interface_Setting   0x080023bd   Thumb Code    14  usb_prop.o(i.Virtual_Com_Port_Get_Interface_Setting)
    Virtual_Com_Port_NoData_Setup            0x080023cd   Thumb Code    30  usb_prop.o(i.Virtual_Com_Port_NoData_Setup)
    Virtual_Com_Port_Reset                   0x080023f1   Thumb Code   208  usb_prop.o(i.Virtual_Com_Port_Reset)
    Virtual_Com_Port_SetConfiguration        0x080024d1   Thumb Code    16  usb_prop.o(i.Virtual_Com_Port_SetConfiguration)
    Virtual_Com_Port_SetDeviceAddress        0x080024e9   Thumb Code     8  usb_prop.o(i.Virtual_Com_Port_SetDeviceAddress)
    Virtual_Com_Port_SetLineCoding           0x080024f5   Thumb Code    18  usb_prop.o(i.Virtual_Com_Port_SetLineCoding)
    Virtual_Com_Port_Status_In               0x08002511   Thumb Code    20  usb_prop.o(i.Virtual_Com_Port_Status_In)
    Virtual_Com_Port_Status_Out              0x08002529   Thumb Code     2  usb_prop.o(i.Virtual_Com_Port_Status_Out)
    Virtual_Com_Port_init                    0x0800252d   Thumb Code    32  usb_prop.o(i.Virtual_Com_Port_init)
    __0sprintf                               0x08002555   Thumb Code    34  printfa.o(i.__0sprintf)
    __1sprintf                               0x08002555   Thumb Code     0  printfa.o(i.__0sprintf)
    __2sprintf                               0x08002555   Thumb Code     0  printfa.o(i.__0sprintf)
    __c89sprintf                             0x08002555   Thumb Code     0  printfa.o(i.__0sprintf)
    sprintf                                  0x08002555   Thumb Code     0  printfa.o(i.__0sprintf)
    __scatterload_copy                       0x0800257d   Thumb Code    14  handlers.o(i.__scatterload_copy)
    __scatterload_null                       0x0800258b   Thumb Code     2  handlers.o(i.__scatterload_null)
    __scatterload_zeroinit                   0x0800258d   Thumb Code    14  handlers.o(i.__scatterload_zeroinit)
    main                                     0x08002e49   Thumb Code   216  main.o(i.main)
    Virtual_Com_Port_DeviceDescriptor        0x08002f28   Data          18  usb_desc.o(.constdata)
    Virtual_Com_Port_ConfigDescriptor        0x08002f3a   Data          67  usb_desc.o(.constdata)
    Virtual_Com_Port_StringLangID            0x08002f7d   Data           4  usb_desc.o(.constdata)
    Virtual_Com_Port_StringVendor            0x08002f81   Data          38  usb_desc.o(.constdata)
    Virtual_Com_Port_StringProduct           0x08002fa7   Data          50  usb_desc.o(.constdata)
    COM_TX_AF                                0x08002fdc   Data           1  stm32303c_eval.o(.constdata)
    COM_RX_AF                                0x08002fdd   Data           1  stm32303c_eval.o(.constdata)
    COM_TX_PIN                               0x08002fde   Data           2  stm32303c_eval.o(.constdata)
    COM_RX_PIN                               0x08002fe0   Data           2  stm32303c_eval.o(.constdata)
    COM_TX_PIN_SOURCE                        0x08002fe2   Data           2  stm32303c_eval.o(.constdata)
    COM_RX_PIN_SOURCE                        0x08002fe4   Data           2  stm32303c_eval.o(.constdata)
    COM_USART_CLK                            0x08002fe8   Data           4  stm32303c_eval.o(.constdata)
    COM_TX_PORT_CLK                          0x08002fec   Data           4  stm32303c_eval.o(.constdata)
    COM_RX_PORT_CLK                          0x08002ff0   Data           4  stm32303c_eval.o(.constdata)
    BUTTON_PORT_SOURCE                       0x08002ff4   Data           6  stm32303c_eval.o(.constdata)
    BUTTON_PIN_SOURCE                        0x08002ffa   Data           6  stm32303c_eval.o(.constdata)
    BUTTON_IRQn                              0x08003000   Data           6  stm32303c_eval.o(.constdata)
    GPIO_PIN                                 0x08003006   Data           8  stm32303c_eval.o(.constdata)
    GPIO_CLK                                 0x08003010   Data          16  stm32303c_eval.o(.constdata)
    BUTTON_PIN                               0x08003020   Data          12  stm32303c_eval.o(.constdata)
    BUTTON_CLK                               0x0800302c   Data          24  stm32303c_eval.o(.constdata)
    BUTTON_EXTI_LINE                         0x08003044   Data          12  stm32303c_eval.o(.constdata)
    Region$$Table$$Base                      0x08003050   Number         0  anon$$obj.o(Region$$Table)
    Region$$Table$$Limit                     0x08003070   Number         0  anon$$obj.o(Region$$Table)
    USB_Tx_State                             0x20000000   Data           1  hw_config.o(.data)
    USART_Rx_ptr_in                          0x20000004   Data           4  hw_config.o(.data)
    USART_Rx_ptr_out                         0x20000008   Data           4  hw_config.o(.data)
    USART_Rx_length                          0x2000000c   Data           4  hw_config.o(.data)
    EXTI_InitStructure                       0x20000010   Data           8  hw_config.o(.data)
    Virtual_Com_Port_StringSerial            0x20000018   Data          26  usb_desc.o(.data)
    bIntPackSOF                              0x20000038   Data           1  usb_istr.o(.data)
    wIstr                                    0x2000003a   Data           2  usb_istr.o(.data)
    esof_counter                             0x2000003c   Data           4  usb_istr.o(.data)
    wCNTR                                    0x20000040   Data           4  usb_istr.o(.data)
    pEpInt_IN                                0x20000044   Data          28  usb_istr.o(.data)
    pEpInt_OUT                               0x20000060   Data          28  usb_istr.o(.data)
    Request                                  0x2000007c   Data           1  usb_prop.o(.data)
    linecoding                               0x20000080   Data           8  usb_prop.o(.data)
    Device_Descriptor                        0x20000088   Data           8  usb_prop.o(.data)
    Config_Descriptor                        0x20000090   Data           8  usb_prop.o(.data)
    Device_Property                          0x20000098   Data          48  usb_prop.o(.data)
    String_Descriptor                        0x200000c8   Data          32  usb_prop.o(.data)
    Device_Table                             0x200000e8   Data           2  usb_prop.o(.data)
    User_Standard_Requests                   0x200000ec   Data          36  usb_prop.o(.data)
    bDeviceState                             0x20000110   Data           4  usb_pwr.o(.data)
    fSuspendEnabled                          0x20000114   Data           1  usb_pwr.o(.data)
    ResumeS                                  0x20000118   Data           2  usb_pwr.o(.data)
    remotewakeupon                           0x2000011c   Data           4  usb_pwr.o(.data)
    Data_Mul_MaxPacketSize                   0x20000120   Data           1  usb_core.o(.data)
    StatusInfo                               0x20000122   Data           2  usb_core.o(.data)
    EPindex                                  0x20000124   Data           1  usb_init.o(.data)
    pInformation                             0x20000128   Data           4  usb_init.o(.data)
    pProperty                                0x2000012c   Data           4  usb_init.o(.data)
    pUser_Standard_Requests                  0x20000130   Data           4  usb_init.o(.data)
    wInterrupt_Mask                          0x20000134   Data           2  usb_init.o(.data)
    SaveRState                               0x20000136   Data           2  usb_int.o(.data)
    SaveTState                               0x20000138   Data           2  usb_int.o(.data)
    COM_USART                                0x20000164   Data           4  stm32303c_eval.o(.data)
    COM_TX_PORT                              0x20000168   Data           4  stm32303c_eval.o(.data)
    COM_RX_PORT                              0x2000016c   Data           4  stm32303c_eval.o(.data)
    GPIO_PORT                                0x20000170   Data          16  stm32303c_eval.o(.data)
    BUTTON_PORT                              0x20000180   Data          24  stm32303c_eval.o(.data)
    USART_InitStructure                      0x20000198   Data          24  hw_config.o(.bss)
    USART_Rx_Buffer                          0x200001b0   Data        2048  hw_config.o(.bss)
    AccData                                  0x200009b0   Data          12  main.o(.bss)
    GyroData                                 0x200009bc   Data          12  main.o(.bss)
    data                                     0x200009c8   Data           9  main.o(.bss)
    USB_Rx_Buffer                            0x200009d1   Data          64  usb_endp.o(.bss)
    EP                                       0x20000a14   Data          32  usb_pwr.o(.bss)
    Device_Info                              0x20000a34   Data          28  usb_init.o(.bss)
    __initial_sp                             0x20000e50   Data           0  startup_stm32f30x.o(STACK)



==============================================================================

Memory Map of the image

  Image Entry point : 0x08000189

  Load Region LR_IROM1 (Base: 0x08000000, Size: 0x00003208, Max: 0x00040000, ABSOLUTE, COMPRESSED[0x00003118])

    Execution Region ER_IROM1 (Base: 0x08000000, Size: 0x00003070, Max: 0x00040000, ABSOLUTE)

    Base Addr    Size         Type   Attr      Idx    E Section Name        Object

    0x08000000   0x00000188   Data   RO          661    RESET               startup_stm32f30x.o
    0x08000188   0x00000000   Code   RO         4844  * .ARM.Collect$$$$00000000  mc_w.l(entry.o)
    0x08000188   0x00000004   Code   RO         5110    .ARM.Collect$$$$00000001  mc_w.l(entry2.o)
    0x0800018c   0x00000004   Code   RO         5113    .ARM.Collect$$$$00000004  mc_w.l(entry5.o)
    0x08000190   0x00000000   Code   RO         5115    .ARM.Collect$$$$00000008  mc_w.l(entry7b.o)
    0x08000190   0x00000000   Code   RO         5117    .ARM.Collect$$$$0000000A  mc_w.l(entry8b.o)
    0x08000190   0x00000008   Code   RO         5118    .ARM.Collect$$$$0000000B  mc_w.l(entry9a.o)
    0x08000198   0x00000000   Code   RO         5120    .ARM.Collect$$$$0000000D  mc_w.l(entry10a.o)
    0x08000198   0x00000000   Code   RO         5122    .ARM.Collect$$$$0000000F  mc_w.l(entry11a.o)
    0x08000198   0x00000004   Code   RO         5111    .ARM.Collect$$$$00002712  mc_w.l(entry2.o)
    0x0800019c   0x00000024   Code   RO          662    .text               startup_stm32f30x.o
    0x080001c0   0x00000026   Code   RO         5108    .text               mf_w.l(f2d.o)
    0x080001e6   0x0000002c   Code   RO         5127    .text               mc_w.l(uidiv.o)
    0x08000212   0x00000062   Code   RO         5129    .text               mc_w.l(uldiv.o)
    0x08000274   0x00000000   Code   RO         5131    .text               mc_w.l(iusefp.o)
    0x08000274   0x0000014e   Code   RO         5132    .text               mf_w.l(dadd.o)
    0x080003c2   0x000000e4   Code   RO         5134    .text               mf_w.l(dmul.o)
    0x080004a6   0x000000de   Code   RO         5136    .text               mf_w.l(ddiv.o)
    0x08000584   0x00000030   Code   RO         5138    .text               mf_w.l(dfixul.o)
    0x080005b4   0x00000028   Code   RO         5140    .text               mf_w.l(cdrcmple.o)
    0x080005dc   0x00000024   Code   RO         5142    .text               mc_w.l(init.o)
    0x08000600   0x0000001e   Code   RO         5145    .text               mc_w.l(llshl.o)
    0x0800061e   0x00000020   Code   RO         5147    .text               mc_w.l(llushr.o)
    0x0800063e   0x00000024   Code   RO         5149    .text               mc_w.l(llsshr.o)
    0x08000662   0x000000be   Code   RO         5152    .text               mf_w.l(depilogue.o)
    0x08000720   0x0000005c   Code   RO         5162    .text               mc_w.l(__dczerorl2.o)
    0x0800077c   0x00000002   Code   RO          538    i.BusFault_Handler  stm32_it.o
    0x0800077e   0x0000000a   Code   RO          893    i.ByteSwap          usb_regs.o
    0x08000788   0x00000150   Code   RO          830    i.CTR_LP            usb_int.o
    0x080008d8   0x00000024   Code   RO          894    i.ClearDTOG_RX      usb_regs.o
    0x080008fc   0x00000024   Code   RO          895    i.ClearDTOG_TX      usb_regs.o
    0x08000920   0x0000001c   Code   RO          900    i.Clear_Status_Out  usb_regs.o
    0x0800093c   0x000000b4   Code   RO          668    i.DataStageIn       usb_core.o
    0x080009f0   0x000000a4   Code   RO          669    i.DataStageOut      usb_core.o
    0x08000a94   0x00000198   Code   RO          670    i.Data_Setup0       usb_core.o
    0x08000c2c   0x00000002   Code   RO          539    i.DebugMon_Handler  stm32_it.o
    0x08000c2e   0x00000002   PAD
    0x08000c30   0x00000064   Code   RO          306    i.EP1_IN_Callback   usb_endp.o
    0x08000c94   0x00000020   Code   RO          307    i.EP3_OUT_Callback  usb_endp.o
    0x08000cb4   0x00000018   Code   RO         2143    i.EXTI_ClearITPendingBit  stm32f30x_exti.o
    0x08000ccc   0x000000e0   Code   RO         2148    i.EXTI_Init         stm32f30x_exti.o
    0x08000dac   0x00000078   Code   RO         2392    i.GPIO_Init         stm32f30x_gpio.o
    0x08000e24   0x00000020   Code   RO         2393    i.GPIO_PinAFConfig  stm32f30x_gpio.o
    0x08000e44   0x00000004   Code   RO         2399    i.GPIO_ResetBits    stm32f30x_gpio.o
    0x08000e48   0x00000004   Code   RO         2400    i.GPIO_SetBits      stm32f30x_gpio.o
    0x08000e4c   0x00000020   Code   RO          912    i.GetEPRxAddr       usb_regs.o
    0x08000e6c   0x00000020   Code   RO          913    i.GetEPRxCount      usb_regs.o
    0x08000e8c   0x0000001c   Code   RO          915    i.GetEPTxAddr       usb_regs.o
    0x08000ea8   0x00000034   Code   RO            4    i.Get_SerialNum     hw_config.o
    0x08000edc   0x00000078   Code   RO            5    i.Handle_USBAsynchXfer  hw_config.o
    0x08000f54   0x00000002   Code   RO          540    i.HardFault_Handler  stm32_it.o
    0x08000f56   0x00000002   PAD
    0x08000f58   0x0000005c   Code   RO          671    i.In0_Process       usb_core.o
    0x08000fb4   0x00000038   Code   RO            6    i.IntToUnicode      hw_config.o
    0x08000fec   0x0000001c   Code   RO            7    i.Leave_LowPowerMode  hw_config.o
    0x08001008   0x00000002   Code   RO          541    i.MemManage_Handler  stm32_it.o
    0x0800100a   0x00000002   Code   RO          542    i.NMI_Handler       stm32_it.o
    0x0800100c   0x00000002   Code   RO          672    i.NOP_Process       usb_core.o
    0x0800100e   0x00000002   PAD
    0x08001010   0x00000064   Code   RO         2749    i.NVIC_Init         stm32f30x_misc.o
    0x08001074   0x00000014   Code   RO         2750    i.NVIC_PriorityGroupConfig  stm32f30x_misc.o
    0x08001088   0x000000d4   Code   RO          673    i.NoData_Setup0     usb_core.o
    0x0800115c   0x00000048   Code   RO          674    i.Out0_Process      usb_core.o
    0x080011a4   0x00000020   Code   RO          867    i.PMAToUserBufferCopy  usb_mem.o
    0x080011c4   0x00000002   Code   RO          543    i.PendSV_Handler    stm32_it.o
    0x080011c6   0x00000002   PAD
    0x080011c8   0x00000044   Code   RO          675    i.Post0_Process     usb_core.o
    0x0800120c   0x0000002c   Code   RO          486    i.PowerOn           usb_pwr.o
    0x08001238   0x00000018   Code   RO         2868    i.RCC_AHBPeriphClockCmd  stm32f30x_rcc.o
    0x08001250   0x00000018   Code   RO         2870    i.RCC_APB1PeriphClockCmd  stm32f30x_rcc.o
    0x08001268   0x00000018   Code   RO         2872    i.RCC_APB2PeriphClockCmd  stm32f30x_rcc.o
    0x08001280   0x00000250   Code   RO         2880    i.RCC_GetClocksFreq  stm32f30x_rcc.o
    0x080014d0   0x0000000c   Code   RO         2904    i.RCC_USBCLKConfig  stm32f30x_rcc.o
    0x080014dc   0x00000094   Code   RO          487    i.Resume            usb_pwr.o
    0x08001570   0x00000020   Code   RO          488    i.Resume_Init       usb_pwr.o
    0x08001590   0x00000028   Code   RO          308    i.SOF_Callback      usb_endp.o
    0x080015b8   0x000000bc   Code   RO         4740    i.STM_EVAL_COMInit  stm32303c_eval.o
    0x08001674   0x00000002   Code   RO          544    i.SVC_Handler       stm32_it.o
    0x08001676   0x00000002   PAD
    0x08001678   0x00000010   Code   RO          923    i.SetBTABLE         usb_regs.o
    0x08001688   0x00000040   Code   RO          676    i.SetDeviceAddress  usb_core.o
    0x080016c8   0x00000020   Code   RO          937    i.SetEPRxAddr       usb_regs.o
    0x080016e8   0x00000040   Code   RO          938    i.SetEPRxCount      usb_regs.o
    0x08001728   0x00000030   Code   RO          939    i.SetEPRxStatus     usb_regs.o
    0x08001758   0x00000020   Code   RO          940    i.SetEPRxValid      usb_regs.o
    0x08001778   0x00000020   Code   RO          941    i.SetEPTxAddr       usb_regs.o
    0x08001798   0x0000001c   Code   RO          942    i.SetEPTxCount      usb_regs.o
    0x080017b4   0x00000030   Code   RO          943    i.SetEPTxStatus     usb_regs.o
    0x080017e4   0x00000020   Code   RO          944    i.SetEPTxValid      usb_regs.o
    0x08001804   0x00000018   Code   RO          945    i.SetEPType         usb_regs.o
    0x0800181c   0x00000094   Code   RO          624    i.SetSysClock       system_stm32f30x.o
    0x080018b0   0x00000094   Code   RO            8    i.Set_System        hw_config.o
    0x08001944   0x00000014   Code   RO            9    i.Set_USBClock      hw_config.o
    0x08001958   0x00000068   Code   RO          677    i.Setup0_Process    usb_core.o
    0x080019c0   0x000000ec   Code   RO          678    i.Standard_ClearFeature  usb_core.o
    0x08001aac   0x00000028   Code   RO          679    i.Standard_GetConfiguration  usb_core.o
    0x08001ad4   0x0000001c   Code   RO          680    i.Standard_GetDescriptorData  usb_core.o
    0x08001af0   0x00000028   Code   RO          681    i.Standard_GetInterface  usb_core.o
    0x08001b18   0x00000090   Code   RO          682    i.Standard_GetStatus  usb_core.o
    0x08001ba8   0x00000038   Code   RO          683    i.Standard_SetConfiguration  usb_core.o
    0x08001be0   0x00000024   Code   RO          684    i.Standard_SetDeviceFeature  usb_core.o
    0x08001c04   0x00000080   Code   RO          685    i.Standard_SetEndPointFeature  usb_core.o
    0x08001c84   0x00000048   Code   RO          686    i.Standard_SetInterface  usb_core.o
    0x08001ccc   0x000000bc   Code   RO          489    i.Suspend           usb_pwr.o
    0x08001d88   0x00000002   Code   RO          545    i.SysTick_Handler   stm32_it.o
    0x08001d8a   0x00000002   PAD
    0x08001d8c   0x00000070   Code   RO          626    i.SystemInit        system_stm32f30x.o
    0x08001dfc   0x00000034   Code   RO          546    i.USART1_IRQHandler  stm32_it.o
    0x08001e30   0x00000014   Code   RO         4437    i.USART_Cmd         stm32f30x_usart.o
    0x08001e44   0x00000084   Code   RO           10    i.USART_Config      hw_config.o
    0x08001ec8   0x00000040   Code   RO           11    i.USART_Config_Default  hw_config.o
    0x08001f08   0x0000000e   Code   RO         4445    i.USART_GetFlagStatus  stm32f30x_usart.o
    0x08001f16   0x0000003a   Code   RO         4446    i.USART_GetITStatus  stm32f30x_usart.o
    0x08001f50   0x00000028   Code   RO         4448    i.USART_ITConfig    stm32f30x_usart.o
    0x08001f78   0x000000c0   Code   RO         4449    i.USART_Init        stm32f30x_usart.o
    0x08002038   0x00000008   Code   RO         4461    i.USART_ReceiveData  stm32f30x_usart.o
    0x08002040   0x00000008   Code   RO         4466    i.USART_SendData    stm32f30x_usart.o
    0x08002048   0x0000004c   Code   RO           12    i.USART_To_USB_Send_Data  hw_config.o
    0x08002094   0x00000006   Code   RO          547    i.USBWakeUp_IRQHandler  stm32_it.o
    0x0800209a   0x00000002   PAD
    0x0800209c   0x00000018   Code   RO           13    i.USB_Cable_Config  hw_config.o
    0x080020b4   0x00000028   Code   RO          795    i.USB_Init          usb_init.o
    0x080020dc   0x0000004a   Code   RO           14    i.USB_Interrupts_Config  hw_config.o
    0x08002126   0x00000002   PAD
    0x08002128   0x00000144   Code   RO          346    i.USB_Istr          usb_istr.o
    0x0800226c   0x00000004   Code   RO          548    i.USB_LP_CAN1_RX0_IRQHandler  stm32_it.o
    0x08002270   0x00000020   Code   RO         1261    i.USB_SIL_Init      usb_sil.o
    0x08002290   0x00000024   Code   RO         1262    i.USB_SIL_Read      usb_sil.o
    0x080022b4   0x00000030   Code   RO           15    i.USB_To_USART_Send_Data  hw_config.o
    0x080022e4   0x00000002   Code   RO          549    i.UsageFault_Handler  stm32_it.o
    0x080022e6   0x00000002   PAD
    0x080022e8   0x00000028   Code   RO          868    i.UserToPMABufferCopy  usb_mem.o
    0x08002310   0x00000058   Code   RO          374    i.Virtual_Com_Port_Data_Setup  usb_prop.o
    0x08002368   0x0000000c   Code   RO          375    i.Virtual_Com_Port_GetConfigDescriptor  usb_prop.o
    0x08002374   0x0000000c   Code   RO          376    i.Virtual_Com_Port_GetDeviceDescriptor  usb_prop.o
    0x08002380   0x0000001c   Code   RO          377    i.Virtual_Com_Port_GetLineCoding  usb_prop.o
    0x0800239c   0x00000020   Code   RO          378    i.Virtual_Com_Port_GetStringDescriptor  usb_prop.o
    0x080023bc   0x0000000e   Code   RO          379    i.Virtual_Com_Port_Get_Interface_Setting  usb_prop.o
    0x080023ca   0x00000002   PAD
    0x080023cc   0x00000024   Code   RO          380    i.Virtual_Com_Port_NoData_Setup  usb_prop.o
    0x080023f0   0x000000e0   Code   RO          381    i.Virtual_Com_Port_Reset  usb_prop.o
    0x080024d0   0x00000018   Code   RO          382    i.Virtual_Com_Port_SetConfiguration  usb_prop.o
    0x080024e8   0x0000000c   Code   RO          383    i.Virtual_Com_Port_SetDeviceAddress  usb_prop.o
    0x080024f4   0x0000001c   Code   RO          384    i.Virtual_Com_Port_SetLineCoding  usb_prop.o
    0x08002510   0x00000018   Code   RO          385    i.Virtual_Com_Port_Status_In  usb_prop.o
    0x08002528   0x00000002   Code   RO          386    i.Virtual_Com_Port_Status_Out  usb_prop.o
    0x0800252a   0x00000002   PAD
    0x0800252c   0x00000028   Code   RO          387    i.Virtual_Com_Port_init  usb_prop.o
    0x08002554   0x00000028   Code   RO         5082    i.__0sprintf        mc_w.l(printfa.o)
    0x0800257c   0x0000000e   Code   RO         5156    i.__scatterload_copy  mc_w.l(handlers.o)
    0x0800258a   0x00000002   Code   RO         5157    i.__scatterload_null  mc_w.l(handlers.o)
    0x0800258c   0x0000000e   Code   RO         5158    i.__scatterload_zeroinit  mc_w.l(handlers.o)
    0x0800259a   0x00000002   PAD
    0x0800259c   0x0000015c   Code   RO         5087    i._fp_digits        mc_w.l(printfa.o)
    0x080026f8   0x000006f0   Code   RO         5088    i._printf_core      mc_w.l(printfa.o)
    0x08002de8   0x00000026   Code   RO         5089    i._printf_post_padding  mc_w.l(printfa.o)
    0x08002e0e   0x00000030   Code   RO         5090    i._printf_pre_padding  mc_w.l(printfa.o)
    0x08002e3e   0x0000000a   Code   RO         5092    i._sputc            mc_w.l(printfa.o)
    0x08002e48   0x000000e0   Code   RO          254    i.main              main.o
    0x08002f28   0x00000012   Data   RO          281    .constdata          usb_desc.o
    0x08002f3a   0x00000043   Data   RO          282    .constdata          usb_desc.o
    0x08002f7d   0x00000004   Data   RO          283    .constdata          usb_desc.o
    0x08002f81   0x00000026   Data   RO          284    .constdata          usb_desc.o
    0x08002fa7   0x00000032   Data   RO          285    .constdata          usb_desc.o
    0x08002fd9   0x00000003   PAD
    0x08002fdc   0x00000074   Data   RO         4753    .constdata          stm32303c_eval.o
    0x08003050   0x00000020   Data   RO         5154    Region$$Table       anon$$obj.o


    Execution Region RW_IRAM1 (Base: 0x20000000, Size: 0x00000e50, Max: 0x00008000, ABSOLUTE, COMPRESSED[0x000000a8])

    Base Addr    Size         Type   Attr      Idx    E Section Name        Object

    0x20000000   0x00000018   Data   RW           17    .data               hw_config.o
    0x20000018   0x0000001a   Data   RW          286    .data               usb_desc.o
    0x20000032   0x00000002   PAD
    0x20000034   0x00000004   Data   RW          310    .data               usb_endp.o
    0x20000038   0x0000000c   Data   RW          347    .data               usb_istr.o
    0x20000044   0x0000001c   Data   RW          348    .data               usb_istr.o
    0x20000060   0x0000001c   Data   RW          349    .data               usb_istr.o
    0x2000007c   0x0000006c   Data   RW          388    .data               usb_prop.o
    0x200000e8   0x00000002   Data   RW          389    .data               usb_prop.o
    0x200000ea   0x00000002   PAD
    0x200000ec   0x00000024   Data   RW          390    .data               usb_prop.o
    0x20000110   0x00000004   Data   RW          491    .data               usb_pwr.o
    0x20000114   0x00000001   Data   RW          492    .data               usb_pwr.o
    0x20000115   0x00000003   PAD
    0x20000118   0x00000008   Data   RW          493    .data               usb_pwr.o
    0x20000120   0x00000004   Data   RW          687    .data               usb_core.o
    0x20000124   0x00000001   Data   RW          797    .data               usb_init.o
    0x20000125   0x00000003   PAD
    0x20000128   0x0000000c   Data   RW          798    .data               usb_init.o
    0x20000134   0x00000002   Data   RW          800    .data               usb_init.o
    0x20000136   0x00000004   Data   RW          831    .data               usb_int.o
    0x2000013a   0x0000002a   Data   RW         2906    .data               stm32f30x_rcc.o
    0x20000164   0x00000034   Data   RW         4754    .data               stm32303c_eval.o
    0x20000198   0x00000818   Zero   RW           16    .bss                hw_config.o
    0x200009b0   0x00000021   Zero   RW          255    .bss                main.o
    0x200009d1   0x00000040   Zero   RW          309    .bss                usb_endp.o
    0x20000a11   0x00000003   PAD
    0x20000a14   0x00000020   Zero   RW          490    .bss                usb_pwr.o
    0x20000a34   0x0000001c   Zero   RW          796    .bss                usb_init.o
    0x20000a50   0x00000400   Zero   RW          659    STACK               startup_stm32f30x.o


==============================================================================

Image component sizes


      Code (inc. data)   RO Data    RW Data    ZI Data      Debug   Object Name

       842         84          0         24       2072     248580   hw_config.o
       224          8          0          0         33       1323   main.o
        36          8        392          0       1024        960   startup_stm32f30x.o
       188         10        116         52          0       2559   stm32303c_eval.o
        80         10          0          0          0       5814   stm32_it.o
       248         10          0          0          0       1809   stm32f30x_exti.o
       160          0          0          0          0       3123   stm32f30x_gpio.o
       120         20          0          0          0       1819   stm32f30x_misc.o
       676         40          0         42          0       5789   stm32f30x_rcc.o
       340         16          0          0          0       5773   stm32f30x_usart.o
       260         30          0          0          0       1605   system_stm32f30x.o
      2146        276          0          4          0      15927   usb_core.o
         0          0        177         26          0       1087   usb_desc.o
       172         32          0          4         64       2600   usb_endp.o
        40         18          0         15         28       4338   usb_init.o
       336         26          0          4          0       1824   usb_int.o
       324         22          0         68          0       1675   usb_istr.o
        72         12          0          0          0       1836   usb_mem.o
       576        104          0        146          0      11885   usb_prop.o
       412         44          0         13         32       3896   usb_pwr.o
       558        108          0          0          0      10753   usb_regs.o
        68          8          0          0          0       1678   usb_sil.o

    ----------------------------------------------------------------------
      7900        886        720        408       3256     336653   Object Totals
         0          0         32          0          0          0   (incl. Generated)
        22          0          3         10          3          0   (incl. Padding)

    ----------------------------------------------------------------------

      Code (inc. data)   RO Data    RW Data    ZI Data      Debug   Library Member Name

        92          0          0          0          0          0   __dczerorl2.o
         0          0          0          0          0          0   entry.o
         0          0          0          0          0          0   entry10a.o
         0          0          0          0          0          0   entry11a.o
         8          4          0          0          0          0   entry2.o
         4          0          0          0          0          0   entry5.o
         0          0          0          0          0          0   entry7b.o
         0          0          0          0          0          0   entry8b.o
         8          4          0          0          0          0   entry9a.o
        30          0          0          0          0          0   handlers.o
        36          8          0          0          0         68   init.o
         0          0          0          0          0          0   iusefp.o
        30          0          0          0          0         68   llshl.o
        36          0          0          0          0         68   llsshr.o
        32          0          0          0          0         68   llushr.o
      2260         86          0          0          0        512   printfa.o
        44          0          0          0          0         80   uidiv.o
        98          0          0          0          0         92   uldiv.o
        40          2          0          0          0         68   cdrcmple.o
       334          0          0          0          0        148   dadd.o
       222          0          0          0          0        100   ddiv.o
       190          0          0          0          0        176   depilogue.o
        48          0          0          0          0         68   dfixul.o
       228          0          0          0          0         96   dmul.o
        38          0          0          0          0         68   f2d.o

    ----------------------------------------------------------------------
      3780        104          0          0          0       1680   Library Totals
         2          0          0          0          0          0   (incl. Padding)

    ----------------------------------------------------------------------

      Code (inc. data)   RO Data    RW Data    ZI Data      Debug   Library Name

      2678        102          0          0          0        956   mc_w.l
      1100          2          0          0          0        724   mf_w.l

    ----------------------------------------------------------------------
      3780        104          0          0          0       1680   Library Totals

    ----------------------------------------------------------------------

==============================================================================


      Code (inc. data)   RO Data    RW Data    ZI Data      Debug   

     11680        990        720        408       3256     327001   Grand Totals
     11680        990        720        168       3256     327001   ELF Image Totals (compressed)
     11680        990        720        168          0          0   ROM Totals

==============================================================================

    Total RO  Size (Code + RO Data)                12400 (  12.11kB)
    Total RW  Size (RW Data + ZI Data)              3664 (   3.58kB)
    Total ROM Size (Code + RO Data + RW Data)      12568 (  12.27kB)

==============================================================================

