ARM Linker, 5.03 [Build 69] [MDK-ARM Lite]

==============================================================================

Section Cross References

    hw_config.o(i.Enter_LowPowerMode) refers to usb_pwr.o(.data) for bDeviceState
    hw_config.o(i.Get_SerialNum) refers to hw_config.o(i.IntToUnicode) for IntToUnicode
    hw_config.o(i.Get_SerialNum) refers to usb_desc.o(.data) for Virtual_Com_Port_StringSerial
    hw_config.o(i.Handle_USBAsynchXfer) refers to usb_mem.o(i.UserToPMABufferCopy) for UserToPMABufferCopy
    hw_config.o(i.Handle_USBAsynchXfer) refers to usb_regs.o(i.SetEPTxCount) for SetEPTxCount
    hw_config.o(i.Handle_USBAsynchXfer) refers to usb_regs.o(i.SetEPTxValid) for SetEPTxValid
    hw_config.o(i.Handle_USBAsynchXfer) refers to hw_config.o(.data) for .data
    hw_config.o(i.Handle_USBAsynchXfer) refers to hw_config.o(.bss) for .bss
    hw_config.o(i.Leave_LowPowerMode) refers to system_stm32f30x.o(i.SystemInit) for SystemInit
    hw_config.o(i.Leave_LowPowerMode) refers to usb_init.o(.bss) for Device_Info
    hw_config.o(i.Leave_LowPowerMode) refers to usb_pwr.o(.data) for bDeviceState
    hw_config.o(i.Set_System) refers to stm32f30x_rcc.o(i.RCC_APB2PeriphClockCmd) for RCC_APB2PeriphClockCmd
    hw_config.o(i.Set_System) refers to stm32f30x_rcc.o(i.RCC_AHBPeriphClockCmd) for RCC_AHBPeriphClockCmd
    hw_config.o(i.Set_System) refers to stm32f30x_gpio.o(i.GPIO_Init) for GPIO_Init
    hw_config.o(i.Set_System) refers to stm32f30x_gpio.o(i.GPIO_PinAFConfig) for GPIO_PinAFConfig
    hw_config.o(i.Set_System) refers to stm32f30x_exti.o(i.EXTI_ClearITPendingBit) for EXTI_ClearITPendingBit
    hw_config.o(i.Set_System) refers to stm32f30x_exti.o(i.EXTI_Init) for EXTI_Init
    hw_config.o(i.Set_System) refers to hw_config.o(.data) for .data
    hw_config.o(i.Set_USBClock) refers to stm32f30x_rcc.o(i.RCC_USBCLKConfig) for RCC_USBCLKConfig
    hw_config.o(i.Set_USBClock) refers to stm32f30x_rcc.o(i.RCC_APB1PeriphClockCmd) for RCC_APB1PeriphClockCmd
    hw_config.o(i.USART_Config) refers to hw_config.o(i.USART_Config_Default) for USART_Config_Default
    hw_config.o(i.USART_Config) refers to stm32303c_eval.o(i.STM_EVAL_COMInit) for STM_EVAL_COMInit
    hw_config.o(i.USART_Config) refers to usb_prop.o(.data) for linecoding
    hw_config.o(i.USART_Config) refers to hw_config.o(.bss) for .bss
    hw_config.o(i.USART_Config_Default) refers to stm32303c_eval.o(i.STM_EVAL_COMInit) for STM_EVAL_COMInit
    hw_config.o(i.USART_Config_Default) refers to stm32f30x_usart.o(i.USART_ITConfig) for USART_ITConfig
    hw_config.o(i.USART_Config_Default) refers to hw_config.o(.bss) for .bss
    hw_config.o(i.USART_To_USB_Send_Data) refers to stm32f30x_usart.o(i.USART_ReceiveData) for USART_ReceiveData
    hw_config.o(i.USART_To_USB_Send_Data) refers to usb_prop.o(.data) for linecoding
    hw_config.o(i.USART_To_USB_Send_Data) refers to hw_config.o(.bss) for .bss
    hw_config.o(i.USART_To_USB_Send_Data) refers to hw_config.o(.data) for .data
    hw_config.o(i.USB_Cable_Config) refers to stm32f30x_gpio.o(i.GPIO_ResetBits) for GPIO_ResetBits
    hw_config.o(i.USB_Cable_Config) refers to stm32f30x_gpio.o(i.GPIO_SetBits) for GPIO_SetBits
    hw_config.o(i.USB_Interrupts_Config) refers to stm32f30x_misc.o(i.NVIC_PriorityGroupConfig) for NVIC_PriorityGroupConfig
    hw_config.o(i.USB_Interrupts_Config) refers to stm32f30x_misc.o(i.NVIC_Init) for NVIC_Init
    hw_config.o(i.USB_To_USART_Send_Data) refers to stm32f30x_usart.o(i.USART_SendData) for USART_SendData
    hw_config.o(i.USB_To_USART_Send_Data) refers to stm32f30x_usart.o(i.USART_GetFlagStatus) for USART_GetFlagStatus
    main.o(i.main) refers to hw_config.o(i.Set_System) for Set_System
    main.o(i.main) refers to hw_config.o(i.Set_USBClock) for Set_USBClock
    main.o(i.main) refers to hw_config.o(i.USB_Interrupts_Config) for USB_Interrupts_Config
    main.o(i.main) refers to usb_init.o(i.USB_Init) for USB_Init
    usb_endp.o(i.EP1_IN_Callback) refers to usb_mem.o(i.UserToPMABufferCopy) for UserToPMABufferCopy
    usb_endp.o(i.EP1_IN_Callback) refers to usb_regs.o(i.SetEPTxCount) for SetEPTxCount
    usb_endp.o(i.EP1_IN_Callback) refers to usb_regs.o(i.SetEPTxValid) for SetEPTxValid
    usb_endp.o(i.EP1_IN_Callback) refers to hw_config.o(.data) for USB_Tx_State
    usb_endp.o(i.EP1_IN_Callback) refers to hw_config.o(.bss) for USART_Rx_Buffer
    usb_endp.o(i.EP3_OUT_Callback) refers to usb_sil.o(i.USB_SIL_Read) for USB_SIL_Read
    usb_endp.o(i.EP3_OUT_Callback) refers to hw_config.o(i.USB_To_USART_Send_Data) for USB_To_USART_Send_Data
    usb_endp.o(i.EP3_OUT_Callback) refers to usb_regs.o(i.SetEPRxValid) for SetEPRxValid
    usb_endp.o(i.EP3_OUT_Callback) refers to usb_endp.o(.bss) for .bss
    usb_endp.o(i.SOF_Callback) refers to hw_config.o(i.Handle_USBAsynchXfer) for Handle_USBAsynchXfer
    usb_endp.o(i.SOF_Callback) refers to usb_pwr.o(.data) for bDeviceState
    usb_endp.o(i.SOF_Callback) refers to usb_endp.o(.data) for .data
[...]
    Removing stm32f30x_rcc.o(i.RCC_HSICmd), (12 bytes).
    Removing stm32f30x_rcc.o(i.RCC_I2CCLKConfig), (32 bytes).
    Removing stm32f30x_rcc.o(i.RCC_I2SCLKConfig), (12 bytes).
    Removing stm32f30x_rcc.o(i.RCC_ITConfig), (24 bytes).
    Removing stm32f30x_rcc.o(i.RCC_LSEConfig), (32 bytes).
    Removing stm32f30x_rcc.o(i.RCC_LSEDriveConfig), (24 bytes).
    Removing stm32f30x_rcc.o(i.RCC_LSICmd), (12 bytes).
    Removing stm32f30x_rcc.o(i.RCC_MCOConfig), (12 bytes).
    Removing stm32f30x_rcc.o(i.RCC_PCLK1Config), (20 bytes).
    Removing stm32f30x_rcc.o(i.RCC_PCLK2Config), (20 bytes).
    Removing stm32f30x_rcc.o(i.RCC_PLLCmd), (12 bytes).
    Removing stm32f30x_rcc.o(i.RCC_PLLConfig), (24 bytes).
    Removing stm32f30x_rcc.o(i.RCC_PREDIV1Config), (20 bytes).
    Removing stm32f30x_rcc.o(i.RCC_RTCCLKCmd), (12 bytes).
    Removing stm32f30x_rcc.o(i.RCC_RTCCLKConfig), (16 bytes).
    Removing stm32f30x_rcc.o(i.RCC_SYSCLKConfig), (20 bytes).
    Removing stm32f30x_rcc.o(i.RCC_TIMCLKConfig), (32 bytes).
    Removing stm32f30x_rcc.o(i.RCC_USARTCLKConfig), (72 bytes).
    Removing stm32f30x_rcc.o(i.RCC_WaitForHSEStartUp), (44 bytes).
    Removing stm32f30x_rtc.o(.rev16_text), (4 bytes).
    Removing stm32f30x_rtc.o(.revsh_text), (4 bytes).
    Removing stm32f30x_rtc.o(i.RTC_AlarmCmd), (84 bytes).
    Removing stm32f30x_rtc.o(i.RTC_AlarmStructInit), (20 bytes).
    Removing stm32f30x_rtc.o(i.RTC_AlarmSubSecondConfig), (44 bytes).
    Removing stm32f30x_rtc.o(i.RTC_Bcd2ToByte), (18 bytes).
    Removing stm32f30x_rtc.o(i.RTC_BypassShadowCmd), (44 bytes).
    Removing stm32f30x_rtc.o(i.RTC_ByteToBcd2), (24 bytes).
    Removing stm32f30x_rtc.o(i.RTC_CalibOutputCmd), (44 bytes).
    Removing stm32f30x_rtc.o(i.RTC_CalibOutputConfig), (40 bytes).
    Removing stm32f30x_rtc.o(i.RTC_ClearFlag), (28 bytes).
    Removing stm32f30x_rtc.o(i.RTC_ClearITPendingBit), (28 bytes).
    Removing stm32f30x_rtc.o(i.RTC_DateStructInit), (14 bytes).
    Removing stm32f30x_rtc.o(i.RTC_DayLightSavingConfig), (44 bytes).
    Removing stm32f30x_rtc.o(i.RTC_DeInit), (172 bytes).
    Removing stm32f30x_rtc.o(i.RTC_EnterInitMode), (60 bytes).
    Removing stm32f30x_rtc.o(i.RTC_ExitInitMode), (16 bytes).
    Removing stm32f30x_rtc.o(i.RTC_GetAlarm), (108 bytes).
    Removing stm32f30x_rtc.o(i.RTC_GetAlarmSubSecond), (28 bytes).
    Removing stm32f30x_rtc.o(i.RTC_GetDate), (72 bytes).
    Removing stm32f30x_rtc.o(i.RTC_GetFlagStatus), (28 bytes).
    Removing stm32f30x_rtc.o(i.RTC_GetITStatus), (64 bytes).
    Removing stm32f30x_rtc.o(i.RTC_GetStoreOperation), (16 bytes).
    Removing stm32f30x_rtc.o(i.RTC_GetSubSecond), (16 bytes).
    Removing stm32f30x_rtc.o(i.RTC_GetTime), (76 bytes).
    Removing stm32f30x_rtc.o(i.RTC_GetTimeStamp), (136 bytes).
    Removing stm32f30x_rtc.o(i.RTC_GetTimeStampSubSecond), (12 bytes).
    Removing stm32f30x_rtc.o(i.RTC_GetWakeUpCounter), (12 bytes).
    Removing stm32f30x_rtc.o(i.RTC_ITConfig), (64 bytes).
    Removing stm32f30x_rtc.o(i.RTC_Init), (80 bytes).
    Removing stm32f30x_rtc.o(i.RTC_OutputConfig), (44 bytes).
    Removing stm32f30x_rtc.o(i.RTC_OutputTypeConfig), (24 bytes).
    Removing stm32f30x_rtc.o(i.RTC_ReadBackupRegister), (20 bytes).
    Removing stm32f30x_rtc.o(i.RTC_RefClockCmd), (60 bytes).
    Removing stm32f30x_rtc.o(i.RTC_SetAlarm), (164 bytes).
    Removing stm32f30x_rtc.o(i.RTC_SetDate), (156 bytes).
    Removing stm32f30x_rtc.o(i.RTC_SetTime), (160 bytes).
    Removing stm32f30x_rtc.o(i.RTC_SetWakeUpCounter), (28 bytes).
    Removing stm32f30x_rtc.o(i.RTC_SmoothCalibConfig), (76 bytes).
    Removing stm32f30x_rtc.o(i.RTC_StructInit), (14 bytes).
    Removing stm32f30x_rtc.o(i.RTC_SynchroShiftConfig), (88 bytes).
    Removing stm32f30x_rtc.o(i.RTC_TamperCmd), (24 bytes).
    Removing stm32f30x_rtc.o(i.RTC_TamperFilterConfig), (24 bytes).
    Removing stm32f30x_rtc.o(i.RTC_TamperPinsPrechargeDuration), (24 bytes).
    Removing stm32f30x_rtc.o(i.RTC_TamperPullUpCmd), (28 bytes).
    Removing stm32f30x_rtc.o(i.RTC_TamperSamplingFreqConfig), (24 bytes).
    Removing stm32f30x_rtc.o(i.RTC_TamperTriggerConfig), (28 bytes).
    Removing stm32f30x_rtc.o(i.RTC_TimeStampCmd), (48 bytes).
    Removing stm32f30x_rtc.o(i.RTC_TimeStampOnTamperDetectionCmd), (28 bytes).
    Removing stm32f30x_rtc.o(i.RTC_TimeStructInit), (12 bytes).
    Removing stm32f30x_rtc.o(i.RTC_WaitForSynchro), (88 bytes).
    Removing stm32f30x_rtc.o(i.RTC_WakeUpClockConfig), (40 bytes).
    Removing stm32f30x_rtc.o(i.RTC_WakeUpCmd), (88 bytes).
    Removing stm32f30x_rtc.o(i.RTC_WriteBackupRegister), (20 bytes).
    Removing stm32f30x_rtc.o(i.RTC_WriteProtectionCmd), (24 bytes).
    Removing stm32f30x_spi.o(.rev16_text), (4 bytes).
    Removing stm32f30x_spi.o(.revsh_text), (4 bytes).
    Removing stm32f30x_spi.o(i.I2S_Cmd), (20 bytes).
    Removing stm32f30x_spi.o(i.I2S_FullDuplexConfig), (58 bytes).
    Removing stm32f30x_spi.o(i.I2S_Init), (152 bytes).
    Removing stm32f30x_spi.o(i.I2S_StructInit), (18 bytes).
    Removing stm32f30x_spi.o(i.SPI_BiDirectionalLineConfig), (22 bytes).
    Removing stm32f30x_spi.o(i.SPI_CRCLengthConfig), (16 bytes).
    Removing stm32f30x_spi.o(i.SPI_CalculateCRC), (20 bytes).
    Removing stm32f30x_spi.o(i.SPI_Cmd), (20 bytes).
    Removing stm32f30x_spi.o(i.SPI_DataSizeConfig), (12 bytes).
    Removing stm32f30x_spi.o(i.SPI_GetCRC), (12 bytes).
    Removing stm32f30x_spi.o(i.SPI_GetCRCPolynomial), (4 bytes).
    Removing stm32f30x_spi.o(i.SPI_GetReceptionFIFOStatus), (8 bytes).
    Removing stm32f30x_spi.o(i.SPI_GetTransmissionFIFOStatus), (8 bytes).
    Removing stm32f30x_spi.o(i.SPI_I2S_ClearFlag), (6 bytes).
    Removing stm32f30x_spi.o(i.SPI_I2S_DMACmd), (16 bytes).
    Removing stm32f30x_spi.o(i.SPI_I2S_DeInit), (84 bytes).
    Removing stm32f30x_spi.o(i.SPI_I2S_GetFlagStatus), (14 bytes).
    Removing stm32f30x_spi.o(i.SPI_I2S_GetITStatus), (42 bytes).
    Removing stm32f30x_spi.o(i.SPI_I2S_ITConfig), (24 bytes).
    Removing stm32f30x_spi.o(i.SPI_I2S_ReceiveData16), (4 bytes).
    Removing stm32f30x_spi.o(i.SPI_I2S_SendData16), (4 bytes).
    Removing stm32f30x_spi.o(i.SPI_Init), (122 bytes).
    Removing stm32f30x_spi.o(i.SPI_LastDMATransferCmd), (16 bytes).
    Removing stm32f30x_spi.o(i.SPI_NSSInternalSoftwareConfig), (24 bytes).
    Removing stm32f30x_spi.o(i.SPI_NSSPulseModeCmd), (20 bytes).
    Removing stm32f30x_spi.o(i.SPI_ReceiveData8), (4 bytes).
    Removing stm32f30x_spi.o(i.SPI_RxFIFOThresholdConfig), (16 bytes).
    Removing stm32f30x_spi.o(i.SPI_SSOutputCmd), (20 bytes).
    Removing stm32f30x_spi.o(i.SPI_SendData8), (4 bytes).
    Removing stm32f30x_spi.o(i.SPI_StructInit), (28 bytes).
    Removing stm32f30x_spi.o(i.SPI_TIModeCmd), (20 bytes).
    Removing stm32f30x_spi.o(i.SPI_TransmitCRC), (10 bytes).
    Removing stm32f30x_syscfg.o(.rev16_text), (4 bytes).
    Removing stm32f30x_syscfg.o(.revsh_text), (4 bytes).
    Removing stm32f30x_syscfg.o(i.SYSCFG_BreakConfig), (16 bytes).
    Removing stm32f30x_syscfg.o(i.SYSCFG_BypassParityCheckDisable), (12 bytes).
    Removing stm32f30x_syscfg.o(i.SYSCFG_ClearFlag), (16 bytes).
    Removing stm32f30x_syscfg.o(i.SYSCFG_DMAChannelRemapConfig), (24 bytes).
    Removing stm32f30x_syscfg.o(i.SYSCFG_DeInit), (40 bytes).
    Removing stm32f30x_syscfg.o(i.SYSCFG_EXTILineConfig), (40 bytes).
    Removing stm32f30x_syscfg.o(i.SYSCFG_EncoderRemapConfig), (24 bytes).
    Removing stm32f30x_syscfg.o(i.SYSCFG_GetFlagStatus), (20 bytes).
    Removing stm32f30x_syscfg.o(i.SYSCFG_I2CFastModePlusConfig), (24 bytes).
    Removing stm32f30x_syscfg.o(i.SYSCFG_ITConfig), (24 bytes).
    Removing stm32f30x_syscfg.o(i.SYSCFG_MemoryRemapConfig), (20 bytes).
    Removing stm32f30x_syscfg.o(i.SYSCFG_SRAMWRPEnable), (16 bytes).
    Removing stm32f30x_syscfg.o(i.SYSCFG_TriggerRemapConfig), (24 bytes).
    Removing stm32f30x_syscfg.o(i.SYSCFG_USBInterruptLineRemapCmd), (12 bytes).
    Removing stm32f30x_tim.o(.rev16_text), (4 bytes).
    Removing stm32f30x_tim.o(.revsh_text), (4 bytes).
    Removing stm32f30x_tim.o(i.TI1_Config), (40 bytes).
    Removing stm32f30x_tim.o(i.TI2_Config), (54 bytes).
    Removing stm32f30x_tim.o(i.TIM_ARRPreloadConfig), (20 bytes).
    Removing stm32f30x_tim.o(i.TIM_BDTRConfig), (32 bytes).
    Removing stm32f30x_tim.o(i.TIM_BDTRStructInit), (18 bytes).
    Removing stm32f30x_tim.o(i.TIM_Break1Cmd), (20 bytes).
    Removing stm32f30x_tim.o(i.TIM_Break1Config), (20 bytes).
    Removing stm32f30x_tim.o(i.TIM_Break2Cmd), (20 bytes).
    Removing stm32f30x_tim.o(i.TIM_Break2Config), (20 bytes).
    Removing stm32f30x_tim.o(i.TIM_CCPreloadControl), (22 bytes).
    Removing stm32f30x_tim.o(i.TIM_CCxCmd), (22 bytes).
    Removing stm32f30x_tim.o(i.TIM_CCxNCmd), (22 bytes).
    Removing stm32f30x_tim.o(i.TIM_ClearFlag), (8 bytes).
    Removing stm32f30x_tim.o(i.TIM_ClearITPendingBit), (8 bytes).
    Removing stm32f30x_tim.o(i.TIM_ClearOC1Ref), (12 bytes).
    Removing stm32f30x_tim.o(i.TIM_ClearOC2Ref), (14 bytes).
    Removing stm32f30x_tim.o(i.TIM_ClearOC3Ref), (12 bytes).
    Removing stm32f30x_tim.o(i.TIM_ClearOC4Ref), (14 bytes).
    Removing stm32f30x_tim.o(i.TIM_ClearOC5Ref), (12 bytes).
    Removing stm32f30x_tim.o(i.TIM_ClearOC6Ref), (14 bytes).
    Removing stm32f30x_tim.o(i.TIM_Cmd), (20 bytes).
    Removing stm32f30x_tim.o(i.TIM_CounterModeConfig), (12 bytes).
    Removing stm32f30x_tim.o(i.TIM_CtrlPWMOutputs), (20 bytes).
    Removing stm32f30x_tim.o(i.TIM_DMACmd), (20 bytes).
    Removing stm32f30x_tim.o(i.TIM_DMAConfig), (8 bytes).
    Removing stm32f30x_tim.o(i.TIM_DeInit), (224 bytes).
    Removing stm32f30x_tim.o(i.TIM_ETRClockMode1Config), (20 bytes).
    Removing stm32f30x_tim.o(i.TIM_ETRClockMode2Config), (18 bytes).
    Removing stm32f30x_tim.o(i.TIM_ETRConfig), (24 bytes).
    Removing stm32f30x_tim.o(i.TIM_EncoderInterfaceConfig), (56 bytes).
    Removing stm32f30x_tim.o(i.TIM_ForcedOC1Config), (16 bytes).
    Removing stm32f30x_tim.o(i.TIM_ForcedOC2Config), (20 bytes).
    Removing stm32f30x_tim.o(i.TIM_ForcedOC3Config), (12 bytes).
    Removing stm32f30x_tim.o(i.TIM_ForcedOC4Config), (14 bytes).
    Removing stm32f30x_tim.o(i.TIM_ForcedOC5Config), (12 bytes).
    Removing stm32f30x_tim.o(i.TIM_ForcedOC6Config), (14 bytes).
    Removing stm32f30x_tim.o(i.TIM_GenerateEvent), (4 bytes).
    Removing stm32f30x_tim.o(i.TIM_GetCapture1), (4 bytes).
    Removing stm32f30x_tim.o(i.TIM_GetCapture2), (4 bytes).
    Removing stm32f30x_tim.o(i.TIM_GetCapture3), (4 bytes).
    Removing stm32f30x_tim.o(i.TIM_GetCapture4), (4 bytes).
    Removing stm32f30x_tim.o(i.TIM_GetCounter), (4 bytes).
    Removing stm32f30x_tim.o(i.TIM_GetFlagStatus), (14 bytes).
    Removing stm32f30x_tim.o(i.TIM_GetITStatus), (24 bytes).
    Removing stm32f30x_tim.o(i.TIM_GetPrescaler), (4 bytes).
    Removing stm32f30x_tim.o(i.TIM_ICInit), (184 bytes).
    Removing stm32f30x_tim.o(i.TIM_ICStructInit), (16 bytes).
    Removing stm32f30x_tim.o(i.TIM_ITConfig), (20 bytes).
    Removing stm32f30x_tim.o(i.TIM_ITRxExternalClockConfig), (18 bytes).
    Removing stm32f30x_tim.o(i.TIM_InternalClockConfig), (12 bytes).
    Removing stm32f30x_tim.o(i.TIM_OC1FastConfig), (12 bytes).
    Removing stm32f30x_tim.o(i.TIM_OC1Init), (136 bytes).
    Removing stm32f30x_tim.o(i.TIM_OC1NPolarityConfig), (12 bytes).
    Removing stm32f30x_tim.o(i.TIM_OC1PolarityConfig), (12 bytes).
    Removing stm32f30x_tim.o(i.TIM_OC1PreloadConfig), (12 bytes).
    Removing stm32f30x_tim.o(i.TIM_OC2FastConfig), (14 bytes).
    Removing stm32f30x_tim.o(i.TIM_OC2Init), (120 bytes).
    Removing stm32f30x_tim.o(i.TIM_OC2NPolarityConfig), (14 bytes).
    Removing stm32f30x_tim.o(i.TIM_OC2PolarityConfig), (14 bytes).
    Removing stm32f30x_tim.o(i.TIM_OC2PreloadConfig), (14 bytes).
    Removing stm32f30x_tim.o(i.TIM_OC3FastConfig), (12 bytes).
    Removing stm32f30x_tim.o(i.TIM_OC3Init), (108 bytes).
    Removing stm32f30x_tim.o(i.TIM_OC3NPolarityConfig), (14 bytes).
    Removing stm32f30x_tim.o(i.TIM_OC3PolarityConfig), (14 bytes).
    Removing stm32f30x_tim.o(i.TIM_OC3PreloadConfig), (12 bytes).
    Removing stm32f30x_tim.o(i.TIM_OC4FastConfig), (14 bytes).
    Removing stm32f30x_tim.o(i.TIM_OC4Init), (84 bytes).
    Removing stm32f30x_tim.o(i.TIM_OC4PolarityConfig), (14 bytes).
    Removing stm32f30x_tim.o(i.TIM_OC4PreloadConfig), (14 bytes).
    Removing stm32f30x_tim.o(i.TIM_OC5Init), (84 bytes).
    Removing stm32f30x_tim.o(i.TIM_OC5PolarityConfig), (14 bytes).
    Removing stm32f30x_tim.o(i.TIM_OC5PreloadConfig), (12 bytes).
    Removing stm32f30x_tim.o(i.TIM_OC6Init), (80 bytes).
    Removing stm32f30x_tim.o(i.TIM_OC6PolarityConfig), (14 bytes).
    Removing stm32f30x_tim.o(i.TIM_OC6PreloadConfig), (14 bytes).
    Removing stm32f30x_tim.o(i.TIM_OCStructInit), (20 bytes).
    Removing stm32f30x_tim.o(i.TIM_PWMIConfig), (108 bytes).
    Removing stm32f30x_tim.o(i.TIM_PrescalerConfig), (6 bytes).
    Removing stm32f30x_tim.o(i.TIM_RemapConfig), (6 bytes).
    Removing stm32f30x_tim.o(i.TIM_SelectCCDMA), (22 bytes).
    Removing stm32f30x_tim.o(i.TIM_SelectCOM), (22 bytes).
    Removing stm32f30x_tim.o(i.TIM_SelectGC5C1), (20 bytes).
    Removing stm32f30x_tim.o(i.TIM_SelectGC5C2), (20 bytes).
    Removing stm32f30x_tim.o(i.TIM_SelectGC5C3), (20 bytes).
    Removing stm32f30x_tim.o(i.TIM_SelectHallSensor), (22 bytes).
    Removing stm32f30x_tim.o(i.TIM_SelectInputTrigger), (14 bytes).
    Removing stm32f30x_tim.o(i.TIM_SelectMasterSlaveMode), (18 bytes).
    Removing stm32f30x_tim.o(i.TIM_SelectOCREFClear), (18 bytes).
    Removing stm32f30x_tim.o(i.TIM_SelectOCxM), (80 bytes).
    Removing stm32f30x_tim.o(i.TIM_SelectOnePulseMode), (16 bytes).
    Removing stm32f30x_tim.o(i.TIM_SelectOutputTrigger), (18 bytes).
    Removing stm32f30x_tim.o(i.TIM_SelectOutputTrigger2), (16 bytes).
    Removing stm32f30x_tim.o(i.TIM_SelectSlaveMode), (20 bytes).
    Removing stm32f30x_tim.o(i.TIM_SetAutoreload), (4 bytes).
    Removing stm32f30x_tim.o(i.TIM_SetClockDivision), (16 bytes).
    Removing stm32f30x_tim.o(i.TIM_SetCompare1), (4 bytes).
    Removing stm32f30x_tim.o(i.TIM_SetCompare2), (4 bytes).
    Removing stm32f30x_tim.o(i.TIM_SetCompare3), (4 bytes).
    Removing stm32f30x_tim.o(i.TIM_SetCompare4), (4 bytes).
    Removing stm32f30x_tim.o(i.TIM_SetCompare5), (4 bytes).
    Removing stm32f30x_tim.o(i.TIM_SetCompare6), (4 bytes).
    Removing stm32f30x_tim.o(i.TIM_SetCounter), (4 bytes).
    Removing stm32f30x_tim.o(i.TIM_SetIC1Prescaler), (16 bytes).
    Removing stm32f30x_tim.o(i.TIM_SetIC2Prescaler), (18 bytes).
    Removing stm32f30x_tim.o(i.TIM_SetIC3Prescaler), (18 bytes).
    Removing stm32f30x_tim.o(i.TIM_SetIC4Prescaler), (26 bytes).
    Removing stm32f30x_tim.o(i.TIM_TIxExternalClockConfig), (46 bytes).
    Removing stm32f30x_tim.o(i.TIM_TimeBaseInit), (144 bytes).
    Removing stm32f30x_tim.o(i.TIM_TimeBaseStructInit), (18 bytes).
    Removing stm32f30x_tim.o(i.TIM_UIFRemap), (20 bytes).
    Removing stm32f30x_tim.o(i.TIM_UpdateDisableConfig), (20 bytes).
    Removing stm32f30x_tim.o(i.TIM_UpdateRequestConfig), (20 bytes).
    Removing stm32f30x_usart.o(.rev16_text), (4 bytes).
    Removing stm32f30x_usart.o(.revsh_text), (4 bytes).
    Removing stm32f30x_usart.o(i.USART_AddressDetectionConfig), (16 bytes).
    Removing stm32f30x_usart.o(i.USART_AutoBaudRateCmd), (20 bytes).
    Removing stm32f30x_usart.o(i.USART_AutoBaudRateConfig), (16 bytes).
    Removing stm32f30x_usart.o(i.USART_ClearFlag), (4 bytes).
    Removing stm32f30x_usart.o(i.USART_ClearITPendingBit), (10 bytes).
    Removing stm32f30x_usart.o(i.USART_ClockInit), (28 bytes).
    Removing stm32f30x_usart.o(i.USART_ClockStructInit), (12 bytes).
    Removing stm32f30x_usart.o(i.USART_DECmd), (20 bytes).
    Removing stm32f30x_usart.o(i.USART_DEPolarityConfig), (16 bytes).
    Removing stm32f30x_usart.o(i.USART_DMACmd), (16 bytes).
    Removing stm32f30x_usart.o(i.USART_DMAReceptionErrorConfig), (16 bytes).
    Removing stm32f30x_usart.o(i.USART_DataInvCmd), (20 bytes).
    Removing stm32f30x_usart.o(i.USART_DeInit), (116 bytes).
    Removing stm32f30x_usart.o(i.USART_DirectionModeCmd), (16 bytes).
    Removing stm32f30x_usart.o(i.USART_HalfDuplexCmd), (20 bytes).
    Removing stm32f30x_usart.o(i.USART_InvPinCmd), (16 bytes).
    Removing stm32f30x_usart.o(i.USART_IrDACmd), (20 bytes).
    Removing stm32f30x_usart.o(i.USART_IrDAConfig), (16 bytes).
    Removing stm32f30x_usart.o(i.USART_LINBreakDetectLengthConfig), (16 bytes).
    Removing stm32f30x_usart.o(i.USART_LINCmd), (20 bytes).
    Removing stm32f30x_usart.o(i.USART_MSBFirstCmd), (20 bytes).
    Removing stm32f30x_usart.o(i.USART_MuteModeCmd), (20 bytes).
    Removing stm32f30x_usart.o(i.USART_MuteModeWakeUpConfig), (16 bytes).
    Removing stm32f30x_usart.o(i.USART_OneBitMethodCmd), (20 bytes).
    Removing stm32f30x_usart.o(i.USART_OverSampling8Cmd), (20 bytes).
    Removing stm32f30x_usart.o(i.USART_OverrunDetectionConfig), (16 bytes).
    Removing stm32f30x_usart.o(i.USART_ReceiverTimeOutCmd), (20 bytes).
    Removing stm32f30x_usart.o(i.USART_RequestCmd), (16 bytes).
    Removing stm32f30x_usart.o(i.USART_STOPModeCmd), (20 bytes).
    Removing stm32f30x_usart.o(i.USART_SWAPPinCmd), (20 bytes).
    Removing stm32f30x_usart.o(i.USART_SetAddress), (18 bytes).
    Removing stm32f30x_usart.o(i.USART_SetAutoRetryCount), (18 bytes).
    Removing stm32f30x_usart.o(i.USART_SetBlockLength), (18 bytes).
    Removing stm32f30x_usart.o(i.USART_SetDEAssertionTime), (18 bytes).
    Removing stm32f30x_usart.o(i.USART_SetDEDeassertionTime), (18 bytes).
    Removing stm32f30x_usart.o(i.USART_SetGuardTime), (16 bytes).
    Removing stm32f30x_usart.o(i.USART_SetPrescaler), (16 bytes).
    Removing stm32f30x_usart.o(i.USART_SetReceiverTimeOut), (16 bytes).
    Removing stm32f30x_usart.o(i.USART_SmartCardCmd), (20 bytes).
    Removing stm32f30x_usart.o(i.USART_SmartCardNACKCmd), (20 bytes).
    Removing stm32f30x_usart.o(i.USART_StopModeWakeUpSourceConfig), (16 bytes).
    Removing stm32f30x_usart.o(i.USART_StructInit), (22 bytes).
    Removing stm32303c_eval.o(.rev16_text), (4 bytes).
    Removing stm32303c_eval.o(.revsh_text), (4 bytes).
    Removing stm32303c_eval.o(i.SD_LowLevel_DeInit), (120 bytes).
    Removing stm32303c_eval.o(i.SD_LowLevel_Init), (280 bytes).
    Removing stm32303c_eval.o(i.STM_EVAL_LEDInit), (80 bytes).
    Removing stm32303c_eval.o(i.STM_EVAL_LEDOff), (24 bytes).
    Removing stm32303c_eval.o(i.STM_EVAL_LEDOn), (24 bytes).
    Removing stm32303c_eval.o(i.STM_EVAL_LEDToggle), (28 bytes).
    Removing stm32303c_eval.o(i.STM_EVAL_PBGetState), (36 bytes).
    Removing stm32303c_eval.o(i.STM_EVAL_PBInit), (168 bytes).
    Removing stm32303c_eval.o(i.TS751_LowLevel_DeInit), (92 bytes).
    Removing stm32303c_eval.o(i.TS751_LowLevel_Init), (136 bytes).
    Removing stm32303c_eval.o(i.sEE_I2C_LowLevel_DeInit), (76 bytes).
    Removing stm32303c_eval.o(i.sEE_I2C_LowLevel_Init), (108 bytes).
    Removing stm32303c_eval.o(i.sEE_SPI_LowLevel_DeInit), (104 bytes).
    Removing stm32303c_eval.o(i.sEE_SPI_LowLevel_Init), (256 bytes).

647 unused section(s) (total 20101 bytes) removed from the image.

==============================================================================

Image Symbol Table

    Local Symbols

    Symbol Name                              Value     Ov Type        Size  Object(Section)

    ../clib/../cmprslib/zerorunl2.c          0x00000000   Number         0  __dczerorl2.o ABSOLUTE
    ../clib/microlib/init/entry.s            0x00000000   Number         0  entry7b.o ABSOLUTE
    ../clib/microlib/init/entry.s            0x00000000   Number         0  entry2.o ABSOLUTE
    ../clib/microlib/init/entry.s            0x00000000   Number         0  entry5.o ABSOLUTE
    ../clib/microlib/init/entry.s            0x00000000   Number         0  entry7a.o ABSOLUTE
    ../clib/microlib/init/entry.s            0x00000000   Number         0  entry8a.o ABSOLUTE
    ../clib/microlib/init/entry.s            0x00000000   Number         0  entry8b.o ABSOLUTE
    ../clib/microlib/init/entry.s            0x00000000   Number         0  entry9a.o ABSOLUTE
    ../clib/microlib/init/entry.s            0x00000000   Number         0  entry.o ABSOLUTE
    ../clib/microlib/init/entry.s            0x00000000   Number         0  entry9b.o ABSOLUTE
    ../clib/microlib/init/entry.s            0x00000000   Number         0  entry10a.o ABSOLUTE
    ../clib/microlib/init/entry.s            0x00000000   Number         0  entry10b.o ABSOLUTE
    ../clib/microlib/init/entry.s            0x00000000   Number         0  entry11a.o ABSOLUTE
    ../clib/microlib/init/entry.s            0x00000000   Number         0  entry11b.o ABSOLUTE
    ..\..\..\Libraries\CMSIS\Device\ST\STM32F30x\Source\Templates\arm\startup_stm32f30x.s 0x00000000   Number         0  startup_stm32f30x.o ABSOLUTE
    ..\..\..\Libraries\STM32F30x_StdPeriph_Driver\src\stm32f30x_adc.c 0x00000000   Number         0  stm32f30x_adc.o ABSOLUTE
    ..\..\..\Libraries\STM32F30x_StdPeriph_Driver\src\stm32f30x_can.c 0x00000000   Number         0  stm32f30x_can.o ABSOLUTE
    ..\..\..\Libraries\STM32F30x_StdPeriph_Driver\src\stm32f30x_crc.c 0x00000000   Number         0  stm32f30x_crc.o ABSOLUTE
    ..\..\..\Libraries\STM32F30x_StdPeriph_Driver\src\stm32f30x_dac.c 0x00000000   Number         0  stm32f30x_dac.o ABSOLUTE
    ..\..\..\Libraries\STM32F30x_StdPeriph_Driver\src\stm32f30x_dma.c 0x00000000   Number         0  stm32f30x_dma.o ABSOLUTE
    ..\..\..\Libraries\STM32F30x_StdPeriph_Driver\src\stm32f30x_exti.c 0x00000000   Number         0  stm32f30x_exti.o ABSOLUTE
    ..\..\..\Libraries\STM32F30x_StdPeriph_Driver\src\stm32f30x_flash.c 0x00000000   Number         0  stm32f30x_flash.o ABSOLUTE
    ..\..\..\Libraries\STM32F30x_StdPeriph_Driver\src\stm32f30x_gpio.c 0x00000000   Number         0  stm32f30x_gpio.o ABSOLUTE
    ..\..\..\Libraries\STM32F30x_StdPeriph_Driver\src\stm32f30x_i2c.c 0x00000000   Number         0  stm32f30x_i2c.o ABSOLUTE
    ..\..\..\Libraries\STM32F30x_StdPeriph_Driver\src\stm32f30x_misc.c 0x00000000   Number         0  stm32f30x_misc.o ABSOLUTE
    ..\..\..\Libraries\STM32F30x_StdPeriph_Driver\src\stm32f30x_pwr.c 0x00000000   Number         0  stm32f30x_pwr.o ABSOLUTE
    ..\..\..\Libraries\STM32F30x_StdPeriph_Driver\src\stm32f30x_rcc.c 0x00000000   Number         0  stm32f30x_rcc.o ABSOLUTE
    ..\..\..\Libraries\STM32F30x_StdPeriph_Driver\src\stm32f30x_rtc.c 0x00000000   Number         0  stm32f30x_rtc.o ABSOLUTE
    ..\..\..\Libraries\STM32F30x_StdPeriph_Driver\src\stm32f30x_spi.c 0x00000000   Number         0  stm32f30x_spi.o ABSOLUTE
    ..\..\..\Libraries\STM32F30x_StdPeriph_Driver\src\stm32f30x_syscfg.c 0x00000000   Number         0  stm32f30x_syscfg.o ABSOLUTE
    ..\..\..\Libraries\STM32F30x_StdPeriph_Driver\src\stm32f30x_tim.c 0x00000000   Number         0  stm32f30x_tim.o ABSOLUTE
    ..\..\..\Libraries\STM32F30x_StdPeriph_Driver\src\stm32f30x_usart.c 0x00000000   Number         0  stm32f30x_usart.o ABSOLUTE
    ..\..\..\Libraries\STM32_USB-FS-Device_Driver\src\usb_core.c 0x00000000   Number         0  usb_core.o ABSOLUTE
    ..\..\..\Libraries\STM32_USB-FS-Device_Driver\src\usb_init.c 0x00000000   Number         0  usb_init.o ABSOLUTE
    ..\..\..\Libraries\STM32_USB-FS-Device_Driver\src\usb_int.c 0x00000000   Number         0  usb_int.o ABSOLUTE
    ..\..\..\Libraries\STM32_USB-FS-Device_Driver\src\usb_mem.c 0x00000000   Number         0  usb_mem.o ABSOLUTE
    ..\..\..\Libraries\STM32_USB-FS-Device_Driver\src\usb_regs.c 0x00000000   Number         0  usb_regs.o ABSOLUTE
    ..\..\..\Libraries\STM32_USB-FS-Device_Driver\src\usb_sil.c 0x00000000   Number         0  usb_sil.o ABSOLUTE
    ..\..\..\Utilities\STM32_EVAL\STM32303C_EVAL\stm32303c_eval.c 0x00000000   Number         0  stm32303c_eval.o ABSOLUTE
    ..\\..\\..\\Libraries\\STM32F30x_StdPeriph_Driver\\src\\stm32f30x_adc.c 0x00000000   Number         0  stm32f30x_adc.o ABSOLUTE
    ..\\..\\..\\Libraries\\STM32F30x_StdPeriph_Driver\\src\\stm32f30x_can.c 0x00000000   Number         0  stm32f30x_can.o ABSOLUTE
    ..\\..\\..\\Libraries\\STM32F30x_StdPeriph_Driver\\src\\stm32f30x_crc.c 0x00000000   Number         0  stm32f30x_crc.o ABSOLUTE
    ..\\..\\..\\Libraries\\STM32F30x_StdPeriph_Driver\\src\\stm32f30x_dac.c 0x00000000   Number         0  stm32f30x_dac.o ABSOLUTE
    ..\\..\\..\\Libraries\\STM32F30x_StdPeriph_Driver\\src\\stm32f30x_dma.c 0x00000000   Number         0  stm32f30x_dma.o ABSOLUTE
    ..\\..\\..\\Libraries\\STM32F30x_StdPeriph_Driver\\src\\stm32f30x_exti.c 0x00000000   Number         0  stm32f30x_exti.o ABSOLUTE
    ..\\..\\..\\Libraries\\STM32F30x_StdPeriph_Driver\\src\\stm32f30x_flash.c 0x00000000   Number         0  stm32f30x_flash.o ABSOLUTE
    ..\\..\\..\\Libraries\\STM32F30x_StdPeriph_Driver\\src\\stm32f30x_gpio.c 0x00000000   Number         0  stm32f30x_gpio.o ABSOLUTE
    ..\\..\\..\\Libraries\\STM32F30x_StdPeriph_Driver\\src\\stm32f30x_i2c.c 0x00000000   Number         0  stm32f30x_i2c.o ABSOLUTE
    ..\\..\\..\\Libraries\\STM32F30x_StdPeriph_Driver\\src\\stm32f30x_misc.c 0x00000000   Number         0  stm32f30x_misc.o ABSOLUTE
    ..\\..\\..\\Libraries\\STM32F30x_StdPeriph_Driver\\src\\stm32f30x_pwr.c 0x00000000   Number         0  stm32f30x_pwr.o ABSOLUTE
    ..\\..\\..\\Libraries\\STM32F30x_StdPeriph_Driver\\src\\stm32f30x_rcc.c 0x00000000   Number         0  stm32f30x_rcc.o ABSOLUTE
    ..\\..\\..\\Libraries\\STM32F30x_StdPeriph_Driver\\src\\stm32f30x_rtc.c 0x00000000   Number         0  stm32f30x_rtc.o ABSOLUTE
    ..\\..\\..\\Libraries\\STM32F30x_StdPeriph_Driver\\src\\stm32f30x_spi.c 0x00000000   Number         0  stm32f30x_spi.o ABSOLUTE
    ..\\..\\..\\Libraries\\STM32F30x_StdPeriph_Driver\\src\\stm32f30x_syscfg.c 0x00000000   Number         0  stm32f30x_syscfg.o ABSOLUTE
    ..\\..\\..\\Libraries\\STM32F30x_StdPeriph_Driver\\src\\stm32f30x_tim.c 0x00000000   Number         0  stm32f30x_tim.o ABSOLUTE
    ..\\..\\..\\Libraries\\STM32F30x_StdPeriph_Driver\\src\\stm32f30x_usart.c 0x00000000   Number         0  stm32f30x_usart.o ABSOLUTE
    ..\\..\\..\\Libraries\\STM32_USB-FS-Device_Driver\\src\\usb_core.c 0x00000000   Number         0  usb_core.o ABSOLUTE
    ..\\..\\..\\Libraries\\STM32_USB-FS-Device_Driver\\src\\usb_init.c 0x00000000   Number         0  usb_init.o ABSOLUTE
    ..\\..\\..\\Libraries\\STM32_USB-FS-Device_Driver\\src\\usb_int.c 0x00000000   Number         0  usb_int.o ABSOLUTE
    ..\\..\\..\\Libraries\\STM32_USB-FS-Device_Driver\\src\\usb_mem.c 0x00000000   Number         0  usb_mem.o ABSOLUTE
    ..\\..\\..\\Libraries\\STM32_USB-FS-Device_Driver\\src\\usb_regs.c 0x00000000   Number         0  usb_regs.o ABSOLUTE
    ..\\..\\..\\Libraries\\STM32_USB-FS-Device_Driver\\src\\usb_sil.c 0x00000000   Number         0  usb_sil.o ABSOLUTE
    ..\\..\\..\\Utilities\\STM32_EVAL\\STM32303C_EVAL\\stm32303c_eval.c 0x00000000   Number         0  stm32303c_eval.o ABSOLUTE
    ..\\src\\hw_config.c                     0x00000000   Number         0  hw_config.o ABSOLUTE
    ..\\src\\main.c                          0x00000000   Number         0  main.o ABSOLUTE
    ..\\src\\stm32_it.c                      0x00000000   Number         0  stm32_it.o ABSOLUTE
    ..\\src\\system_stm32f30x.c              0x00000000   Number         0  system_stm32f30x.o ABSOLUTE
    ..\\src\\usb_desc.c                      0x00000000   Number         0  usb_desc.o ABSOLUTE
    ..\\src\\usb_endp.c                      0x00000000   Number         0  usb_endp.o ABSOLUTE
    ..\\src\\usb_istr.c                      0x00000000   Number         0  usb_istr.o ABSOLUTE
    ..\\src\\usb_prop.c                      0x00000000   Number         0  usb_prop.o ABSOLUTE
    ..\\src\\usb_pwr.c                       0x00000000   Number         0  usb_pwr.o ABSOLUTE
    ..\src\hw_config.c                       0x00000000   Number         0  hw_config.o ABSOLUTE
    ..\src\main.c                            0x00000000   Number         0  main.o ABSOLUTE
    ..\src\stm32_it.c                        0x00000000   Number         0  stm32_it.o ABSOLUTE
    ..\src\system_stm32f30x.c                0x00000000   Number         0  system_stm32f30x.o ABSOLUTE
    ..\src\usb_desc.c                        0x00000000   Number         0  usb_desc.o ABSOLUTE
    ..\src\usb_endp.c                        0x00000000   Number         0  usb_endp.o ABSOLUTE
    ..\src\usb_istr.c                        0x00000000   Number         0  usb_istr.o ABSOLUTE
    ..\src\usb_prop.c                        0x00000000   Number         0  usb_prop.o ABSOLUTE
    ..\src\usb_pwr.c                         0x00000000   Number         0  usb_pwr.o ABSOLUTE
    dc.s                                     0x00000000   Number         0  dc.o ABSOLUTE
    handlers.s                               0x00000000   Number         0  handlers.o ABSOLUTE
    init.s                                   0x00000000   Number         0  init.o ABSOLUTE
    RESET                                    0x08000000   Section      392  startup_stm32f30x.o(RESET)
    .ARM.Collect$$$$00000000                 0x08000188   Section        0  entry.o(.ARM.Collect$$$$00000000)
    .ARM.Collect$$$$00000001                 0x08000188   Section        4  entry2.o(.ARM.Collect$$$$00000001)
    .ARM.Collect$$$$00000004                 0x0800018c   Section        4  entry5.o(.ARM.Collect$$$$00000004)
    .ARM.Collect$$$$00000008                 0x08000190   Section        0  entry7b.o(.ARM.Collect$$$$00000008)
    .ARM.Collect$$$$0000000A                 0x08000190   Section        0  entry8b.o(.ARM.Collect$$$$0000000A)
    .ARM.Collect$$$$0000000B                 0x08000190   Section        8  entry9a.o(.ARM.Collect$$$$0000000B)
    .ARM.Collect$$$$0000000D                 0x08000198   Section        0  entry10a.o(.ARM.Collect$$$$0000000D)
    .ARM.Collect$$$$0000000F                 0x08000198   Section        0  entry11a.o(.ARM.Collect$$$$0000000F)
    .ARM.Collect$$$$00002712                 0x08000198   Section        4  entry2.o(.ARM.Collect$$$$00002712)
    __lit__00000000                          0x08000198   Data           4  entry2.o(.ARM.Collect$$$$00002712)
    .text                                    0x0800019c   Section       36  startup_stm32f30x.o(.text)
    $v0                                      0x0800019c   Number         0  startup_stm32f30x.o(.text)
    .text                                    0x080001c0   Section       36  init.o(.text)
    .text                                    0x080001e4   Section        0  __dczerorl2.o(.text)
    i.BusFault_Handler                       0x08000240   Section        0  stm32_it.o(i.BusFault_Handler)
    i.ByteSwap                               0x08000242   Section        0  usb_regs.o(i.ByteSwap)
    i.CTR_LP                                 0x0800024c   Section        0  usb_int.o(i.CTR_LP)
    i.ClearDTOG_RX                           0x0800039c   Section        0  usb_regs.o(i.ClearDTOG_RX)
    i.ClearDTOG_TX                           0x080003c0   Section        0  usb_regs.o(i.ClearDTOG_TX)
    i.Clear_Status_Out                       0x080003e4   Section        0  usb_regs.o(i.Clear_Status_Out)
    i.DataStageIn                            0x08000400   Section        0  usb_core.o(i.DataStageIn)
    DataStageIn                              0x08000401   Thumb Code   156  usb_core.o(i.DataStageIn)
    i.DataStageOut                           0x080004b4   Section        0  usb_core.o(i.DataStageOut)
    DataStageOut                             0x080004b5   Thumb Code   142  usb_core.o(i.DataStageOut)
    i.Data_Setup0                            0x08000558   Section        0  usb_core.o(i.Data_Setup0)
    Data_Setup0                              0x08000559   Thumb Code   372  usb_core.o(i.Data_Setup0)
    i.DebugMon_Handler                       0x080006f0   Section        0  stm32_it.o(i.DebugMon_Handler)
    i.EP1_IN_Callback                        0x080006f4   Section        0  usb_endp.o(i.EP1_IN_Callback)
    i.EP3_OUT_Callback                       0x08000758   Section        0  usb_endp.o(i.EP3_OUT_Callback)
    i.EXTI_ClearITPendingBit                 0x08000778   Section        0  stm32f30x_exti.o(i.EXTI_ClearITPendingBit)
    i.EXTI_Init                              0x08000790   Section        0  stm32f30x_exti.o(i.EXTI_Init)
    i.GPIO_Init                              0x08000870   Section        0  stm32f30x_gpio.o(i.GPIO_Init)
    i.GPIO_PinAFConfig                       0x080008e8   Section        0  stm32f30x_gpio.o(i.GPIO_PinAFConfig)
    i.GPIO_ResetBits                         0x08000908   Section        0  stm32f30x_gpio.o(i.GPIO_ResetBits)
    i.GPIO_SetBits                           0x0800090c   Section        0  stm32f30x_gpio.o(i.GPIO_SetBits)
    i.GetEPRxAddr                            0x08000910   Section        0  usb_regs.o(i.GetEPRxAddr)
    i.GetEPRxCount                           0x08000930   Section        0  usb_regs.o(i.GetEPRxCount)
    i.GetEPTxAddr                            0x08000950   Section        0  usb_regs.o(i.GetEPTxAddr)
    i.Get_SerialNum                          0x0800096c   Section        0  hw_config.o(i.Get_SerialNum)
    i.Handle_USBAsynchXfer                   0x080009a0   Section        0  hw_config.o(i.Handle_USBAsynchXfer)
    i.HardFault_Handler                      0x08000a18   Section        0  stm32_it.o(i.HardFault_Handler)
    i.In0_Process                            0x08000a1c   Section        0  usb_core.o(i.In0_Process)
    i.IntToUnicode                           0x08000a78   Section        0  hw_config.o(i.IntToUnicode)
    IntToUnicode                             0x08000a79   Thumb Code    56  hw_config.o(i.IntToUnicode)
    i.Leave_LowPowerMode                     0x08000ab0   Section        0  hw_config.o(i.Leave_LowPowerMode)
    i.MemManage_Handler                      0x08000acc   Section        0  stm32_it.o(i.MemManage_Handler)
    i.NMI_Handler                            0x08000ace   Section        0  stm32_it.o(i.NMI_Handler)
    i.NOP_Process                            0x08000ad0   Section        0  usb_core.o(i.NOP_Process)
    i.NVIC_Init                              0x08000ad4   Section        0  stm32f30x_misc.o(i.NVIC_Init)
    i.NVIC_PriorityGroupConfig               0x08000b38   Section        0  stm32f30x_misc.o(i.NVIC_PriorityGroupConfig)
    i.NoData_Setup0                          0x08000b4c   Section        0  usb_core.o(i.NoData_Setup0)
    NoData_Setup0                            0x08000b4d   Thumb Code   190  usb_core.o(i.NoData_Setup0)
    i.Out0_Process                           0x08000c20   Section        0  usb_core.o(i.Out0_Process)
    i.PMAToUserBufferCopy                    0x08000c68   Section        0  usb_mem.o(i.PMAToUserBufferCopy)
    i.PendSV_Handler                         0x08000c88   Section        0  stm32_it.o(i.PendSV_Handler)
    i.Post0_Process                          0x08000c8c   Section        0  usb_core.o(i.Post0_Process)
    i.PowerOn                                0x08000cd0   Section        0  usb_pwr.o(i.PowerOn)
    i.RCC_AHBPeriphClockCmd                  0x08000cfc   Section        0  stm32f30x_rcc.o(i.RCC_AHBPeriphClockCmd)
    i.RCC_APB1PeriphClockCmd                 0x08000d14   Section        0  stm32f30x_rcc.o(i.RCC_APB1PeriphClockCmd)
    i.RCC_APB2PeriphClockCmd                 0x08000d2c   Section        0  stm32f30x_rcc.o(i.RCC_APB2PeriphClockCmd)
    i.RCC_GetClocksFreq                      0x08000d44   Section        0  stm32f30x_rcc.o(i.RCC_GetClocksFreq)
    i.RCC_USBCLKConfig                       0x08000f94   Section        0  stm32f30x_rcc.o(i.RCC_USBCLKConfig)
    i.Resume                                 0x08000fa0   Section        0  usb_pwr.o(i.Resume)
    i.Resume_Init                            0x08001034   Section        0  usb_pwr.o(i.Resume_Init)
    i.SOF_Callback                           0x08001054   Section        0  usb_endp.o(i.SOF_Callback)
    i.STM_EVAL_COMInit                       0x0800107c   Section        0  stm32303c_eval.o(i.STM_EVAL_COMInit)
    i.SVC_Handler                            0x08001138   Section        0  stm32_it.o(i.SVC_Handler)
    i.SetBTABLE                              0x0800113c   Section        0  usb_regs.o(i.SetBTABLE)
    i.SetDeviceAddress                       0x0800114c   Section        0  usb_core.o(i.SetDeviceAddress)
    i.SetEPRxAddr                            0x0800118c   Section        0  usb_regs.o(i.SetEPRxAddr)
    i.SetEPRxCount                           0x080011ac   Section        0  usb_regs.o(i.SetEPRxCount)
    i.SetEPRxStatus                          0x080011ec   Section        0  usb_regs.o(i.SetEPRxStatus)
    i.SetEPRxValid                           0x0800121c   Section        0  usb_regs.o(i.SetEPRxValid)
    i.SetEPTxAddr                            0x0800123c   Section        0  usb_regs.o(i.SetEPTxAddr)
    i.SetEPTxCount                           0x0800125c   Section        0  usb_regs.o(i.SetEPTxCount)
    i.SetEPTxStatus                          0x08001278   Section        0  usb_regs.o(i.SetEPTxStatus)
    i.SetEPTxValid                           0x080012a8   Section        0  usb_regs.o(i.SetEPTxValid)
    i.SetEPType                              0x080012c8   Section        0  usb_regs.o(i.SetEPType)
    i.SetSysClock                            0x080012e0   Section        0  system_stm32f30x.o(i.SetSysClock)
    SetSysClock                              0x080012e1   Thumb Code   140  system_stm32f30x.o(i.SetSysClock)
    i.Set_System                             0x08001374   Section        0  hw_config.o(i.Set_System)
    i.Set_USBClock                           0x08001408   Section        0  hw_config.o(i.Set_USBClock)
    i.Setup0_Process                         0x0800141c   Section        0  usb_core.o(i.Setup0_Process)
    i.Standard_ClearFeature                  0x08001484   Section        0  usb_core.o(i.Standard_ClearFeature)
    i.Standard_GetConfiguration              0x08001570   Section        0  usb_core.o(i.Standard_GetConfiguration)
    i.Standard_GetDescriptorData             0x08001598   Section        0  usb_core.o(i.Standard_GetDescriptorData)
    i.Standard_GetInterface                  0x080015b4   Section        0  usb_core.o(i.Standard_GetInterface)
    i.Standard_GetStatus                     0x080015dc   Section        0  usb_core.o(i.Standard_GetStatus)
    i.Standard_SetConfiguration              0x0800166c   Section        0  usb_core.o(i.Standard_SetConfiguration)
    i.Standard_SetDeviceFeature              0x080016a4   Section        0  usb_core.o(i.Standard_SetDeviceFeature)
    i.Standard_SetEndPointFeature            0x080016c8   Section        0  usb_core.o(i.Standard_SetEndPointFeature)
    i.Standard_SetInterface                  0x08001748   Section        0  usb_core.o(i.Standard_SetInterface)
    i.Suspend                                0x08001790   Section        0  usb_pwr.o(i.Suspend)
    i.SysTick_Handler                        0x0800184c   Section        0  stm32_it.o(i.SysTick_Handler)
    i.SystemInit                             0x08001850   Section        0  system_stm32f30x.o(i.SystemInit)
    i.USART1_IRQHandler                      0x080018c0   Section        0  stm32_it.o(i.USART1_IRQHandler)
    i.USART_Cmd                              0x080018f4   Section        0  stm32f30x_usart.o(i.USART_Cmd)
    i.USART_Config                           0x08001908   Section        0  hw_config.o(i.USART_Config)
    i.USART_Config_Default                   0x0800198c   Section        0  hw_config.o(i.USART_Config_Default)
    i.USART_GetFlagStatus                    0x080019cc   Section        0  stm32f30x_usart.o(i.USART_GetFlagStatus)
    i.USART_GetITStatus                      0x080019da   Section        0  stm32f30x_usart.o(i.USART_GetITStatus)
    i.USART_ITConfig                         0x08001a14   Section        0  stm32f30x_usart.o(i.USART_ITConfig)
    i.USART_Init                             0x08001a3c   Section        0  stm32f30x_usart.o(i.USART_Init)
    i.USART_ReceiveData                      0x08001afc   Section        0  stm32f30x_usart.o(i.USART_ReceiveData)
    i.USART_SendData                         0x08001b04   Section        0  stm32f30x_usart.o(i.USART_SendData)
    i.USART_To_USB_Send_Data                 0x08001b0c   Section        0  hw_config.o(i.USART_To_USB_Send_Data)
    i.USBWakeUp_IRQHandler                   0x08001b58   Section        0  stm32_it.o(i.USBWakeUp_IRQHandler)
    i.USB_Cable_Config                       0x08001b60   Section        0  hw_config.o(i.USB_Cable_Config)
    i.USB_Init                               0x08001b78   Section        0  usb_init.o(i.USB_Init)
    i.USB_Interrupts_Config                  0x08001ba0   Section        0  hw_config.o(i.USB_Interrupts_Config)
    i.USB_Istr                               0x08001bec   Section        0  usb_istr.o(i.USB_Istr)
    i.USB_LP_CAN1_RX0_IRQHandler             0x08001d30   Section        0  stm32_it.o(i.USB_LP_CAN1_RX0_IRQHandler)
    i.USB_SIL_Init                           0x08001d34   Section        0  usb_sil.o(i.USB_SIL_Init)
    i.USB_SIL_Read                           0x08001d54   Section        0  usb_sil.o(i.USB_SIL_Read)
    i.USB_To_USART_Send_Data                 0x08001d78   Section        0  hw_config.o(i.USB_To_USART_Send_Data)
    i.UsageFault_Handler                     0x08001da8   Section        0  stm32_it.o(i.UsageFault_Handler)
    i.UserToPMABufferCopy                    0x08001dac   Section        0  usb_mem.o(i.UserToPMABufferCopy)
    i.Virtual_Com_Port_Data_Setup            0x08001dd4   Section        0  usb_prop.o(i.Virtual_Com_Port_Data_Setup)
    i.Virtual_Com_Port_GetConfigDescriptor   0x08001e2c   Section        0  usb_prop.o(i.Virtual_Com_Port_GetConfigDescriptor)
    i.Virtual_Com_Port_GetDeviceDescriptor   0x08001e38   Section        0  usb_prop.o(i.Virtual_Com_Port_GetDeviceDescriptor)
    i.Virtual_Com_Port_GetLineCoding         0x08001e44   Section        0  usb_prop.o(i.Virtual_Com_Port_GetLineCoding)
    i.Virtual_Com_Port_GetStringDescriptor   0x08001e60   Section        0  usb_prop.o(i.Virtual_Com_Port_GetStringDescriptor)
    i.Virtual_Com_Port_Get_Interface_Setting 0x08001e80   Section        0  usb_prop.o(i.Virtual_Com_Port_Get_Interface_Setting)
    i.Virtual_Com_Port_NoData_Setup          0x08001e90   Section        0  usb_prop.o(i.Virtual_Com_Port_NoData_Setup)
    i.Virtual_Com_Port_Reset                 0x08001eb4   Section        0  usb_prop.o(i.Virtual_Com_Port_Reset)
    i.Virtual_Com_Port_SetConfiguration      0x08001f94   Section        0  usb_prop.o(i.Virtual_Com_Port_SetConfiguration)
    i.Virtual_Com_Port_SetDeviceAddress      0x08001fac   Section        0  usb_prop.o(i.Virtual_Com_Port_SetDeviceAddress)
    i.Virtual_Com_Port_SetLineCoding         0x08001fb8   Section        0  usb_prop.o(i.Virtual_Com_Port_SetLineCoding)
    i.Virtual_Com_Port_Status_In             0x08001fd4   Section        0  usb_prop.o(i.Virtual_Com_Port_Status_In)
    i.Virtual_Com_Port_Status_Out            0x08001fec   Section        0  usb_prop.o(i.Virtual_Com_Port_Status_Out)
    i.Virtual_Com_Port_init                  0x08001ff0   Section        0  usb_prop.o(i.Virtual_Com_Port_init)
    i.__scatterload_copy                     0x08002018   Section       14  handlers.o(i.__scatterload_copy)
    i.__scatterload_null                     0x08002026   Section        2  handlers.o(i.__scatterload_null)
    i.__scatterload_zeroinit                 0x08002028   Section       14  handlers.o(i.__scatterload_zeroinit)
    i.main                                   0x08002036   Section        0  main.o(i.main)
    .constdata                               0x08002048   Section       18  usb_desc.o(.constdata)
    .constdata                               0x0800205a   Section       67  usb_desc.o(.constdata)
    .constdata                               0x0800209d   Section        4  usb_desc.o(.constdata)
    .constdata                               0x080020a1   Section       38  usb_desc.o(.constdata)
    .constdata                               0x080020c7   Section       50  usb_desc.o(.constdata)
    .constdata                               0x080020fc   Section      116  stm32303c_eval.o(.constdata)
    .data                                    0x20000000   Section       24  hw_config.o(.data)
    .data                                    0x20000018   Section       26  usb_desc.o(.data)
    .data                                    0x20000034   Section        4  usb_endp.o(.data)
    FrameCount                               0x20000034   Data           4  usb_endp.o(.data)
    .data                                    0x20000038   Section       12  usb_istr.o(.data)
    .data                                    0x20000044   Section       28  usb_istr.o(.data)
    .data                                    0x20000060   Section       28  usb_istr.o(.data)
    .data                                    0x2000007c   Section      108  usb_prop.o(.data)
    .data                                    0x200000e8   Section        2  usb_prop.o(.data)
    .data                                    0x200000ec   Section       36  usb_prop.o(.data)
    .data                                    0x20000110   Section        4  usb_pwr.o(.data)
    .data                                    0x20000114   Section        1  usb_pwr.o(.data)
    .data                                    0x20000118   Section        8  usb_pwr.o(.data)
    .data                                    0x20000120   Section        4  usb_core.o(.data)
    .data                                    0x20000124   Section        1  usb_init.o(.data)
    .data                                    0x20000128   Section       12  usb_init.o(.data)
    .data                                    0x20000134   Section        2  usb_init.o(.data)
    .data                                    0x20000136   Section        4  usb_int.o(.data)
    .data                                    0x2000013a   Section       42  stm32f30x_rcc.o(.data)
    APBAHBPrescTable                         0x2000013a   Data          16  stm32f30x_rcc.o(.data)
    ADCPrescTable                            0x2000014a   Data          26  stm32f30x_rcc.o(.data)
    .data                                    0x20000164   Section       52  stm32303c_eval.o(.data)
    .bss                                     0x20000198   Section     2072  hw_config.o(.bss)
    .bss                                     0x200009b0   Section       64  usb_endp.o(.bss)
    .bss                                     0x200009f0   Section       32  usb_pwr.o(.bss)
    .bss                                     0x20000a10   Section       28  usb_init.o(.bss)
    STACK                                    0x20000a30   Section     1024  startup_stm32f30x.o(STACK)

    Global Symbols

    Symbol Name                              Value     Ov Type        Size  Object(Section)

    BuildAttributes$$THM_ISAv4$E$P$D$K$B$S$7EM$VFPi3$EXTD16$VFPS$VFMA$PE$A:L22UL41UL21$X:L11$S22US41US21$IEEE1$IW$USESV6$~STKCKD$USESV7$~SHL$OSPACE$EBA8$MICROLIB$REQ8$PRES8$EABIv2 0x00000000   Number         0  anon$$obj.o ABSOLUTE
    __ARM_use_no_argv                        0x00000000   Number         0  main.o ABSOLUTE
    __cpp_initialize__aeabi_                  - Undefined Weak Reference
    __cxa_finalize                            - Undefined Weak Reference
    _clock_init                               - Undefined Weak Reference
    _microlib_exit                            - Undefined Weak Reference
    __Vectors_Size                           0x00000188   Number         0  startup_stm32f30x.o ABSOLUTE
    __Vectors                                0x08000000   Data           4  startup_stm32f30x.o(RESET)
    __Vectors_End                            0x08000188   Data           0  startup_stm32f30x.o(RESET)
    __main                                   0x08000189   Thumb Code     0  entry.o(.ARM.Collect$$$$00000000)
    _main_stk                                0x08000189   Thumb Code     0  entry2.o(.ARM.Collect$$$$00000001)
    _main_scatterload                        0x0800018d   Thumb Code     0  entry5.o(.ARM.Collect$$$$00000004)
    __main_after_scatterload                 0x08000191   Thumb Code     0  entry5.o(.ARM.Collect$$$$00000004)
    _main_clock                              0x08000191   Thumb Code     0  entry7b.o(.ARM.Collect$$$$00000008)
    _main_cpp_init                           0x08000191   Thumb Code     0  entry8b.o(.ARM.Collect$$$$0000000A)
    _main_init                               0x08000191   Thumb Code     0  entry9a.o(.ARM.Collect$$$$0000000B)
    __rt_final_cpp                           0x08000199   Thumb Code     0  entry10a.o(.ARM.Collect$$$$0000000D)
    __rt_final_exit                          0x08000199   Thumb Code     0  entry11a.o(.ARM.Collect$$$$0000000F)
    Reset_Handler                            0x0800019d   Thumb Code     8  startup_stm32f30x.o(.text)
    ADC1_2_IRQHandler                        0x080001b7   Thumb Code     0  startup_stm32f30x.o(.text)
    ADC3_IRQHandler                          0x080001b7   Thumb Code     0  startup_stm32f30x.o(.text)
    ADC4_IRQHandler                          0x080001b7   Thumb Code     0  startup_stm32f30x.o(.text)
    CAN1_RX1_IRQHandler                      0x080001b7   Thumb Code     0  startup_stm32f30x.o(.text)
    CAN1_SCE_IRQHandler                      0x080001b7   Thumb Code     0  startup_stm32f30x.o(.text)
    COMP1_2_3_IRQHandler                     0x080001b7   Thumb Code     0  startup_stm32f30x.o(.text)
    COMP4_5_6_IRQHandler                     0x080001b7   Thumb Code     0  startup_stm32f30x.o(.text)
    COMP7_IRQHandler                         0x080001b7   Thumb Code     0  startup_stm32f30x.o(.text)
    DMA1_Channel1_IRQHandler                 0x080001b7   Thumb Code     0  startup_stm32f30x.o(.text)
    DMA1_Channel2_IRQHandler                 0x080001b7   Thumb Code     0  startup_stm32f30x.o(.text)
    DMA1_Channel3_IRQHandler                 0x080001b7   Thumb Code     0  startup_stm32f30x.o(.text)
    DMA1_Channel4_IRQHandler                 0x080001b7   Thumb Code     0  startup_stm32f30x.o(.text)
    DMA1_Channel5_IRQHandler                 0x080001b7   Thumb Code     0  startup_stm32f30x.o(.text)
    DMA1_Channel6_IRQHandler                 0x080001b7   Thumb Code     0  startup_stm32f30x.o(.text)
    DMA1_Channel7_IRQHandler                 0x080001b7   Thumb Code     0  startup_stm32f30x.o(.text)
    DMA2_Channel1_IRQHandler                 0x080001b7   Thumb Code     0  startup_stm32f30x.o(.text)
    DMA2_Channel2_IRQHandler                 0x080001b7   Thumb Code     0  startup_stm32f30x.o(.text)
    DMA2_Channel3_IRQHandler                 0x080001b7   Thumb Code     0  startup_stm32f30x.o(.text)
    DMA2_Channel4_IRQHandler                 0x080001b7   Thumb Code     0  startup_stm32f30x.o(.text)
    DMA2_Channel5_IRQHandler                 0x080001b7   Thumb Code     0  startup_stm32f30x.o(.text)
    EXTI0_IRQHandler                         0x080001b7   Thumb Code     0  startup_stm32f30x.o(.text)
    EXTI15_10_IRQHandler                     0x080001b7   Thumb Code     0  startup_stm32f30x.o(.text)
    EXTI1_IRQHandler                         0x080001b7   Thumb Code     0  startup_stm32f30x.o(.text)
    EXTI2_TS_IRQHandler                      0x080001b7   Thumb Code     0  startup_stm32f30x.o(.text)
    EXTI3_IRQHandler                         0x080001b7   Thumb Code     0  startup_stm32f30x.o(.text)
    EXTI4_IRQHandler                         0x080001b7   Thumb Code     0  startup_stm32f30x.o(.text)
    EXTI9_5_IRQHandler                       0x080001b7   Thumb Code     0  startup_stm32f30x.o(.text)
    FLASH_IRQHandler                         0x080001b7   Thumb Code     0  startup_stm32f30x.o(.text)
    FPU_IRQHandler                           0x080001b7   Thumb Code     0  startup_stm32f30x.o(.text)
    I2C1_ER_IRQHandler                       0x080001b7   Thumb Code     0  startup_stm32f30x.o(.text)
    I2C1_EV_IRQHandler                       0x080001b7   Thumb Code     0  startup_stm32f30x.o(.text)
    I2C2_ER_IRQHandler                       0x080001b7   Thumb Code     0  startup_stm32f30x.o(.text)
    I2C2_EV_IRQHandler                       0x080001b7   Thumb Code     0  startup_stm32f30x.o(.text)
    PVD_IRQHandler                           0x080001b7   Thumb Code     0  startup_stm32f30x.o(.text)
    RCC_IRQHandler                           0x080001b7   Thumb Code     0  startup_stm32f30x.o(.text)
    RTC_Alarm_IRQHandler                     0x080001b7   Thumb Code     0  startup_stm32f30x.o(.text)
    RTC_WKUP_IRQHandler                      0x080001b7   Thumb Code     0  startup_stm32f30x.o(.text)
    SPI1_IRQHandler                          0x080001b7   Thumb Code     0  startup_stm32f30x.o(.text)
    SPI2_IRQHandler                          0x080001b7   Thumb Code     0  startup_stm32f30x.o(.text)
    SPI3_IRQHandler                          0x080001b7   Thumb Code     0  startup_stm32f30x.o(.text)
    TAMPER_STAMP_IRQHandler                  0x080001b7   Thumb Code     0  startup_stm32f30x.o(.text)
    TIM1_BRK_TIM15_IRQHandler                0x080001b7   Thumb Code     0  startup_stm32f30x.o(.text)
    TIM1_CC_IRQHandler                       0x080001b7   Thumb Code     0  startup_stm32f30x.o(.text)
    TIM1_TRG_COM_TIM17_IRQHandler            0x080001b7   Thumb Code     0  startup_stm32f30x.o(.text)
    TIM1_UP_TIM16_IRQHandler                 0x080001b7   Thumb Code     0  startup_stm32f30x.o(.text)
    TIM2_IRQHandler                          0x080001b7   Thumb Code     0  startup_stm32f30x.o(.text)
    TIM3_IRQHandler                          0x080001b7   Thumb Code     0  startup_stm32f30x.o(.text)
    TIM4_IRQHandler                          0x080001b7   Thumb Code     0  startup_stm32f30x.o(.text)
    TIM6_DAC_IRQHandler                      0x080001b7   Thumb Code     0  startup_stm32f30x.o(.text)
    TIM7_IRQHandler                          0x080001b7   Thumb Code     0  startup_stm32f30x.o(.text)
    TIM8_BRK_IRQHandler                      0x080001b7   Thumb Code     0  startup_stm32f30x.o(.text)
    TIM8_CC_IRQHandler                       0x080001b7   Thumb Code     0  startup_stm32f30x.o(.text)
    TIM8_TRG_COM_IRQHandler                  0x080001b7   Thumb Code     0  startup_stm32f30x.o(.text)
    TIM8_UP_IRQHandler                       0x080001b7   Thumb Code     0  startup_stm32f30x.o(.text)
    UART4_IRQHandler                         0x080001b7   Thumb Code     0  startup_stm32f30x.o(.text)
    UART5_IRQHandler                         0x080001b7   Thumb Code     0  startup_stm32f30x.o(.text)
    USART2_IRQHandler                        0x080001b7   Thumb Code     0  startup_stm32f30x.o(.text)
    USART3_IRQHandler                        0x080001b7   Thumb Code     0  startup_stm32f30x.o(.text)
    USBWakeUp_RMP_IRQHandler                 0x080001b7   Thumb Code     0  startup_stm32f30x.o(.text)
    USB_HP_CAN1_TX_IRQHandler                0x080001b7   Thumb Code     0  startup_stm32f30x.o(.text)
    USB_HP_IRQHandler                        0x080001b7   Thumb Code     0  startup_stm32f30x.o(.text)
    USB_LP_IRQHandler                        0x080001b7   Thumb Code     0  startup_stm32f30x.o(.text)
    WWDG_IRQHandler                          0x080001b7   Thumb Code     0  startup_stm32f30x.o(.text)
    __scatterload                            0x080001c1   Thumb Code    28  init.o(.text)
    __scatterload_rt2                        0x080001c1   Thumb Code     0  init.o(.text)
    __decompress                             0x080001e5   Thumb Code     0  __dczerorl2.o(.text)
    __decompress1                            0x080001e5   Thumb Code    92  __dczerorl2.o(.text)
    BusFault_Handler                         0x08000241   Thumb Code     2  stm32_it.o(i.BusFault_Handler)
    ByteSwap                                 0x08000243   Thumb Code    10  usb_regs.o(i.ByteSwap)
    CTR_LP                                   0x0800024d   Thumb Code   310  usb_int.o(i.CTR_LP)
    ClearDTOG_RX                             0x0800039d   Thumb Code    30  usb_regs.o(i.ClearDTOG_RX)
    ClearDTOG_TX                             0x080003c1   Thumb Code    30  usb_regs.o(i.ClearDTOG_TX)
    Clear_Status_Out                         0x080003e5   Thumb Code    24  usb_regs.o(i.Clear_Status_Out)
    DebugMon_Handler                         0x080006f1   Thumb Code     2  stm32_it.o(i.DebugMon_Handler)
    EP1_IN_Callback                          0x080006f5   Thumb Code    82  usb_endp.o(i.EP1_IN_Callback)
    EP3_OUT_Callback                         0x08000759   Thumb Code    28  usb_endp.o(i.EP3_OUT_Callback)
    EXTI_ClearITPendingBit                   0x08000779   Thumb Code    18  stm32f30x_exti.o(i.EXTI_ClearITPendingBit)
    EXTI_Init                                0x08000791   Thumb Code   220  stm32f30x_exti.o(i.EXTI_Init)
    GPIO_Init                                0x08000871   Thumb Code   120  stm32f30x_gpio.o(i.GPIO_Init)
    GPIO_PinAFConfig                         0x080008e9   Thumb Code    32  stm32f30x_gpio.o(i.GPIO_PinAFConfig)
    GPIO_ResetBits                           0x08000909   Thumb Code     4  stm32f30x_gpio.o(i.GPIO_ResetBits)
    GPIO_SetBits                             0x0800090d   Thumb Code     4  stm32f30x_gpio.o(i.GPIO_SetBits)
    GetEPRxAddr                              0x08000911   Thumb Code    22  usb_regs.o(i.GetEPRxAddr)
    GetEPRxCount                             0x08000931   Thumb Code    24  usb_regs.o(i.GetEPRxCount)
    GetEPTxAddr                              0x08000951   Thumb Code    20  usb_regs.o(i.GetEPTxAddr)
    Get_SerialNum                            0x0800096d   Thumb Code    44  hw_config.o(i.Get_SerialNum)
    Handle_USBAsynchXfer                     0x080009a1   Thumb Code   110  hw_config.o(i.Handle_USBAsynchXfer)
    HardFault_Handler                        0x08000a19   Thumb Code     2  stm32_it.o(i.HardFault_Handler)
    In0_Process                              0x08000a1d   Thumb Code    80  usb_core.o(i.In0_Process)
    Leave_LowPowerMode                       0x08000ab1   Thumb Code    20  hw_config.o(i.Leave_LowPowerMode)
    MemManage_Handler                        0x08000acd   Thumb Code     2  stm32_it.o(i.MemManage_Handler)
    NMI_Handler                              0x08000acf   Thumb Code     2  stm32_it.o(i.NMI_Handler)
    NOP_Process                              0x08000ad1   Thumb Code     2  usb_core.o(i.NOP_Process)
    NVIC_Init                                0x08000ad5   Thumb Code    90  stm32f30x_misc.o(i.NVIC_Init)
    NVIC_PriorityGroupConfig                 0x08000b39   Thumb Code    10  stm32f30x_misc.o(i.NVIC_PriorityGroupConfig)
    Out0_Process                             0x08000c21   Thumb Code    62  usb_core.o(i.Out0_Process)
    PMAToUserBufferCopy                      0x08000c69   Thumb Code    26  usb_mem.o(i.PMAToUserBufferCopy)
    PendSV_Handler                           0x08000c89   Thumb Code     2  stm32_it.o(i.PendSV_Handler)
    Post0_Process                            0x08000c8d   Thumb Code    52  usb_core.o(i.Post0_Process)
    PowerOn                                  0x08000cd1   Thumb Code    36  usb_pwr.o(i.PowerOn)
    RCC_AHBPeriphClockCmd                    0x08000cfd   Thumb Code    18  stm32f30x_rcc.o(i.RCC_AHBPeriphClockCmd)
    RCC_APB1PeriphClockCmd                   0x08000d15   Thumb Code    18  stm32f30x_rcc.o(i.RCC_APB1PeriphClockCmd)
    RCC_APB2PeriphClockCmd                   0x08000d2d   Thumb Code    18  stm32f30x_rcc.o(i.RCC_APB2PeriphClockCmd)
    RCC_GetClocksFreq                        0x08000d45   Thumb Code   576  stm32f30x_rcc.o(i.RCC_GetClocksFreq)
    RCC_USBCLKConfig                         0x08000f95   Thumb Code     6  stm32f30x_rcc.o(i.RCC_USBCLKConfig)
    Resume                                   0x08000fa1   Thumb Code   140  usb_pwr.o(i.Resume)
    Resume_Init                              0x08001035   Thumb Code    26  usb_pwr.o(i.Resume_Init)
    SOF_Callback                             0x08001055   Thumb Code    30  usb_endp.o(i.SOF_Callback)
    STM_EVAL_COMInit                         0x0800107d   Thumb Code   178  stm32303c_eval.o(i.STM_EVAL_COMInit)
    SVC_Handler                              0x08001139   Thumb Code     2  stm32_it.o(i.SVC_Handler)
    SetBTABLE                                0x0800113d   Thumb Code    10  usb_regs.o(i.SetBTABLE)
    SetDeviceAddress                         0x0800114d   Thumb Code    56  usb_core.o(i.SetDeviceAddress)
    SetEPRxAddr                              0x0800118d   Thumb Code    24  usb_regs.o(i.SetEPRxAddr)
    SetEPRxCount                             0x080011ad   Thumb Code    54  usb_regs.o(i.SetEPRxCount)
    SetEPRxStatus                            0x080011ed   Thumb Code    42  usb_regs.o(i.SetEPRxStatus)
    SetEPRxValid                             0x0800121d   Thumb Code    28  usb_regs.o(i.SetEPRxValid)
    SetEPTxAddr                              0x0800123d   Thumb Code    22  usb_regs.o(i.SetEPTxAddr)
    SetEPTxCount                             0x0800125d   Thumb Code    20  usb_regs.o(i.SetEPTxCount)
    SetEPTxStatus                            0x08001279   Thumb Code    42  usb_regs.o(i.SetEPTxStatus)
    SetEPTxValid                             0x080012a9   Thumb Code    28  usb_regs.o(i.SetEPTxValid)
    SetEPType                                0x080012c9   Thumb Code    20  usb_regs.o(i.SetEPType)
    Set_System                               0x08001375   Thumb Code   140  hw_config.o(i.Set_System)
    Set_USBClock                             0x08001409   Thumb Code    20  hw_config.o(i.Set_USBClock)
    Setup0_Process                           0x0800141d   Thumb Code    92  usb_core.o(i.Setup0_Process)
    Standard_ClearFeature                    0x08001485   Thumb Code   214  usb_core.o(i.Standard_ClearFeature)
    Standard_GetConfiguration                0x08001571   Thumb Code    30  usb_core.o(i.Standard_GetConfiguration)
    Standard_GetDescriptorData               0x08001599   Thumb Code    24  usb_core.o(i.Standard_GetDescriptorData)
    Standard_GetInterface                    0x080015b5   Thumb Code    30  usb_core.o(i.Standard_GetInterface)
    Standard_GetStatus                       0x080015dd   Thumb Code   128  usb_core.o(i.Standard_GetStatus)
    Standard_SetConfiguration                0x0800166d   Thumb Code    42  usb_core.o(i.Standard_SetConfiguration)
    Standard_SetDeviceFeature                0x080016a5   Thumb Code    26  usb_core.o(i.Standard_SetDeviceFeature)
    Standard_SetEndPointFeature              0x080016c9   Thumb Code   112  usb_core.o(i.Standard_SetEndPointFeature)
    Standard_SetInterface                    0x08001749   Thumb Code    60  usb_core.o(i.Standard_SetInterface)
    Suspend                                  0x08001791   Thumb Code   172  usb_pwr.o(i.Suspend)
    SysTick_Handler                          0x0800184d   Thumb Code     2  stm32_it.o(i.SysTick_Handler)
    SystemInit                               0x08001851   Thumb Code    90  system_stm32f30x.o(i.SystemInit)
    USART1_IRQHandler                        0x080018c1   Thumb Code    42  stm32_it.o(i.USART1_IRQHandler)
    USART_Cmd                                0x080018f5   Thumb Code    20  stm32f30x_usart.o(i.USART_Cmd)
    USART_Config                             0x08001909   Thumb Code   122  hw_config.o(i.USART_Config)
    USART_Config_Default                     0x0800198d   Thumb Code    50  hw_config.o(i.USART_Config_Default)
    USART_GetFlagStatus                      0x080019cd   Thumb Code    14  stm32f30x_usart.o(i.USART_GetFlagStatus)
    USART_GetITStatus                        0x080019db   Thumb Code    58  stm32f30x_usart.o(i.USART_GetITStatus)
    USART_ITConfig                           0x08001a15   Thumb Code    40  stm32f30x_usart.o(i.USART_ITConfig)
    USART_Init                               0x08001a3d   Thumb Code   176  stm32f30x_usart.o(i.USART_Init)
    USART_ReceiveData                        0x08001afd   Thumb Code     8  stm32f30x_usart.o(i.USART_ReceiveData)
    USART_SendData                           0x08001b05   Thumb Code     8  stm32f30x_usart.o(i.USART_SendData)
    USART_To_USB_Send_Data                   0x08001b0d   Thumb Code    58  hw_config.o(i.USART_To_USB_Send_Data)
    USBWakeUp_IRQHandler                     0x08001b59   Thumb Code     6  stm32_it.o(i.USBWakeUp_IRQHandler)
    USB_Cable_Config                         0x08001b61   Thumb Code    20  hw_config.o(i.USB_Cable_Config)
    USB_Init                                 0x08001b79   Thumb Code    22  usb_init.o(i.USB_Init)
    USB_Interrupts_Config                    0x08001ba1   Thumb Code    74  hw_config.o(i.USB_Interrupts_Config)
    USB_Istr                                 0x08001bed   Thumb Code   302  usb_istr.o(i.USB_Istr)
    USB_LP_CAN1_RX0_IRQHandler               0x08001d31   Thumb Code     4  stm32_it.o(i.USB_LP_CAN1_RX0_IRQHandler)
    USB_SIL_Init                             0x08001d35   Thumb Code    24  usb_sil.o(i.USB_SIL_Init)
    USB_SIL_Read                             0x08001d55   Thumb Code    36  usb_sil.o(i.USB_SIL_Read)
    USB_To_USART_Send_Data                   0x08001d79   Thumb Code    44  hw_config.o(i.USB_To_USART_Send_Data)
    UsageFault_Handler                       0x08001da9   Thumb Code     2  stm32_it.o(i.UsageFault_Handler)
    UserToPMABufferCopy                      0x08001dad   Thumb Code    34  usb_mem.o(i.UserToPMABufferCopy)
    Virtual_Com_Port_Data_Setup              0x08001dd5   Thumb Code    70  usb_prop.o(i.Virtual_Com_Port_Data_Setup)
    Virtual_Com_Port_GetConfigDescriptor     0x08001e2d   Thumb Code     6  usb_prop.o(i.Virtual_Com_Port_GetConfigDescriptor)
    Virtual_Com_Port_GetDeviceDescriptor     0x08001e39   Thumb Code     6  usb_prop.o(i.Virtual_Com_Port_GetDeviceDescriptor)
    Virtual_Com_Port_GetLineCoding           0x08001e45   Thumb Code    18  usb_prop.o(i.Virtual_Com_Port_GetLineCoding)
    Virtual_Com_Port_GetStringDescriptor     0x08001e61   Thumb Code    24  usb_prop.o(i.Virtual_Com_Port_GetStringDescriptor)
    Virtual_Com_Port_Get_Interface_Setting   0x08001e81   Thumb Code    14  usb_prop.o(i.Virtual_Com_Port_Get_Interface_Setting)
    Virtual_Com_Port_NoData_Setup            0x08001e91   Thumb Code    30  usb_prop.o(i.Virtual_Com_Port_NoData_Setup)
    Virtual_Com_Port_Reset                   0x08001eb5   Thumb Code   208  usb_prop.o(i.Virtual_Com_Port_Reset)
    Virtual_Com_Port_SetConfiguration        0x08001f95   Thumb Code    16  usb_prop.o(i.Virtual_Com_Port_SetConfiguration)
    Virtual_Com_Port_SetDeviceAddress        0x08001fad   Thumb Code     8  usb_prop.o(i.Virtual_Com_Port_SetDeviceAddress)
    Virtual_Com_Port_SetLineCoding           0x08001fb9   Thumb Code    18  usb_prop.o(i.Virtual_Com_Port_SetLineCoding)
    Virtual_Com_Port_Status_In               0x08001fd5   Thumb Code    20  usb_prop.o(i.Virtual_Com_Port_Status_In)
    Virtual_Com_Port_Status_Out              0x08001fed   Thumb Code     2  usb_prop.o(i.Virtual_Com_Port_Status_Out)
    Virtual_Com_Port_init                    0x08001ff1   Thumb Code    32  usb_prop.o(i.Virtual_Com_Port_init)
    __scatterload_copy                       0x08002019   Thumb Code    14  handlers.o(i.__scatterload_copy)
    __scatterload_null                       0x08002027   Thumb Code     2  handlers.o(i.__scatterload_null)
    __scatterload_zeroinit                   0x08002029   Thumb Code    14  handlers.o(i.__scatterload_zeroinit)
    main                                     0x08002037   Thumb Code    18  main.o(i.main)
    Virtual_Com_Port_DeviceDescriptor        0x08002048   Data          18  usb_desc.o(.constdata)
    Virtual_Com_Port_ConfigDescriptor        0x0800205a   Data          67  usb_desc.o(.constdata)
    Virtual_Com_Port_StringLangID            0x0800209d   Data           4  usb_desc.o(.constdata)
    Virtual_Com_Port_StringVendor            0x080020a1   Data          38  usb_desc.o(.constdata)
    Virtual_Com_Port_StringProduct           0x080020c7   Data          50  usb_desc.o(.constdata)
    COM_TX_AF                                0x080020fc   Data           1  stm32303c_eval.o(.constdata)
    COM_RX_AF                                0x080020fd   Data           1  stm32303c_eval.o(.constdata)
    COM_TX_PIN                               0x080020fe   Data           2  stm32303c_eval.o(.constdata)
    COM_RX_PIN                               0x08002100   Data           2  stm32303c_eval.o(.constdata)
    COM_TX_PIN_SOURCE                        0x08002102   Data           2  stm32303c_eval.o(.constdata)
    COM_RX_PIN_SOURCE                        0x08002104   Data           2  stm32303c_eval.o(.constdata)
    COM_USART_CLK                            0x08002108   Data           4  stm32303c_eval.o(.constdata)
    COM_TX_PORT_CLK                          0x0800210c   Data           4  stm32303c_eval.o(.constdata)
    COM_RX_PORT_CLK                          0x08002110   Data           4  stm32303c_eval.o(.constdata)
    BUTTON_PORT_SOURCE                       0x08002114   Data           6  stm32303c_eval.o(.constdata)
    BUTTON_PIN_SOURCE                        0x0800211a   Data           6  stm32303c_eval.o(.constdata)
    BUTTON_IRQn                              0x08002120   Data           6  stm32303c_eval.o(.constdata)
    GPIO_PIN                                 0x08002126   Data           8  stm32303c_eval.o(.constdata)
    GPIO_CLK                                 0x08002130   Data          16  stm32303c_eval.o(.constdata)
    BUTTON_PIN                               0x08002140   Data          12  stm32303c_eval.o(.constdata)
    BUTTON_CLK                               0x0800214c   Data          24  stm32303c_eval.o(.constdata)
    BUTTON_EXTI_LINE                         0x08002164   Data          12  stm32303c_eval.o(.constdata)
    Region$$Table$$Base                      0x08002170   Number         0  anon$$obj.o(Region$$Table)
    Region$$Table$$Limit                     0x08002190   Number         0  anon$$obj.o(Region$$Table)
    USB_Tx_State                             0x20000000   Data           1  hw_config.o(.data)
    USART_Rx_ptr_in                          0x20000004   Data           4  hw_config.o(.data)
    USART_Rx_ptr_out                         0x20000008   Data           4  hw_config.o(.data)
    USART_Rx_length                          0x2000000c   Data           4  hw_config.o(.data)
    EXTI_InitStructure                       0x20000010   Data           8  hw_config.o(.data)
    Virtual_Com_Port_StringSerial            0x20000018   Data          26  usb_desc.o(.data)
    bIntPackSOF                              0x20000038   Data           1  usb_istr.o(.data)
    wIstr                                    0x2000003a   Data           2  usb_istr.o(.data)
    esof_counter                             0x2000003c   Data           4  usb_istr.o(.data)
    wCNTR                                    0x20000040   Data           4  usb_istr.o(.data)
    pEpInt_IN                                0x20000044   Data          28  usb_istr.o(.data)
    pEpInt_OUT                               0x20000060   Data          28  usb_istr.o(.data)
    Request                                  0x2000007c   Data           1  usb_prop.o(.data)
    linecoding                               0x20000080   Data           8  usb_prop.o(.data)
    Device_Descriptor                        0x20000088   Data           8  usb_prop.o(.data)
    Config_Descriptor                        0x20000090   Data           8  usb_prop.o(.data)
    Device_Property                          0x20000098   Data          48  usb_prop.o(.data)
    String_Descriptor                        0x200000c8   Data          32  usb_prop.o(.data)
    Device_Table                             0x200000e8   Data           2  usb_prop.o(.data)
    User_Standard_Requests                   0x200000ec   Data          36  usb_prop.o(.data)
    bDeviceState                             0x20000110   Data           4  usb_pwr.o(.data)
    fSuspendEnabled                          0x20000114   Data           1  usb_pwr.o(.data)
    ResumeS                                  0x20000118   Data           2  usb_pwr.o(.data)
    remotewakeupon                           0x2000011c   Data           4  usb_pwr.o(.data)
    Data_Mul_MaxPacketSize                   0x20000120   Data           1  usb_core.o(.data)
    StatusInfo                               0x20000122   Data           2  usb_core.o(.data)
    EPindex                                  0x20000124   Data           1  usb_init.o(.data)
    pInformation                             0x20000128   Data           4  usb_init.o(.data)
    pProperty                                0x2000012c   Data           4  usb_init.o(.data)
    pUser_Standard_Requests                  0x20000130   Data           4  usb_init.o(.data)
    wInterrupt_Mask                          0x20000134   Data           2  usb_init.o(.data)
    SaveRState                               0x20000136   Data           2  usb_int.o(.data)
    SaveTState                               0x20000138   Data           2  usb_int.o(.data)
    COM_USART                                0x20000164   Data           4  stm32303c_eval.o(.data)
    COM_TX_PORT                              0x20000168   Data           4  stm32303c_eval.o(.data)
    COM_RX_PORT                              0x2000016c   Data           4  stm32303c_eval.o(.data)
    GPIO_PORT                                0x20000170   Data          16  stm32303c_eval.o(.data)
    BUTTON_PORT                              0x20000180   Data          24  stm32303c_eval.o(.data)
    USART_InitStructure                      0x20000198   Data          24  hw_config.o(.bss)
    USART_Rx_Buffer                          0x200001b0   Data        2048  hw_config.o(.bss)
    USB_Rx_Buffer                            0x200009b0   Data          64  usb_endp.o(.bss)
    EP                                       0x200009f0   Data          32  usb_pwr.o(.bss)
    Device_Info                              0x20000a10   Data          28  usb_init.o(.bss)
    __initial_sp                             0x20000e30   Data           0  startup_stm32f30x.o(STACK)



==============================================================================

Memory Map of the image

  Image Entry point : 0x08000189

  Load Region LR_IROM1 (Base: 0x08000000, Size: 0x00002328, Max: 0x00040000, ABSOLUTE, COMPRESSED[0x0000223c])

    Execution Region ER_IROM1 (Base: 0x08000000, Size: 0x00002190, Max: 0x00040000, ABSOLUTE)

    Base Addr    Size         Type   Attr      Idx    E Section Name        Object

    0x08000000   0x00000188   Data   RO          654    RESET               startup_stm32f30x.o
    0x08000188   0x00000000   Code   RO         4837  * .ARM.Collect$$$$00000000  mc_w.l(entry.o)
    0x08000188   0x00000004   Code   RO         4840    .ARM.Collect$$$$00000001  mc_w.l(entry2.o)
    0x0800018c   0x00000004   Code   RO         4843    .ARM.Collect$$$$00000004  mc_w.l(entry5.o)
    0x08000190   0x00000000   Code   RO         4845    .ARM.Collect$$$$00000008  mc_w.l(entry7b.o)
    0x08000190   0x00000000   Code   RO         4847    .ARM.Collect$$$$0000000A  mc_w.l(entry8b.o)
    0x08000190   0x00000008   Code   RO         4848    .ARM.Collect$$$$0000000B  mc_w.l(entry9a.o)
    0x08000198   0x00000000   Code   RO         4850    .ARM.Collect$$$$0000000D  mc_w.l(entry10a.o)
    0x08000198   0x00000000   Code   RO         4852    .ARM.Collect$$$$0000000F  mc_w.l(entry11a.o)
    0x08000198   0x00000004   Code   RO         4841    .ARM.Collect$$$$00002712  mc_w.l(entry2.o)
    0x0800019c   0x00000024   Code   RO          655    .text               startup_stm32f30x.o
    0x080001c0   0x00000024   Code   RO         4854    .text               mc_w.l(init.o)
    0x080001e4   0x0000005c   Code   RO         4864    .text               mc_w.l(__dczerorl2.o)
    0x08000240   0x00000002   Code   RO          531    i.BusFault_Handler  stm32_it.o
    0x08000242   0x0000000a   Code   RO          886    i.ByteSwap          usb_regs.o
    0x0800024c   0x00000150   Code   RO          823    i.CTR_LP            usb_int.o
    0x0800039c   0x00000024   Code   RO          887    i.ClearDTOG_RX      usb_regs.o
    0x080003c0   0x00000024   Code   RO          888    i.ClearDTOG_TX      usb_regs.o
    0x080003e4   0x0000001c   Code   RO          893    i.Clear_Status_Out  usb_regs.o
    0x08000400   0x000000b4   Code   RO          661    i.DataStageIn       usb_core.o
    0x080004b4   0x000000a4   Code   RO          662    i.DataStageOut      usb_core.o
    0x08000558   0x00000198   Code   RO          663    i.Data_Setup0       usb_core.o
    0x080006f0   0x00000002   Code   RO          532    i.DebugMon_Handler  stm32_it.o
    0x080006f2   0x00000002   PAD
    0x080006f4   0x00000064   Code   RO          299    i.EP1_IN_Callback   usb_endp.o
    0x08000758   0x00000020   Code   RO          300    i.EP3_OUT_Callback  usb_endp.o
    0x08000778   0x00000018   Code   RO         2136    i.EXTI_ClearITPendingBit  stm32f30x_exti.o
    0x08000790   0x000000e0   Code   RO         2141    i.EXTI_Init         stm32f30x_exti.o
    0x08000870   0x00000078   Code   RO         2385    i.GPIO_Init         stm32f30x_gpio.o
    0x080008e8   0x00000020   Code   RO         2386    i.GPIO_PinAFConfig  stm32f30x_gpio.o
    0x08000908   0x00000004   Code   RO         2392    i.GPIO_ResetBits    stm32f30x_gpio.o
    0x0800090c   0x00000004   Code   RO         2393    i.GPIO_SetBits      stm32f30x_gpio.o
    0x08000910   0x00000020   Code   RO          905    i.GetEPRxAddr       usb_regs.o
    0x08000930   0x00000020   Code   RO          906    i.GetEPRxCount      usb_regs.o
    0x08000950   0x0000001c   Code   RO          908    i.GetEPTxAddr       usb_regs.o
    0x0800096c   0x00000034   Code   RO            4    i.Get_SerialNum     hw_config.o
    0x080009a0   0x00000078   Code   RO            5    i.Handle_USBAsynchXfer  hw_config.o
    0x08000a18   0x00000002   Code   RO          533    i.HardFault_Handler  stm32_it.o
    0x08000a1a   0x00000002   PAD
    0x08000a1c   0x0000005c   Code   RO          664    i.In0_Process       usb_core.o
    0x08000a78   0x00000038   Code   RO            6    i.IntToUnicode      hw_config.o
    0x08000ab0   0x0000001c   Code   RO            7    i.Leave_LowPowerMode  hw_config.o
    0x08000acc   0x00000002   Code   RO          534    i.MemManage_Handler  stm32_it.o
    0x08000ace   0x00000002   Code   RO          535    i.NMI_Handler       stm32_it.o
    0x08000ad0   0x00000002   Code   RO          665    i.NOP_Process       usb_core.o
    0x08000ad2   0x00000002   PAD
    0x08000ad4   0x00000064   Code   RO         2742    i.NVIC_Init         stm32f30x_misc.o
    0x08000b38   0x00000014   Code   RO         2743    i.NVIC_PriorityGroupConfig  stm32f30x_misc.o
    0x08000b4c   0x000000d4   Code   RO          666    i.NoData_Setup0     usb_core.o
    0x08000c20   0x00000048   Code   RO          667    i.Out0_Process      usb_core.o
    0x08000c68   0x00000020   Code   RO          860    i.PMAToUserBufferCopy  usb_mem.o
    0x08000c88   0x00000002   Code   RO          536    i.PendSV_Handler    stm32_it.o
    0x08000c8a   0x00000002   PAD
    0x08000c8c   0x00000044   Code   RO          668    i.Post0_Process     usb_core.o
    0x08000cd0   0x0000002c   Code   RO          479    i.PowerOn           usb_pwr.o
    0x08000cfc   0x00000018   Code   RO         2861    i.RCC_AHBPeriphClockCmd  stm32f30x_rcc.o
    0x08000d14   0x00000018   Code   RO         2863    i.RCC_APB1PeriphClockCmd  stm32f30x_rcc.o
    0x08000d2c   0x00000018   Code   RO         2865    i.RCC_APB2PeriphClockCmd  stm32f30x_rcc.o
    0x08000d44   0x00000250   Code   RO         2873    i.RCC_GetClocksFreq  stm32f30x_rcc.o
    0x08000f94   0x0000000c   Code   RO         2897    i.RCC_USBCLKConfig  stm32f30x_rcc.o
    0x08000fa0   0x00000094   Code   RO          480    i.Resume            usb_pwr.o
    0x08001034   0x00000020   Code   RO          481    i.Resume_Init       usb_pwr.o
    0x08001054   0x00000028   Code   RO          301    i.SOF_Callback      usb_endp.o
    0x0800107c   0x000000bc   Code   RO         4733    i.STM_EVAL_COMInit  stm32303c_eval.o
    0x08001138   0x00000002   Code   RO          537    i.SVC_Handler       stm32_it.o
    0x0800113a   0x00000002   PAD
    0x0800113c   0x00000010   Code   RO          916    i.SetBTABLE         usb_regs.o
    0x0800114c   0x00000040   Code   RO          669    i.SetDeviceAddress  usb_core.o
    0x0800118c   0x00000020   Code   RO          930    i.SetEPRxAddr       usb_regs.o
    0x080011ac   0x00000040   Code   RO          931    i.SetEPRxCount      usb_regs.o
    0x080011ec   0x00000030   Code   RO          932    i.SetEPRxStatus     usb_regs.o
    0x0800121c   0x00000020   Code   RO          933    i.SetEPRxValid      usb_regs.o
    0x0800123c   0x00000020   Code   RO          934    i.SetEPTxAddr       usb_regs.o
    0x0800125c   0x0000001c   Code   RO          935    i.SetEPTxCount      usb_regs.o
    0x08001278   0x00000030   Code   RO          936    i.SetEPTxStatus     usb_regs.o
    0x080012a8   0x00000020   Code   RO          937    i.SetEPTxValid      usb_regs.o
    0x080012c8   0x00000018   Code   RO          938    i.SetEPType         usb_regs.o
    0x080012e0   0x00000094   Code   RO          617    i.SetSysClock       system_stm32f30x.o
    0x08001374   0x00000094   Code   RO            8    i.Set_System        hw_config.o
    0x08001408   0x00000014   Code   RO            9    i.Set_USBClock      hw_config.o
    0x0800141c   0x00000068   Code   RO          670    i.Setup0_Process    usb_core.o
    0x08001484   0x000000ec   Code   RO          671    i.Standard_ClearFeature  usb_core.o
    0x08001570   0x00000028   Code   RO          672    i.Standard_GetConfiguration  usb_core.o
    0x08001598   0x0000001c   Code   RO          673    i.Standard_GetDescriptorData  usb_core.o
    0x080015b4   0x00000028   Code   RO          674    i.Standard_GetInterface  usb_core.o
    0x080015dc   0x00000090   Code   RO          675    i.Standard_GetStatus  usb_core.o
    0x0800166c   0x00000038   Code   RO          676    i.Standard_SetConfiguration  usb_core.o
    0x080016a4   0x00000024   Code   RO          677    i.Standard_SetDeviceFeature  usb_core.o
    0x080016c8   0x00000080   Code   RO          678    i.Standard_SetEndPointFeature  usb_core.o
    0x08001748   0x00000048   Code   RO          679    i.Standard_SetInterface  usb_core.o
    0x08001790   0x000000bc   Code   RO          482    i.Suspend           usb_pwr.o
    0x0800184c   0x00000002   Code   RO          538    i.SysTick_Handler   stm32_it.o
    0x0800184e   0x00000002   PAD
    0x08001850   0x00000070   Code   RO          619    i.SystemInit        system_stm32f30x.o
    0x080018c0   0x00000034   Code   RO          539    i.USART1_IRQHandler  stm32_it.o
    0x080018f4   0x00000014   Code   RO         4430    i.USART_Cmd         stm32f30x_usart.o
    0x08001908   0x00000084   Code   RO           10    i.USART_Config      hw_config.o
    0x0800198c   0x00000040   Code   RO           11    i.USART_Config_Default  hw_config.o
    0x080019cc   0x0000000e   Code   RO         4438    i.USART_GetFlagStatus  stm32f30x_usart.o
    0x080019da   0x0000003a   Code   RO         4439    i.USART_GetITStatus  stm32f30x_usart.o
    0x08001a14   0x00000028   Code   RO         4441    i.USART_ITConfig    stm32f30x_usart.o
    0x08001a3c   0x000000c0   Code   RO         4442    i.USART_Init        stm32f30x_usart.o
    0x08001afc   0x00000008   Code   RO         4454    i.USART_ReceiveData  stm32f30x_usart.o
    0x08001b04   0x00000008   Code   RO         4459    i.USART_SendData    stm32f30x_usart.o
    0x08001b0c   0x0000004c   Code   RO           12    i.USART_To_USB_Send_Data  hw_config.o
    0x08001b58   0x00000006   Code   RO          540    i.USBWakeUp_IRQHandler  stm32_it.o
    0x08001b5e   0x00000002   PAD
    0x08001b60   0x00000018   Code   RO           13    i.USB_Cable_Config  hw_config.o
    0x08001b78   0x00000028   Code   RO          788    i.USB_Init          usb_init.o
    0x08001ba0   0x0000004a   Code   RO           14    i.USB_Interrupts_Config  hw_config.o
    0x08001bea   0x00000002   PAD
    0x08001bec   0x00000144   Code   RO          339    i.USB_Istr          usb_istr.o
    0x08001d30   0x00000004   Code   RO          541    i.USB_LP_CAN1_RX0_IRQHandler  stm32_it.o
    0x08001d34   0x00000020   Code   RO         1254    i.USB_SIL_Init      usb_sil.o
    0x08001d54   0x00000024   Code   RO         1255    i.USB_SIL_Read      usb_sil.o
    0x08001d78   0x00000030   Code   RO           15    i.USB_To_USART_Send_Data  hw_config.o
    0x08001da8   0x00000002   Code   RO          542    i.UsageFault_Handler  stm32_it.o
    0x08001daa   0x00000002   PAD
    0x08001dac   0x00000028   Code   RO          861    i.UserToPMABufferCopy  usb_mem.o
    0x08001dd4   0x00000058   Code   RO          367    i.Virtual_Com_Port_Data_Setup  usb_prop.o
    0x08001e2c   0x0000000c   Code   RO          368    i.Virtual_Com_Port_GetConfigDescriptor  usb_prop.o
    0x08001e38   0x0000000c   Code   RO          369    i.Virtual_Com_Port_GetDeviceDescriptor  usb_prop.o
    0x08001e44   0x0000001c   Code   RO          370    i.Virtual_Com_Port_GetLineCoding  usb_prop.o
    0x08001e60   0x00000020   Code   RO          371    i.Virtual_Com_Port_GetStringDescriptor  usb_prop.o
    0x08001e80   0x0000000e   Code   RO          372    i.Virtual_Com_Port_Get_Interface_Setting  usb_prop.o
    0x08001e8e   0x00000002   PAD
    0x08001e90   0x00000024   Code   RO          373    i.Virtual_Com_Port_NoData_Setup  usb_prop.o
    0x08001eb4   0x000000e0   Code   RO          374    i.Virtual_Com_Port_Reset  usb_prop.o
    0x08001f94   0x00000018   Code   RO          375    i.Virtual_Com_Port_SetConfiguration  usb_prop.o
    0x08001fac   0x0000000c   Code   RO          376    i.Virtual_Com_Port_SetDeviceAddress  usb_prop.o
    0x08001fb8   0x0000001c   Code   RO          377    i.Virtual_Com_Port_SetLineCoding  usb_prop.o
    0x08001fd4   0x00000018   Code   RO          378    i.Virtual_Com_Port_Status_In  usb_prop.o
    0x08001fec   0x00000002   Code   RO          379    i.Virtual_Com_Port_Status_Out  usb_prop.o
    0x08001fee   0x00000002   PAD
    0x08001ff0   0x00000028   Code   RO          380    i.Virtual_Com_Port_init  usb_prop.o
    0x08002018   0x0000000e   Code   RO         4858    i.__scatterload_copy  mc_w.l(handlers.o)
    0x08002026   0x00000002   Code   RO         4859    i.__scatterload_null  mc_w.l(handlers.o)
    0x08002028   0x0000000e   Code   RO         4860    i.__scatterload_zeroinit  mc_w.l(handlers.o)
    0x08002036   0x00000012   Code   RO          254    i.main              main.o
    0x08002048   0x00000012   Data   RO          274    .constdata          usb_desc.o
    0x0800205a   0x00000043   Data   RO          275    .constdata          usb_desc.o
    0x0800209d   0x00000004   Data   RO          276    .constdata          usb_desc.o
    0x080020a1   0x00000026   Data   RO          277    .constdata          usb_desc.o
    0x080020c7   0x00000032   Data   RO          278    .constdata          usb_desc.o
    0x080020f9   0x00000003   PAD
    0x080020fc   0x00000074   Data   RO         4746    .constdata          stm32303c_eval.o
    0x08002170   0x00000020   Data   RO         4856    Region$$Table       anon$$obj.o


    Execution Region RW_IRAM1 (Base: 0x20000000, Size: 0x00000e30, Max: 0x00008000, ABSOLUTE, COMPRESSED[0x000000ac])

    Base Addr    Size         Type   Attr      Idx    E Section Name        Object

    0x20000000   0x00000018   Data   RW           17    .data               hw_config.o
    0x20000018   0x0000001a   Data   RW          279    .data               usb_desc.o
    0x20000032   0x00000002   PAD
    0x20000034   0x00000004   Data   RW          303    .data               usb_endp.o
    0x20000038   0x0000000c   Data   RW          340    .data               usb_istr.o
    0x20000044   0x0000001c   Data   RW          341    .data               usb_istr.o
    0x20000060   0x0000001c   Data   RW          342    .data               usb_istr.o
    0x2000007c   0x0000006c   Data   RW          381    .data               usb_prop.o
    0x200000e8   0x00000002   Data   RW          382    .data               usb_prop.o
    0x200000ea   0x00000002   PAD
    0x200000ec   0x00000024   Data   RW          383    .data               usb_prop.o
    0x20000110   0x00000004   Data   RW          484    .data               usb_pwr.o
    0x20000114   0x00000001   Data   RW          485    .data               usb_pwr.o
    0x20000115   0x00000003   PAD
    0x20000118   0x00000008   Data   RW          486    .data               usb_pwr.o
    0x20000120   0x00000004   Data   RW          680    .data               usb_core.o
    0x20000124   0x00000001   Data   RW          790    .data               usb_init.o
    0x20000125   0x00000003   PAD
    0x20000128   0x0000000c   Data   RW          791    .data               usb_init.o
    0x20000134   0x00000002   Data   RW          793    .data               usb_init.o
    0x20000136   0x00000004   Data   RW          824    .data               usb_int.o
    0x2000013a   0x0000002a   Data   RW         2899    .data               stm32f30x_rcc.o
    0x20000164   0x00000034   Data   RW         4747    .data               stm32303c_eval.o
    0x20000198   0x00000818   Zero   RW           16    .bss                hw_config.o
    0x200009b0   0x00000040   Zero   RW          302    .bss                usb_endp.o
    0x200009f0   0x00000020   Zero   RW          483    .bss                usb_pwr.o
    0x20000a10   0x0000001c   Zero   RW          789    .bss                usb_init.o
    0x20000a2c   0x00000004   PAD
    0x20000a30   0x00000400   Zero   RW          652    STACK               startup_stm32f30x.o


==============================================================================

Image component sizes


      Code (inc. data)   RO Data    RW Data    ZI Data      Debug   Object Name

       842         84          0         24       2072     248412   hw_config.o
        18          0          0          0          0        483   main.o
        36          8        392          0       1024        952   startup_stm32f30x.o
       188         10        116         52          0       2543   stm32303c_eval.o
        80         10          0          0          0       5742   stm32_it.o
       248         10          0          0          0       1789   stm32f30x_exti.o
       160          0          0          0          0       3091   stm32f30x_gpio.o
       120         20          0          0          0       1799   stm32f30x_misc.o
       676         40          0         42          0       5737   stm32f30x_rcc.o
       340         16          0          0          0       5725   stm32f30x_usart.o
       260         30          0          0          0       1589   system_stm32f30x.o
      2146        276          0          4          0      15799   usb_core.o
         0          0        177         26          0       1071   usb_desc.o
       172         32          0          4         64       2568   usb_endp.o
        40         18          0         15         28       4314   usb_init.o
       336         26          0          4          0       1804   usb_int.o
       324         22          0         68          0       1659   usb_istr.o
        72         12          0          0          0       1820   usb_mem.o
       576        104          0        146          0      11777   usb_prop.o
       412         44          0         13         32       3856   usb_pwr.o
       558        108          0          0          0      10621   usb_regs.o
        68          8          0          0          0       1658   usb_sil.o

    ----------------------------------------------------------------------
      7694        878        720        408       3224     334809   Object Totals
         0          0         32          0          0          0   (incl. Generated)
        22          0          3         10          4          0   (incl. Padding)

    ----------------------------------------------------------------------

      Code (inc. data)   RO Data    RW Data    ZI Data      Debug   Library Member Name

        92          0          0          0          0          0   __dczerorl2.o
         0          0          0          0          0          0   entry.o
         0          0          0          0          0          0   entry10a.o
         0          0          0          0          0          0   entry11a.o
         8          4          0          0          0          0   entry2.o
         4          0          0          0          0          0   entry5.o
         0          0          0          0          0          0   entry7b.o
         0          0          0          0          0          0   entry8b.o
         8          4          0          0          0          0   entry9a.o
        30          0          0          0          0          0   handlers.o
        36          8          0          0          0         68   init.o

    ----------------------------------------------------------------------
       178         16          0          0          0         68   Library Totals
         0          0          0          0          0          0   (incl. Padding)

    ----------------------------------------------------------------------

      Code (inc. data)   RO Data    RW Data    ZI Data      Debug   Library Name

       178         16          0          0          0         68   mc_w.l

    ----------------------------------------------------------------------
       178         16          0          0          0         68   Library Totals

    ----------------------------------------------------------------------

==============================================================================


      Code (inc. data)   RO Data    RW Data    ZI Data      Debug   

      7872        894        720        408       3224     324377   Grand Totals
      7872        894        720        172       3224     324377   ELF Image Totals (compressed)
      7872        894        720        172          0          0   ROM Totals

==============================================================================

    Total RO  Size (Code + RO Data)                 8592 (   8.39kB)
    Total RW  Size (RW Data + ZI Data)              3632 (   3.55kB)
    Total ROM Size (Code + RO Data + RW Data)       8764 (   8.56kB)

==============================================================================

