<html>
<body>
<pre>
<h1>µVision Build Log</h1>
<h2>Project:</h2>
C:\Users\roboter\Desktop\skyDrive\hardware\ST Discovery\MY\VirtualComPort\Projects\ReadingAndSending\MDK-ARM\VirtualCOMPort.uvproj
Project File Date:  10/25/2013

<h2>Output:</h2>
Rebuild target 'STM32303C_EVAL'
compiling hw_config.c...
compiling main.c...
compiling usb_desc.c...
compiling usb_endp.c...
compiling usb_istr.c...
compiling usb_prop.c...
compiling usb_pwr.c...
compiling stm32_it.c...
compiling system_stm32f30x.c...
assembling startup_stm32f30x.s...
compiling usb_core.c...
compiling usb_init.c...
compiling usb_int.c...
compiling usb_mem.c...
compiling usb_regs.c...
compiling usb_sil.c...
compiling stm32f30x_adc.c...
compiling stm32f30x_can.c...
compiling stm32f30x_crc.c...
compiling stm32f30x_dac.c...
compiling stm32f30x_dma.c...
compiling stm32f30x_exti.c...
compiling stm32f30x_flash.c...
compiling stm32f30x_gpio.c...
compiling stm32f30x_i2c.c...
compiling stm32f30x_misc.c...
compiling stm32f30x_pwr.c...
compiling stm32f30x_rcc.c...
compiling stm32f30x_rtc.c...
compiling stm32f30x_spi.c...
compiling stm32f30x_syscfg.c...
compiling stm32f30x_tim.c...
compiling stm32f30x_usart.c...
compiling stm32303c_eval.c...
linking...
Program Size: Code=11680 RO-data=720 RW-data=408 ZI-data=3256  
".\STM32303C_EVAL\STM32303C_EVAL.axf" - 0 Error(s), 0 Warning(s).
Load "C:\\Users\\roboter\\Desktop\\skyDrive\\hardware\\ST Discovery\\MY\\VirtualComPort\\Projects\\ReadingAndSending\\MDK-ARM\\STM32303C_EVAL\\STM32303C_EVAL.axf" 
Erase Done.
Programming Done.
Verify OK.
